[0.510s] Invoking command in '/home/adi/RosProjects/src/my_py_pkg': CMAKE_PREFIX_PATH=/home/adi/RosProjects/install/my_robot_interfaces:/home/adi/RosProjects/install/my_robot_bringup:/home/adi/install/my_robot_bringup:/home/adi/install/my_robot_interfaces:/home/adi/install/my_cpp_pkg PYTHONPATH=/home/adi/RosProjects/build/my_py_pkg/prefix_override:/usr/lib/python3/dist-packages/colcon_core/task/python/colcon_distutils_commands:/home/adi/RosProjects/install/my_py_pkg/lib/python3.10/site-packages:${PYTHONPATH} /usr/bin/python3 -W ignore:setup.py install is deprecated -W ignore:easy_install command is deprecated setup.py egg_info --egg-base ../../build/my_py_pkg build --build-base /home/adi/RosProjects/build/my_py_pkg/build install --record /home/adi/RosProjects/build/my_py_pkg/install.log --single-version-externally-managed install_data
[0.707s] running egg_info
[0.707s] creating ../../build/my_py_pkg/my_py_pkg.egg-info
[0.707s] writing ../../build/my_py_pkg/my_py_pkg.egg-info/PKG-INFO
[0.707s] writing dependency_links to ../../build/my_py_pkg/my_py_pkg.egg-info/dependency_links.txt
[0.707s] writing entry points to ../../build/my_py_pkg/my_py_pkg.egg-info/entry_points.txt
[0.707s] writing requirements to ../../build/my_py_pkg/my_py_pkg.egg-info/requires.txt
[0.708s] writing top-level names to ../../build/my_py_pkg/my_py_pkg.egg-info/top_level.txt
[0.708s] writing manifest file '../../build/my_py_pkg/my_py_pkg.egg-info/SOURCES.txt'
[0.709s] reading manifest file '../../build/my_py_pkg/my_py_pkg.egg-info/SOURCES.txt'
[0.710s] writing manifest file '../../build/my_py_pkg/my_py_pkg.egg-info/SOURCES.txt'
[0.710s] running build
[0.710s] running build_py
[0.711s] creating /home/adi/RosProjects/build/my_py_pkg/build
[0.711s] creating /home/adi/RosProjects/build/my_py_pkg/build/lib
[0.711s] creating /home/adi/RosProjects/build/my_py_pkg/build/lib/my_py_pkg
[0.711s] copying my_py_pkg/add_two_ints_server.py -> /home/adi/RosProjects/build/my_py_pkg/build/lib/my_py_pkg
[0.712s] copying my_py_pkg/battery_charge_status.py -> /home/adi/RosProjects/build/my_py_pkg/build/lib/my_py_pkg
[0.712s] copying my_py_pkg/smartphone.py -> /home/adi/RosProjects/build/my_py_pkg/build/lib/my_py_pkg
[0.712s] copying my_py_pkg/__init__.py -> /home/adi/RosProjects/build/my_py_pkg/build/lib/my_py_pkg
[0.712s] copying my_py_pkg/my_first_node.py -> /home/adi/RosProjects/build/my_py_pkg/build/lib/my_py_pkg
[0.712s] copying my_py_pkg/led_panel_node.py -> /home/adi/RosProjects/build/my_py_pkg/build/lib/my_py_pkg
[0.712s] copying my_py_pkg/hardware_status_publisher.py -> /home/adi/RosProjects/build/my_py_pkg/build/lib/my_py_pkg
[0.712s] copying my_py_pkg/robot_news_station.py -> /home/adi/RosProjects/build/my_py_pkg/build/lib/my_py_pkg
[0.712s] copying my_py_pkg/PredatorTurtle.py -> /home/adi/RosProjects/build/my_py_pkg/build/lib/my_py_pkg
[0.713s] copying my_py_pkg/number_counter.py -> /home/adi/RosProjects/build/my_py_pkg/build/lib/my_py_pkg
[0.713s] copying my_py_pkg/add_two_ints_client_no_oop.py -> /home/adi/RosProjects/build/my_py_pkg/build/lib/my_py_pkg
[0.713s] copying my_py_pkg/battery_monitor.py -> /home/adi/RosProjects/build/my_py_pkg/build/lib/my_py_pkg
[0.716s] copying my_py_pkg/number_publisher.py -> /home/adi/RosProjects/build/my_py_pkg/build/lib/my_py_pkg
[0.716s] copying my_py_pkg/PreyTurtle.py -> /home/adi/RosProjects/build/my_py_pkg/build/lib/my_py_pkg
[0.716s] copying my_py_pkg/add_two_ints_client.py -> /home/adi/RosProjects/build/my_py_pkg/build/lib/my_py_pkg
[0.718s] copying my_py_pkg/template_python_node.py -> /home/adi/RosProjects/build/my_py_pkg/build/lib/my_py_pkg
[0.718s] copying my_py_pkg/reset_counter.py -> /home/adi/RosProjects/build/my_py_pkg/build/lib/my_py_pkg
[0.719s] running install
[0.720s] running install_lib
[0.721s] creating /home/adi/RosProjects/install/my_py_pkg/lib/python3.10/site-packages/my_py_pkg
[0.721s] copying /home/adi/RosProjects/build/my_py_pkg/build/lib/my_py_pkg/add_two_ints_server.py -> /home/adi/RosProjects/install/my_py_pkg/lib/python3.10/site-packages/my_py_pkg
[0.721s] copying /home/adi/RosProjects/build/my_py_pkg/build/lib/my_py_pkg/battery_charge_status.py -> /home/adi/RosProjects/install/my_py_pkg/lib/python3.10/site-packages/my_py_pkg
[0.721s] copying /home/adi/RosProjects/build/my_py_pkg/build/lib/my_py_pkg/smartphone.py -> /home/adi/RosProjects/install/my_py_pkg/lib/python3.10/site-packages/my_py_pkg
[0.721s] copying /home/adi/RosProjects/build/my_py_pkg/build/lib/my_py_pkg/__init__.py -> /home/adi/RosProjects/install/my_py_pkg/lib/python3.10/site-packages/my_py_pkg
[0.721s] copying /home/adi/RosProjects/build/my_py_pkg/build/lib/my_py_pkg/my_first_node.py -> /home/adi/RosProjects/install/my_py_pkg/lib/python3.10/site-packages/my_py_pkg
[0.721s] copying /home/adi/RosProjects/build/my_py_pkg/build/lib/my_py_pkg/led_panel_node.py -> /home/adi/RosProjects/install/my_py_pkg/lib/python3.10/site-packages/my_py_pkg
[0.721s] copying /home/adi/RosProjects/build/my_py_pkg/build/lib/my_py_pkg/hardware_status_publisher.py -> /home/adi/RosProjects/install/my_py_pkg/lib/python3.10/site-packages/my_py_pkg
[0.722s] copying /home/adi/RosProjects/build/my_py_pkg/build/lib/my_py_pkg/robot_news_station.py -> /home/adi/RosProjects/install/my_py_pkg/lib/python3.10/site-packages/my_py_pkg
[0.722s] copying /home/adi/RosProjects/build/my_py_pkg/build/lib/my_py_pkg/PredatorTurtle.py -> /home/adi/RosProjects/install/my_py_pkg/lib/python3.10/site-packages/my_py_pkg
[0.722s] copying /home/adi/RosProjects/build/my_py_pkg/build/lib/my_py_pkg/number_counter.py -> /home/adi/RosProjects/install/my_py_pkg/lib/python3.10/site-packages/my_py_pkg
[0.722s] copying /home/adi/RosProjects/build/my_py_pkg/build/lib/my_py_pkg/add_two_ints_client_no_oop.py -> /home/adi/RosProjects/install/my_py_pkg/lib/python3.10/site-packages/my_py_pkg
[0.722s] copying /home/adi/RosProjects/build/my_py_pkg/build/lib/my_py_pkg/battery_monitor.py -> /home/adi/RosProjects/install/my_py_pkg/lib/python3.10/site-packages/my_py_pkg
[0.722s] copying /home/adi/RosProjects/build/my_py_pkg/build/lib/my_py_pkg/number_publisher.py -> /home/adi/RosProjects/install/my_py_pkg/lib/python3.10/site-packages/my_py_pkg
[0.722s] copying /home/adi/RosProjects/build/my_py_pkg/build/lib/my_py_pkg/PreyTurtle.py -> /home/adi/RosProjects/install/my_py_pkg/lib/python3.10/site-packages/my_py_pkg
[0.722s] copying /home/adi/RosProjects/build/my_py_pkg/build/lib/my_py_pkg/add_two_ints_client.py -> /home/adi/RosProjects/install/my_py_pkg/lib/python3.10/site-packages/my_py_pkg
[0.723s] copying /home/adi/RosProjects/build/my_py_pkg/build/lib/my_py_pkg/template_python_node.py -> /home/adi/RosProjects/install/my_py_pkg/lib/python3.10/site-packages/my_py_pkg
[0.723s] copying /home/adi/RosProjects/build/my_py_pkg/build/lib/my_py_pkg/reset_counter.py -> /home/adi/RosProjects/install/my_py_pkg/lib/python3.10/site-packages/my_py_pkg
[0.723s] byte-compiling /home/adi/RosProjects/install/my_py_pkg/lib/python3.10/site-packages/my_py_pkg/add_two_ints_server.py to add_two_ints_server.cpython-310.pyc
[0.724s] byte-compiling /home/adi/RosProjects/install/my_py_pkg/lib/python3.10/site-packages/my_py_pkg/battery_charge_status.py to battery_charge_status.cpython-310.pyc
[0.724s] byte-compiling /home/adi/RosProjects/install/my_py_pkg/lib/python3.10/site-packages/my_py_pkg/smartphone.py to smartphone.cpython-310.pyc
[0.724s] byte-compiling /home/adi/RosProjects/install/my_py_pkg/lib/python3.10/site-packages/my_py_pkg/__init__.py to __init__.cpython-310.pyc
[0.725s] byte-compiling /home/adi/RosProjects/install/my_py_pkg/lib/python3.10/site-packages/my_py_pkg/my_first_node.py to my_first_node.cpython-310.pyc
[0.725s] byte-compiling /home/adi/RosProjects/install/my_py_pkg/lib/python3.10/site-packages/my_py_pkg/led_panel_node.py to led_panel_node.cpython-310.pyc
[0.726s] byte-compiling /home/adi/RosProjects/install/my_py_pkg/lib/python3.10/site-packages/my_py_pkg/hardware_status_publisher.py to hardware_status_publisher.cpython-310.pyc
[0.726s] byte-compiling /home/adi/RosProjects/install/my_py_pkg/lib/python3.10/site-packages/my_py_pkg/robot_news_station.py to robot_news_station.cpython-310.pyc
[0.726s] byte-compiling /home/adi/RosProjects/install/my_py_pkg/lib/python3.10/site-packages/my_py_pkg/PredatorTurtle.py to PredatorTurtle.cpython-310.pyc
[0.727s] byte-compiling /home/adi/RosProjects/install/my_py_pkg/lib/python3.10/site-packages/my_py_pkg/number_counter.py to number_counter.cpython-310.pyc
[0.728s] byte-compiling /home/adi/RosProjects/install/my_py_pkg/lib/python3.10/site-packages/my_py_pkg/add_two_ints_client_no_oop.py to add_two_ints_client_no_oop.cpython-310.pyc
[0.728s] byte-compiling /home/adi/RosProjects/install/my_py_pkg/lib/python3.10/site-packages/my_py_pkg/battery_monitor.py to battery_monitor.cpython-310.pyc
[0.728s] byte-compiling /home/adi/RosProjects/install/my_py_pkg/lib/python3.10/site-packages/my_py_pkg/number_publisher.py to number_publisher.cpython-310.pyc
[0.729s] byte-compiling /home/adi/RosProjects/install/my_py_pkg/lib/python3.10/site-packages/my_py_pkg/PreyTurtle.py to PreyTurtle.cpython-310.pyc
[0.729s] byte-compiling /home/adi/RosProjects/install/my_py_pkg/lib/python3.10/site-packages/my_py_pkg/add_two_ints_client.py to add_two_ints_client.cpython-310.pyc
[0.730s] byte-compiling /home/adi/RosProjects/install/my_py_pkg/lib/python3.10/site-packages/my_py_pkg/template_python_node.py to template_python_node.cpython-310.pyc
[0.730s] byte-compiling /home/adi/RosProjects/install/my_py_pkg/lib/python3.10/site-packages/my_py_pkg/reset_counter.py to reset_counter.cpython-310.pyc
[0.730s] running install_data
[0.731s] creating /home/adi/RosProjects/install/my_py_pkg/share/ament_index
[0.731s] creating /home/adi/RosProjects/install/my_py_pkg/share/ament_index/resource_index
[0.731s] creating /home/adi/RosProjects/install/my_py_pkg/share/ament_index/resource_index/packages
[0.731s] copying resource/my_py_pkg -> /home/adi/RosProjects/install/my_py_pkg/share/ament_index/resource_index/packages
[0.731s] copying package.xml -> /home/adi/RosProjects/install/my_py_pkg/share/my_py_pkg
[0.731s] running install_egg_info
[0.733s] Copying ../../build/my_py_pkg/my_py_pkg.egg-info to /home/adi/RosProjects/install/my_py_pkg/lib/python3.10/site-packages/my_py_pkg-0.0.0-py3.10.egg-info
[0.734s] running install_scripts
[0.754s] Installing PredatorTurtle script to /home/adi/RosProjects/install/my_py_pkg/lib/my_py_pkg
[0.754s] Installing PreyTurtle script to /home/adi/RosProjects/install/my_py_pkg/lib/my_py_pkg
[0.754s] Installing add_two_ints_client script to /home/adi/RosProjects/install/my_py_pkg/lib/my_py_pkg
[0.754s] Installing add_two_ints_client_no_oop script to /home/adi/RosProjects/install/my_py_pkg/lib/my_py_pkg
[0.754s] Installing add_two_ints_server script to /home/adi/RosProjects/install/my_py_pkg/lib/my_py_pkg
[0.755s] Installing battery_charge_status script to /home/adi/RosProjects/install/my_py_pkg/lib/my_py_pkg
[0.755s] Installing battery_monitor script to /home/adi/RosProjects/install/my_py_pkg/lib/my_py_pkg
[0.755s] Installing hardware_status_publisher script to /home/adi/RosProjects/install/my_py_pkg/lib/my_py_pkg
[0.755s] Installing led_panel_node script to /home/adi/RosProjects/install/my_py_pkg/lib/my_py_pkg
[0.755s] Installing number_counter script to /home/adi/RosProjects/install/my_py_pkg/lib/my_py_pkg
[0.755s] Installing number_publisher script to /home/adi/RosProjects/install/my_py_pkg/lib/my_py_pkg
[0.755s] Installing py_node script to /home/adi/RosProjects/install/my_py_pkg/lib/my_py_pkg
[0.755s] Installing robot_news_station script to /home/adi/RosProjects/install/my_py_pkg/lib/my_py_pkg
[0.755s] Installing smartphone script to /home/adi/RosProjects/install/my_py_pkg/lib/my_py_pkg
[0.756s] writing list of installed files to '/home/adi/RosProjects/build/my_py_pkg/install.log'
[0.780s] Invoked command in '/home/adi/RosProjects/src/my_py_pkg' returned '0': CMAKE_PREFIX_PATH=/home/adi/RosProjects/install/my_robot_interfaces:/home/adi/RosProjects/install/my_robot_bringup:/home/adi/install/my_robot_bringup:/home/adi/install/my_robot_interfaces:/home/adi/install/my_cpp_pkg PYTHONPATH=/home/adi/RosProjects/build/my_py_pkg/prefix_override:/usr/lib/python3/dist-packages/colcon_core/task/python/colcon_distutils_commands:/home/adi/RosProjects/install/my_py_pkg/lib/python3.10/site-packages:${PYTHONPATH} /usr/bin/python3 -W ignore:setup.py install is deprecated -W ignore:easy_install command is deprecated setup.py egg_info --egg-base ../../build/my_py_pkg build --build-base /home/adi/RosProjects/build/my_py_pkg/build install --record /home/adi/RosProjects/build/my_py_pkg/install.log --single-version-externally-managed install_data
