[0.012s] Invoking command in '/home/adi/RosProjects/build/my_robot_interfaces': CMAKE_PREFIX_PATH=${CMAKE_PREFIX_PATH}:/home/adi/RosProjects/install/my_py_pkg:/opt/ros/jazzy DEBUGINFOD_URLS=https://debuginfod.ubuntu.com /usr/bin/cmake --build /home/adi/RosProjects/build/my_robot_interfaces -- -j4 -l4
[0.098s] [  1%] Built target my_robot_interfaces__rosidl_generator_type_description
[0.150s] [  1%] Built target ament_cmake_python_copy_my_robot_interfaces
[0.203s] [ 25%] Built target my_robot_interfaces__rosidl_generator_c
[0.497s] running egg_info
[0.531s] writing my_robot_interfaces.egg-info/PKG-INFO
[0.531s] writing dependency_links to my_robot_interfaces.egg-info/dependency_links.txt
[0.531s] writing top-level names to my_robot_interfaces.egg-info/top_level.txt
[0.618s] reading manifest file 'my_robot_interfaces.egg-info/SOURCES.txt'
[0.619s] writing manifest file 'my_robot_interfaces.egg-info/SOURCES.txt'
[0.651s] [ 25%] Built target ament_cmake_python_build_my_robot_interfaces_egg
[0.684s] [ 34%] Built target my_robot_interfaces__rosidl_typesupport_introspection_c
[0.713s] [ 44%] Built target my_robot_interfaces__rosidl_typesupport_c
[0.755s] [ 53%] Built target my_robot_interfaces__rosidl_typesupport_fastrtps_c
[0.787s] [ 54%] Built target my_robot_interfaces__cpp
[0.845s] [ 64%] Built target my_robot_interfaces__rosidl_typesupport_cpp
[0.870s] [ 73%] Built target my_robot_interfaces__rosidl_typesupport_introspection_cpp
[0.909s] [ 83%] Built target my_robot_interfaces__rosidl_typesupport_fastrtps_cpp
[0.937s] [ 83%] Built target my_robot_interfaces
[0.975s] [ 84%] Built target my_robot_interfaces__py
[1.012s] [ 92%] Built target my_robot_interfaces__rosidl_generator_py
[1.046s] [ 95%] Built target my_robot_interfaces_s__rosidl_typesupport_fastrtps_c
[1.071s] [ 97%] Built target my_robot_interfaces_s__rosidl_typesupport_c
[1.095s] [100%] Built target my_robot_interfaces_s__rosidl_typesupport_introspection_c
[1.113s] Invoked command in '/home/adi/RosProjects/build/my_robot_interfaces' returned '0': CMAKE_PREFIX_PATH=${CMAKE_PREFIX_PATH}:/home/adi/RosProjects/install/my_py_pkg:/opt/ros/jazzy DEBUGINFOD_URLS=https://debuginfod.ubuntu.com /usr/bin/cmake --build /home/adi/RosProjects/build/my_robot_interfaces -- -j4 -l4
[1.113s] Invoking command in '/home/adi/RosProjects/build/my_robot_interfaces': CMAKE_PREFIX_PATH=${CMAKE_PREFIX_PATH}:/home/adi/RosProjects/install/my_py_pkg:/opt/ros/jazzy DEBUGINFOD_URLS=https://debuginfod.ubuntu.com /usr/bin/cmake --install /home/adi/RosProjects/build/my_robot_interfaces
[1.131s] -- Install configuration: ""
[1.131s] -- Up-to-date: /home/adi/RosProjects/install/my_robot_interfaces/share/ament_index/resource_index/rosidl_interfaces/my_robot_interfaces
[1.131s] -- Up-to-date: /home/adi/RosProjects/install/my_robot_interfaces/share/my_robot_interfaces/msg/HardwareStatus.json
[1.131s] -- Up-to-date: /home/adi/RosProjects/install/my_robot_interfaces/share/my_robot_interfaces/srv/ComputeRectangleArea.json
[1.132s] -- Up-to-date: /home/adi/RosProjects/install/my_robot_interfaces/share/my_robot_interfaces/msg/BatteryStatus.json
[1.132s] -- Up-to-date: /home/adi/RosProjects/install/my_robot_interfaces/share/my_robot_interfaces/srv/SetLedStatus.json
[1.134s] -- Up-to-date: /home/adi/RosProjects/install/my_robot_interfaces/share/my_robot_interfaces/action/PredatorMovement.json
[1.135s] -- Up-to-date: /home/adi/RosProjects/install/my_robot_interfaces/share/my_robot_interfaces/srv/SpawnTurtle.json
[1.136s] -- Up-to-date: /home/adi/RosProjects/install/my_robot_interfaces/include/my_robot_interfaces/my_robot_interfaces
[1.136s] -- Up-to-date: /home/adi/RosProjects/install/my_robot_interfaces/include/my_robot_interfaces/my_robot_interfaces/action
[1.136s] -- Up-to-date: /home/adi/RosProjects/install/my_robot_interfaces/include/my_robot_interfaces/my_robot_interfaces/action/detail
[1.136s] -- Up-to-date: /home/adi/RosProjects/install/my_robot_interfaces/include/my_robot_interfaces/my_robot_interfaces/action/detail/predator_movement__functions.c
[1.136s] -- Up-to-date: /home/adi/RosProjects/install/my_robot_interfaces/include/my_robot_interfaces/my_robot_interfaces/action/detail/predator_movement__functions.h
[1.136s] -- Up-to-date: /home/adi/RosProjects/install/my_robot_interfaces/include/my_robot_interfaces/my_robot_interfaces/action/detail/predator_movement__struct.h
[1.136s] -- Up-to-date: /home/adi/RosProjects/install/my_robot_interfaces/include/my_robot_interfaces/my_robot_interfaces/action/detail/predator_movement__type_support.h
[1.137s] -- Up-to-date: /home/adi/RosProjects/install/my_robot_interfaces/include/my_robot_interfaces/my_robot_interfaces/action/detail/predator_movement__description.c
[1.138s] -- Up-to-date: /home/adi/RosProjects/install/my_robot_interfaces/include/my_robot_interfaces/my_robot_interfaces/action/detail/predator_movement__type_support.c
[1.138s] -- Up-to-date: /home/adi/RosProjects/install/my_robot_interfaces/include/my_robot_interfaces/my_robot_interfaces/action/predator_movement.h
[1.138s] -- Up-to-date: /home/adi/RosProjects/install/my_robot_interfaces/include/my_robot_interfaces/my_robot_interfaces/srv
[1.138s] -- Up-to-date: /home/adi/RosProjects/install/my_robot_interfaces/include/my_robot_interfaces/my_robot_interfaces/srv/detail
[1.138s] -- Up-to-date: /home/adi/RosProjects/install/my_robot_interfaces/include/my_robot_interfaces/my_robot_interfaces/srv/detail/spawn_turtle__struct.h
[1.138s] -- Up-to-date: /home/adi/RosProjects/install/my_robot_interfaces/include/my_robot_interfaces/my_robot_interfaces/srv/detail/spawn_turtle__type_support.c
[1.138s] -- Up-to-date: /home/adi/RosProjects/install/my_robot_interfaces/include/my_robot_interfaces/my_robot_interfaces/srv/detail/spawn_turtle__type_support.h
[1.139s] -- Up-to-date: /home/adi/RosProjects/install/my_robot_interfaces/include/my_robot_interfaces/my_robot_interfaces/srv/detail/spawn_turtle__functions.c
[1.139s] -- Up-to-date: /home/adi/RosProjects/install/my_robot_interfaces/include/my_robot_interfaces/my_robot_interfaces/srv/detail/compute_rectangle_area__description.c
[1.139s] -- Up-to-date: /home/adi/RosProjects/install/my_robot_interfaces/include/my_robot_interfaces/my_robot_interfaces/srv/detail/set_led_status__description.c
[1.139s] -- Up-to-date: /home/adi/RosProjects/install/my_robot_interfaces/include/my_robot_interfaces/my_robot_interfaces/srv/detail/compute_rectangle_area__type_support.h
[1.139s] -- Up-to-date: /home/adi/RosProjects/install/my_robot_interfaces/include/my_robot_interfaces/my_robot_interfaces/srv/detail/spawn_turtle__description.c
[1.139s] -- Up-to-date: /home/adi/RosProjects/install/my_robot_interfaces/include/my_robot_interfaces/my_robot_interfaces/srv/detail/set_led_status__type_support.h
[1.139s] -- Up-to-date: /home/adi/RosProjects/install/my_robot_interfaces/include/my_robot_interfaces/my_robot_interfaces/srv/detail/set_led_status__struct.h
[1.139s] -- Up-to-date: /home/adi/RosProjects/install/my_robot_interfaces/include/my_robot_interfaces/my_robot_interfaces/srv/detail/compute_rectangle_area__type_support.c
[1.139s] -- Up-to-date: /home/adi/RosProjects/install/my_robot_interfaces/include/my_robot_interfaces/my_robot_interfaces/srv/detail/set_led_status__functions.h
[1.139s] -- Up-to-date: /home/adi/RosProjects/install/my_robot_interfaces/include/my_robot_interfaces/my_robot_interfaces/srv/detail/compute_rectangle_area__functions.c
[1.139s] -- Up-to-date: /home/adi/RosProjects/install/my_robot_interfaces/include/my_robot_interfaces/my_robot_interfaces/srv/detail/spawn_turtle__functions.h
[1.139s] -- Up-to-date: /home/adi/RosProjects/install/my_robot_interfaces/include/my_robot_interfaces/my_robot_interfaces/srv/detail/compute_rectangle_area__struct.h
[1.139s] -- Up-to-date: /home/adi/RosProjects/install/my_robot_interfaces/include/my_robot_interfaces/my_robot_interfaces/srv/detail/compute_rectangle_area__functions.h
[1.139s] -- Up-to-date: /home/adi/RosProjects/install/my_robot_interfaces/include/my_robot_interfaces/my_robot_interfaces/srv/detail/set_led_status__functions.c
[1.139s] -- Up-to-date: /home/adi/RosProjects/install/my_robot_interfaces/include/my_robot_interfaces/my_robot_interfaces/srv/detail/set_led_status__type_support.c
[1.139s] -- Up-to-date: /home/adi/RosProjects/install/my_robot_interfaces/include/my_robot_interfaces/my_robot_interfaces/srv/set_led_status.h
[1.139s] -- Up-to-date: /home/adi/RosProjects/install/my_robot_interfaces/include/my_robot_interfaces/my_robot_interfaces/srv/spawn_turtle.h
[1.140s] -- Up-to-date: /home/adi/RosProjects/install/my_robot_interfaces/include/my_robot_interfaces/my_robot_interfaces/srv/compute_rectangle_area.h
[1.140s] -- Up-to-date: /home/adi/RosProjects/install/my_robot_interfaces/include/my_robot_interfaces/my_robot_interfaces/msg
[1.140s] -- Up-to-date: /home/adi/RosProjects/install/my_robot_interfaces/include/my_robot_interfaces/my_robot_interfaces/msg/detail
[1.140s] -- Up-to-date: /home/adi/RosProjects/install/my_robot_interfaces/include/my_robot_interfaces/my_robot_interfaces/msg/detail/battery_status__struct.h
[1.140s] -- Up-to-date: /home/adi/RosProjects/install/my_robot_interfaces/include/my_robot_interfaces/my_robot_interfaces/msg/detail/battery_status__type_support.c
[1.140s] -- Up-to-date: /home/adi/RosProjects/install/my_robot_interfaces/include/my_robot_interfaces/my_robot_interfaces/msg/detail/hardware_status__description.c
[1.140s] -- Up-to-date: /home/adi/RosProjects/install/my_robot_interfaces/include/my_robot_interfaces/my_robot_interfaces/msg/detail/battery_status__description.c
[1.140s] -- Up-to-date: /home/adi/RosProjects/install/my_robot_interfaces/include/my_robot_interfaces/my_robot_interfaces/msg/detail/hardware_status__functions.h
[1.140s] -- Up-to-date: /home/adi/RosProjects/install/my_robot_interfaces/include/my_robot_interfaces/my_robot_interfaces/msg/detail/hardware_status__functions.c
[1.140s] -- Up-to-date: /home/adi/RosProjects/install/my_robot_interfaces/include/my_robot_interfaces/my_robot_interfaces/msg/detail/battery_status__functions.h
[1.140s] -- Up-to-date: /home/adi/RosProjects/install/my_robot_interfaces/include/my_robot_interfaces/my_robot_interfaces/msg/detail/hardware_status__struct.h
[1.140s] -- Up-to-date: /home/adi/RosProjects/install/my_robot_interfaces/include/my_robot_interfaces/my_robot_interfaces/msg/detail/hardware_status__type_support.c
[1.140s] -- Up-to-date: /home/adi/RosProjects/install/my_robot_interfaces/include/my_robot_interfaces/my_robot_interfaces/msg/detail/battery_status__type_support.h
[1.140s] -- Up-to-date: /home/adi/RosProjects/install/my_robot_interfaces/include/my_robot_interfaces/my_robot_interfaces/msg/detail/hardware_status__type_support.h
[1.140s] -- Up-to-date: /home/adi/RosProjects/install/my_robot_interfaces/include/my_robot_interfaces/my_robot_interfaces/msg/detail/battery_status__functions.c
[1.141s] -- Up-to-date: /home/adi/RosProjects/install/my_robot_interfaces/include/my_robot_interfaces/my_robot_interfaces/msg/battery_status.h
[1.141s] -- Up-to-date: /home/adi/RosProjects/install/my_robot_interfaces/include/my_robot_interfaces/my_robot_interfaces/msg/hardware_status.h
[1.141s] -- Up-to-date: /home/adi/RosProjects/install/my_robot_interfaces/include/my_robot_interfaces/my_robot_interfaces/msg/rosidl_generator_c__visibility_control.h
[1.142s] -- Up-to-date: /home/adi/RosProjects/install/my_robot_interfaces/share/my_robot_interfaces/environment/library_path.sh
[1.142s] -- Up-to-date: /home/adi/RosProjects/install/my_robot_interfaces/share/my_robot_interfaces/environment/library_path.dsv
[1.142s] -- Up-to-date: /home/adi/RosProjects/install/my_robot_interfaces/lib/libmy_robot_interfaces__rosidl_generator_c.so
[1.142s] -- Up-to-date: /home/adi/RosProjects/install/my_robot_interfaces/include/my_robot_interfaces/my_robot_interfaces
[1.143s] -- Up-to-date: /home/adi/RosProjects/install/my_robot_interfaces/include/my_robot_interfaces/my_robot_interfaces/action
[1.143s] -- Up-to-date: /home/adi/RosProjects/install/my_robot_interfaces/include/my_robot_interfaces/my_robot_interfaces/action/detail
[1.143s] -- Up-to-date: /home/adi/RosProjects/install/my_robot_interfaces/include/my_robot_interfaces/my_robot_interfaces/action/detail/predator_movement__rosidl_typesupport_fastrtps_c.h
[1.143s] -- Up-to-date: /home/adi/RosProjects/install/my_robot_interfaces/include/my_robot_interfaces/my_robot_interfaces/srv
[1.143s] -- Up-to-date: /home/adi/RosProjects/install/my_robot_interfaces/include/my_robot_interfaces/my_robot_interfaces/srv/detail
[1.143s] -- Up-to-date: /home/adi/RosProjects/install/my_robot_interfaces/include/my_robot_interfaces/my_robot_interfaces/srv/detail/set_led_status__rosidl_typesupport_fastrtps_c.h
[1.143s] -- Up-to-date: /home/adi/RosProjects/install/my_robot_interfaces/include/my_robot_interfaces/my_robot_interfaces/srv/detail/spawn_turtle__rosidl_typesupport_fastrtps_c.h
[1.143s] -- Up-to-date: /home/adi/RosProjects/install/my_robot_interfaces/include/my_robot_interfaces/my_robot_interfaces/srv/detail/compute_rectangle_area__rosidl_typesupport_fastrtps_c.h
[1.143s] -- Up-to-date: /home/adi/RosProjects/install/my_robot_interfaces/include/my_robot_interfaces/my_robot_interfaces/msg
[1.143s] -- Up-to-date: /home/adi/RosProjects/install/my_robot_interfaces/include/my_robot_interfaces/my_robot_interfaces/msg/detail
[1.143s] -- Up-to-date: /home/adi/RosProjects/install/my_robot_interfaces/include/my_robot_interfaces/my_robot_interfaces/msg/detail/hardware_status__rosidl_typesupport_fastrtps_c.h
[1.143s] -- Up-to-date: /home/adi/RosProjects/install/my_robot_interfaces/include/my_robot_interfaces/my_robot_interfaces/msg/detail/battery_status__rosidl_typesupport_fastrtps_c.h
[1.143s] -- Up-to-date: /home/adi/RosProjects/install/my_robot_interfaces/include/my_robot_interfaces/my_robot_interfaces/msg/rosidl_typesupport_fastrtps_c__visibility_control.h
[1.143s] -- Up-to-date: /home/adi/RosProjects/install/my_robot_interfaces/lib/libmy_robot_interfaces__rosidl_typesupport_fastrtps_c.so
[1.143s] -- Up-to-date: /home/adi/RosProjects/install/my_robot_interfaces/include/my_robot_interfaces/my_robot_interfaces
[1.143s] -- Up-to-date: /home/adi/RosProjects/install/my_robot_interfaces/include/my_robot_interfaces/my_robot_interfaces/action
[1.143s] -- Up-to-date: /home/adi/RosProjects/install/my_robot_interfaces/include/my_robot_interfaces/my_robot_interfaces/action/detail
[1.143s] -- Up-to-date: /home/adi/RosProjects/install/my_robot_interfaces/include/my_robot_interfaces/my_robot_interfaces/action/detail/predator_movement__rosidl_typesupport_introspection_c.h
[1.144s] -- Up-to-date: /home/adi/RosProjects/install/my_robot_interfaces/include/my_robot_interfaces/my_robot_interfaces/action/detail/predator_movement__type_support.c
[1.144s] -- Up-to-date: /home/adi/RosProjects/install/my_robot_interfaces/include/my_robot_interfaces/my_robot_interfaces/srv
[1.144s] -- Up-to-date: /home/adi/RosProjects/install/my_robot_interfaces/include/my_robot_interfaces/my_robot_interfaces/srv/detail
[1.144s] -- Up-to-date: /home/adi/RosProjects/install/my_robot_interfaces/include/my_robot_interfaces/my_robot_interfaces/srv/detail/spawn_turtle__type_support.c
[1.144s] -- Up-to-date: /home/adi/RosProjects/install/my_robot_interfaces/include/my_robot_interfaces/my_robot_interfaces/srv/detail/compute_rectangle_area__type_support.c
[1.144s] -- Up-to-date: /home/adi/RosProjects/install/my_robot_interfaces/include/my_robot_interfaces/my_robot_interfaces/srv/detail/compute_rectangle_area__rosidl_typesupport_introspection_c.h
[1.144s] -- Up-to-date: /home/adi/RosProjects/install/my_robot_interfaces/include/my_robot_interfaces/my_robot_interfaces/srv/detail/spawn_turtle__rosidl_typesupport_introspection_c.h
[1.144s] -- Up-to-date: /home/adi/RosProjects/install/my_robot_interfaces/include/my_robot_interfaces/my_robot_interfaces/srv/detail/set_led_status__rosidl_typesupport_introspection_c.h
[1.144s] -- Up-to-date: /home/adi/RosProjects/install/my_robot_interfaces/include/my_robot_interfaces/my_robot_interfaces/srv/detail/set_led_status__type_support.c
[1.148s] -- Up-to-date: /home/adi/RosProjects/install/my_robot_interfaces/include/my_robot_interfaces/my_robot_interfaces/msg
[1.148s] -- Up-to-date: /home/adi/RosProjects/install/my_robot_interfaces/include/my_robot_interfaces/my_robot_interfaces/msg/detail
[1.148s] -- Up-to-date: /home/adi/RosProjects/install/my_robot_interfaces/include/my_robot_interfaces/my_robot_interfaces/msg/detail/battery_status__type_support.c
[1.148s] -- Up-to-date: /home/adi/RosProjects/install/my_robot_interfaces/include/my_robot_interfaces/my_robot_interfaces/msg/detail/hardware_status__rosidl_typesupport_introspection_c.h
[1.149s] -- Up-to-date: /home/adi/RosProjects/install/my_robot_interfaces/include/my_robot_interfaces/my_robot_interfaces/msg/detail/hardware_status__type_support.c
[1.149s] -- Up-to-date: /home/adi/RosProjects/install/my_robot_interfaces/include/my_robot_interfaces/my_robot_interfaces/msg/detail/battery_status__rosidl_typesupport_introspection_c.h
[1.149s] -- Up-to-date: /home/adi/RosProjects/install/my_robot_interfaces/include/my_robot_interfaces/my_robot_interfaces/msg/rosidl_typesupport_introspection_c__visibility_control.h
[1.149s] -- Up-to-date: /home/adi/RosProjects/install/my_robot_interfaces/lib/libmy_robot_interfaces__rosidl_typesupport_introspection_c.so
[1.149s] -- Up-to-date: /home/adi/RosProjects/install/my_robot_interfaces/lib/libmy_robot_interfaces__rosidl_typesupport_c.so
[1.149s] -- Up-to-date: /home/adi/RosProjects/install/my_robot_interfaces/include/my_robot_interfaces/my_robot_interfaces
[1.149s] -- Up-to-date: /home/adi/RosProjects/install/my_robot_interfaces/include/my_robot_interfaces/my_robot_interfaces/action
[1.149s] -- Up-to-date: /home/adi/RosProjects/install/my_robot_interfaces/include/my_robot_interfaces/my_robot_interfaces/action/detail
[1.149s] -- Up-to-date: /home/adi/RosProjects/install/my_robot_interfaces/include/my_robot_interfaces/my_robot_interfaces/action/detail/predator_movement__traits.hpp
[1.149s] -- Up-to-date: /home/adi/RosProjects/install/my_robot_interfaces/include/my_robot_interfaces/my_robot_interfaces/action/detail/predator_movement__type_support.hpp
[1.149s] -- Up-to-date: /home/adi/RosProjects/install/my_robot_interfaces/include/my_robot_interfaces/my_robot_interfaces/action/detail/predator_movement__builder.hpp
[1.149s] -- Up-to-date: /home/adi/RosProjects/install/my_robot_interfaces/include/my_robot_interfaces/my_robot_interfaces/action/detail/predator_movement__struct.hpp
[1.149s] -- Up-to-date: /home/adi/RosProjects/install/my_robot_interfaces/include/my_robot_interfaces/my_robot_interfaces/action/predator_movement.hpp
[1.149s] -- Up-to-date: /home/adi/RosProjects/install/my_robot_interfaces/include/my_robot_interfaces/my_robot_interfaces/srv
[1.149s] -- Up-to-date: /home/adi/RosProjects/install/my_robot_interfaces/include/my_robot_interfaces/my_robot_interfaces/srv/spawn_turtle.hpp
[1.149s] -- Up-to-date: /home/adi/RosProjects/install/my_robot_interfaces/include/my_robot_interfaces/my_robot_interfaces/srv/compute_rectangle_area.hpp
[1.149s] -- Up-to-date: /home/adi/RosProjects/install/my_robot_interfaces/include/my_robot_interfaces/my_robot_interfaces/srv/detail
[1.149s] -- Up-to-date: /home/adi/RosProjects/install/my_robot_interfaces/include/my_robot_interfaces/my_robot_interfaces/srv/detail/compute_rectangle_area__builder.hpp
[1.150s] -- Up-to-date: /home/adi/RosProjects/install/my_robot_interfaces/include/my_robot_interfaces/my_robot_interfaces/srv/detail/spawn_turtle__struct.hpp
[1.150s] -- Up-to-date: /home/adi/RosProjects/install/my_robot_interfaces/include/my_robot_interfaces/my_robot_interfaces/srv/detail/compute_rectangle_area__traits.hpp
[1.150s] -- Up-to-date: /home/adi/RosProjects/install/my_robot_interfaces/include/my_robot_interfaces/my_robot_interfaces/srv/detail/spawn_turtle__type_support.hpp
[1.150s] -- Up-to-date: /home/adi/RosProjects/install/my_robot_interfaces/include/my_robot_interfaces/my_robot_interfaces/srv/detail/set_led_status__builder.hpp
[1.150s] -- Up-to-date: /home/adi/RosProjects/install/my_robot_interfaces/include/my_robot_interfaces/my_robot_interfaces/srv/detail/set_led_status__type_support.hpp
[1.150s] -- Up-to-date: /home/adi/RosProjects/install/my_robot_interfaces/include/my_robot_interfaces/my_robot_interfaces/srv/detail/compute_rectangle_area__struct.hpp
[1.150s] -- Up-to-date: /home/adi/RosProjects/install/my_robot_interfaces/include/my_robot_interfaces/my_robot_interfaces/srv/detail/set_led_status__struct.hpp
[1.150s] -- Up-to-date: /home/adi/RosProjects/install/my_robot_interfaces/include/my_robot_interfaces/my_robot_interfaces/srv/detail/spawn_turtle__traits.hpp
[1.150s] -- Up-to-date: /home/adi/RosProjects/install/my_robot_interfaces/include/my_robot_interfaces/my_robot_interfaces/srv/detail/set_led_status__traits.hpp
[1.150s] -- Up-to-date: /home/adi/RosProjects/install/my_robot_interfaces/include/my_robot_interfaces/my_robot_interfaces/srv/detail/spawn_turtle__builder.hpp
[1.150s] -- Up-to-date: /home/adi/RosProjects/install/my_robot_interfaces/include/my_robot_interfaces/my_robot_interfaces/srv/detail/compute_rectangle_area__type_support.hpp
[1.150s] -- Up-to-date: /home/adi/RosProjects/install/my_robot_interfaces/include/my_robot_interfaces/my_robot_interfaces/srv/set_led_status.hpp
[1.150s] -- Up-to-date: /home/adi/RosProjects/install/my_robot_interfaces/include/my_robot_interfaces/my_robot_interfaces/msg
[1.150s] -- Up-to-date: /home/adi/RosProjects/install/my_robot_interfaces/include/my_robot_interfaces/my_robot_interfaces/msg/hardware_status.hpp
[1.150s] -- Up-to-date: /home/adi/RosProjects/install/my_robot_interfaces/include/my_robot_interfaces/my_robot_interfaces/msg/detail
[1.150s] -- Up-to-date: /home/adi/RosProjects/install/my_robot_interfaces/include/my_robot_interfaces/my_robot_interfaces/msg/detail/hardware_status__struct.hpp
[1.150s] -- Up-to-date: /home/adi/RosProjects/install/my_robot_interfaces/include/my_robot_interfaces/my_robot_interfaces/msg/detail/hardware_status__type_support.hpp
[1.151s] -- Up-to-date: /home/adi/RosProjects/install/my_robot_interfaces/include/my_robot_interfaces/my_robot_interfaces/msg/detail/hardware_status__traits.hpp
[1.151s] -- Up-to-date: /home/adi/RosProjects/install/my_robot_interfaces/include/my_robot_interfaces/my_robot_interfaces/msg/detail/hardware_status__builder.hpp
[1.151s] -- Up-to-date: /home/adi/RosProjects/install/my_robot_interfaces/include/my_robot_interfaces/my_robot_interfaces/msg/detail/battery_status__type_support.hpp
[1.151s] -- Up-to-date: /home/adi/RosProjects/install/my_robot_interfaces/include/my_robot_interfaces/my_robot_interfaces/msg/detail/battery_status__traits.hpp
[1.151s] -- Up-to-date: /home/adi/RosProjects/install/my_robot_interfaces/include/my_robot_interfaces/my_robot_interfaces/msg/detail/battery_status__struct.hpp
[1.151s] -- Up-to-date: /home/adi/RosProjects/install/my_robot_interfaces/include/my_robot_interfaces/my_robot_interfaces/msg/detail/battery_status__builder.hpp
[1.151s] -- Up-to-date: /home/adi/RosProjects/install/my_robot_interfaces/include/my_robot_interfaces/my_robot_interfaces/msg/battery_status.hpp
[1.151s] -- Up-to-date: /home/adi/RosProjects/install/my_robot_interfaces/include/my_robot_interfaces/my_robot_interfaces/msg/rosidl_generator_cpp__visibility_control.hpp
[1.151s] -- Up-to-date: /home/adi/RosProjects/install/my_robot_interfaces/include/my_robot_interfaces/my_robot_interfaces
[1.151s] -- Up-to-date: /home/adi/RosProjects/install/my_robot_interfaces/include/my_robot_interfaces/my_robot_interfaces/action
[1.151s] -- Up-to-date: /home/adi/RosProjects/install/my_robot_interfaces/include/my_robot_interfaces/my_robot_interfaces/action/detail
[1.151s] -- Up-to-date: /home/adi/RosProjects/install/my_robot_interfaces/include/my_robot_interfaces/my_robot_interfaces/action/detail/dds_fastrtps
[1.151s] -- Up-to-date: /home/adi/RosProjects/install/my_robot_interfaces/include/my_robot_interfaces/my_robot_interfaces/action/detail/predator_movement__rosidl_typesupport_fastrtps_cpp.hpp
[1.151s] -- Up-to-date: /home/adi/RosProjects/install/my_robot_interfaces/include/my_robot_interfaces/my_robot_interfaces/srv
[1.151s] -- Up-to-date: /home/adi/RosProjects/install/my_robot_interfaces/include/my_robot_interfaces/my_robot_interfaces/srv/detail
[1.151s] -- Up-to-date: /home/adi/RosProjects/install/my_robot_interfaces/include/my_robot_interfaces/my_robot_interfaces/srv/detail/dds_fastrtps
[1.151s] -- Up-to-date: /home/adi/RosProjects/install/my_robot_interfaces/include/my_robot_interfaces/my_robot_interfaces/srv/detail/compute_rectangle_area__rosidl_typesupport_fastrtps_cpp.hpp
[1.151s] -- Up-to-date: /home/adi/RosProjects/install/my_robot_interfaces/include/my_robot_interfaces/my_robot_interfaces/srv/detail/set_led_status__rosidl_typesupport_fastrtps_cpp.hpp
[1.152s] -- Up-to-date: /home/adi/RosProjects/install/my_robot_interfaces/include/my_robot_interfaces/my_robot_interfaces/srv/detail/spawn_turtle__rosidl_typesupport_fastrtps_cpp.hpp
[1.152s] -- Up-to-date: /home/adi/RosProjects/install/my_robot_interfaces/include/my_robot_interfaces/my_robot_interfaces/msg
[1.155s] -- Up-to-date: /home/adi/RosProjects/install/my_robot_interfaces/include/my_robot_interfaces/my_robot_interfaces/msg/detail
[1.155s] -- Up-to-date: /home/adi/RosProjects/install/my_robot_interfaces/include/my_robot_interfaces/my_robot_interfaces/msg/detail/dds_fastrtps
[1.156s] -- Up-to-date: /home/adi/RosProjects/install/my_robot_interfaces/include/my_robot_interfaces/my_robot_interfaces/msg/detail/battery_status__rosidl_typesupport_fastrtps_cpp.hpp
[1.156s] -- Up-to-date: /home/adi/RosProjects/install/my_robot_interfaces/include/my_robot_interfaces/my_robot_interfaces/msg/detail/hardware_status__rosidl_typesupport_fastrtps_cpp.hpp
[1.156s] -- Up-to-date: /home/adi/RosProjects/install/my_robot_interfaces/include/my_robot_interfaces/my_robot_interfaces/msg/rosidl_typesupport_fastrtps_cpp__visibility_control.h
[1.156s] -- Up-to-date: /home/adi/RosProjects/install/my_robot_interfaces/lib/libmy_robot_interfaces__rosidl_typesupport_fastrtps_cpp.so
[1.156s] -- Up-to-date: /home/adi/RosProjects/install/my_robot_interfaces/include/my_robot_interfaces/my_robot_interfaces
[1.156s] -- Up-to-date: /home/adi/RosProjects/install/my_robot_interfaces/include/my_robot_interfaces/my_robot_interfaces/action
[1.156s] -- Up-to-date: /home/adi/RosProjects/install/my_robot_interfaces/include/my_robot_interfaces/my_robot_interfaces/action/detail
[1.156s] -- Up-to-date: /home/adi/RosProjects/install/my_robot_interfaces/include/my_robot_interfaces/my_robot_interfaces/action/detail/predator_movement__rosidl_typesupport_introspection_cpp.hpp
[1.156s] -- Up-to-date: /home/adi/RosProjects/install/my_robot_interfaces/include/my_robot_interfaces/my_robot_interfaces/action/detail/predator_movement__type_support.cpp
[1.156s] -- Up-to-date: /home/adi/RosProjects/install/my_robot_interfaces/include/my_robot_interfaces/my_robot_interfaces/srv
[1.156s] -- Up-to-date: /home/adi/RosProjects/install/my_robot_interfaces/include/my_robot_interfaces/my_robot_interfaces/srv/detail
[1.156s] -- Up-to-date: /home/adi/RosProjects/install/my_robot_interfaces/include/my_robot_interfaces/my_robot_interfaces/srv/detail/set_led_status__rosidl_typesupport_introspection_cpp.hpp
[1.156s] -- Up-to-date: /home/adi/RosProjects/install/my_robot_interfaces/include/my_robot_interfaces/my_robot_interfaces/srv/detail/spawn_turtle__type_support.cpp
[1.156s] -- Up-to-date: /home/adi/RosProjects/install/my_robot_interfaces/include/my_robot_interfaces/my_robot_interfaces/srv/detail/spawn_turtle__rosidl_typesupport_introspection_cpp.hpp
[1.156s] -- Up-to-date: /home/adi/RosProjects/install/my_robot_interfaces/include/my_robot_interfaces/my_robot_interfaces/srv/detail/compute_rectangle_area__rosidl_typesupport_introspection_cpp.hpp
[1.156s] -- Up-to-date: /home/adi/RosProjects/install/my_robot_interfaces/include/my_robot_interfaces/my_robot_interfaces/srv/detail/set_led_status__type_support.cpp
[1.156s] -- Up-to-date: /home/adi/RosProjects/install/my_robot_interfaces/include/my_robot_interfaces/my_robot_interfaces/srv/detail/compute_rectangle_area__type_support.cpp
[1.156s] -- Up-to-date: /home/adi/RosProjects/install/my_robot_interfaces/include/my_robot_interfaces/my_robot_interfaces/msg
[1.156s] -- Up-to-date: /home/adi/RosProjects/install/my_robot_interfaces/include/my_robot_interfaces/my_robot_interfaces/msg/detail
[1.157s] -- Up-to-date: /home/adi/RosProjects/install/my_robot_interfaces/include/my_robot_interfaces/my_robot_interfaces/msg/detail/battery_status__type_support.cpp
[1.157s] -- Up-to-date: /home/adi/RosProjects/install/my_robot_interfaces/include/my_robot_interfaces/my_robot_interfaces/msg/detail/hardware_status__type_support.cpp
[1.157s] -- Up-to-date: /home/adi/RosProjects/install/my_robot_interfaces/include/my_robot_interfaces/my_robot_interfaces/msg/detail/hardware_status__rosidl_typesupport_introspection_cpp.hpp
[1.157s] -- Up-to-date: /home/adi/RosProjects/install/my_robot_interfaces/include/my_robot_interfaces/my_robot_interfaces/msg/detail/battery_status__rosidl_typesupport_introspection_cpp.hpp
[1.157s] -- Up-to-date: /home/adi/RosProjects/install/my_robot_interfaces/lib/libmy_robot_interfaces__rosidl_typesupport_introspection_cpp.so
[1.157s] -- Up-to-date: /home/adi/RosProjects/install/my_robot_interfaces/lib/libmy_robot_interfaces__rosidl_typesupport_cpp.so
[1.157s] -- Up-to-date: /home/adi/RosProjects/install/my_robot_interfaces/share/my_robot_interfaces/environment/pythonpath.sh
[1.157s] -- Up-to-date: /home/adi/RosProjects/install/my_robot_interfaces/share/my_robot_interfaces/environment/pythonpath.dsv
[1.157s] -- Up-to-date: /home/adi/RosProjects/install/my_robot_interfaces/lib/python3.12/site-packages/my_robot_interfaces-0.0.0-py3.12.egg-info
[1.157s] -- Installing: /home/adi/RosProjects/install/my_robot_interfaces/lib/python3.12/site-packages/my_robot_interfaces-0.0.0-py3.12.egg-info/dependency_links.txt
[1.157s] -- Installing: /home/adi/RosProjects/install/my_robot_interfaces/lib/python3.12/site-packages/my_robot_interfaces-0.0.0-py3.12.egg-info/PKG-INFO
[1.157s] -- Installing: /home/adi/RosProjects/install/my_robot_interfaces/lib/python3.12/site-packages/my_robot_interfaces-0.0.0-py3.12.egg-info/top_level.txt
[1.157s] -- Installing: /home/adi/RosProjects/install/my_robot_interfaces/lib/python3.12/site-packages/my_robot_interfaces-0.0.0-py3.12.egg-info/SOURCES.txt
[1.157s] -- Up-to-date: /home/adi/RosProjects/install/my_robot_interfaces/lib/python3.12/site-packages/my_robot_interfaces
[1.157s] -- Up-to-date: /home/adi/RosProjects/install/my_robot_interfaces/lib/python3.12/site-packages/my_robot_interfaces/__init__.py
[1.157s] -- Up-to-date: /home/adi/RosProjects/install/my_robot_interfaces/lib/python3.12/site-packages/my_robot_interfaces/_my_robot_interfaces_s.ep.rosidl_typesupport_fastrtps_c.c
[1.158s] -- Up-to-date: /home/adi/RosProjects/install/my_robot_interfaces/lib/python3.12/site-packages/my_robot_interfaces/my_robot_interfaces_s__rosidl_typesupport_fastrtps_c.so
[1.158s] -- Up-to-date: /home/adi/RosProjects/install/my_robot_interfaces/lib/python3.12/site-packages/my_robot_interfaces/action
[1.158s] -- Up-to-date: /home/adi/RosProjects/install/my_robot_interfaces/lib/python3.12/site-packages/my_robot_interfaces/action/__init__.py
[1.158s] -- Up-to-date: /home/adi/RosProjects/install/my_robot_interfaces/lib/python3.12/site-packages/my_robot_interfaces/action/_predator_movement_s.c
[1.158s] -- Up-to-date: /home/adi/RosProjects/install/my_robot_interfaces/lib/python3.12/site-packages/my_robot_interfaces/action/_predator_movement.py
[1.158s] -- Up-to-date: /home/adi/RosProjects/install/my_robot_interfaces/lib/python3.12/site-packages/my_robot_interfaces/_my_robot_interfaces_s.ep.rosidl_typesupport_c.c
[1.158s] -- Up-to-date: /home/adi/RosProjects/install/my_robot_interfaces/lib/python3.12/site-packages/my_robot_interfaces/my_robot_interfaces_s__rosidl_typesupport_introspection_c.so
[1.158s] -- Up-to-date: /home/adi/RosProjects/install/my_robot_interfaces/lib/python3.12/site-packages/my_robot_interfaces/srv
[1.158s] -- Up-to-date: /home/adi/RosProjects/install/my_robot_interfaces/lib/python3.12/site-packages/my_robot_interfaces/srv/_compute_rectangle_area_s.c
[1.158s] -- Up-to-date: /home/adi/RosProjects/install/my_robot_interfaces/lib/python3.12/site-packages/my_robot_interfaces/srv/__init__.py
[1.158s] -- Up-to-date: /home/adi/RosProjects/install/my_robot_interfaces/lib/python3.12/site-packages/my_robot_interfaces/srv/_spawn_turtle.py
[1.158s] -- Up-to-date: /home/adi/RosProjects/install/my_robot_interfaces/lib/python3.12/site-packages/my_robot_interfaces/srv/_set_led_status_s.c
[1.158s] -- Up-to-date: /home/adi/RosProjects/install/my_robot_interfaces/lib/python3.12/site-packages/my_robot_interfaces/srv/_set_led_status.py
[1.158s] -- Up-to-date: /home/adi/RosProjects/install/my_robot_interfaces/lib/python3.12/site-packages/my_robot_interfaces/srv/_compute_rectangle_area.py
[1.158s] -- Up-to-date: /home/adi/RosProjects/install/my_robot_interfaces/lib/python3.12/site-packages/my_robot_interfaces/srv/_spawn_turtle_s.c
[1.158s] -- Up-to-date: /home/adi/RosProjects/install/my_robot_interfaces/lib/python3.12/site-packages/my_robot_interfaces/_my_robot_interfaces_s.ep.rosidl_typesupport_introspection_c.c
[1.158s] -- Up-to-date: /home/adi/RosProjects/install/my_robot_interfaces/lib/python3.12/site-packages/my_robot_interfaces/my_robot_interfaces_s__rosidl_typesupport_c.so
[1.158s] -- Up-to-date: /home/adi/RosProjects/install/my_robot_interfaces/lib/python3.12/site-packages/my_robot_interfaces/msg
[1.159s] -- Up-to-date: /home/adi/RosProjects/install/my_robot_interfaces/lib/python3.12/site-packages/my_robot_interfaces/msg/_battery_status.py
[1.159s] -- Up-to-date: /home/adi/RosProjects/install/my_robot_interfaces/lib/python3.12/site-packages/my_robot_interfaces/msg/_battery_status_s.c
[1.159s] -- Up-to-date: /home/adi/RosProjects/install/my_robot_interfaces/lib/python3.12/site-packages/my_robot_interfaces/msg/__init__.py
[1.159s] -- Up-to-date: /home/adi/RosProjects/install/my_robot_interfaces/lib/python3.12/site-packages/my_robot_interfaces/msg/_hardware_status_s.c
[1.159s] -- Up-to-date: /home/adi/RosProjects/install/my_robot_interfaces/lib/python3.12/site-packages/my_robot_interfaces/msg/_hardware_status.py
[1.204s] Listing '/home/adi/RosProjects/install/my_robot_interfaces/lib/python3.12/site-packages/my_robot_interfaces'...
[1.204s] Listing '/home/adi/RosProjects/install/my_robot_interfaces/lib/python3.12/site-packages/my_robot_interfaces/action'...
[1.204s] Listing '/home/adi/RosProjects/install/my_robot_interfaces/lib/python3.12/site-packages/my_robot_interfaces/msg'...
[1.204s] Listing '/home/adi/RosProjects/install/my_robot_interfaces/lib/python3.12/site-packages/my_robot_interfaces/srv'...
[1.209s] -- Up-to-date: /home/adi/RosProjects/install/my_robot_interfaces/lib/python3.12/site-packages/my_robot_interfaces/my_robot_interfaces_s__rosidl_typesupport_fastrtps_c.so
[1.209s] -- Up-to-date: /home/adi/RosProjects/install/my_robot_interfaces/lib/python3.12/site-packages/my_robot_interfaces/my_robot_interfaces_s__rosidl_typesupport_introspection_c.so
[1.210s] -- Up-to-date: /home/adi/RosProjects/install/my_robot_interfaces/lib/python3.12/site-packages/my_robot_interfaces/my_robot_interfaces_s__rosidl_typesupport_c.so
[1.210s] -- Up-to-date: /home/adi/RosProjects/install/my_robot_interfaces/lib/libmy_robot_interfaces__rosidl_generator_py.so
[1.210s] -- Up-to-date: /home/adi/RosProjects/install/my_robot_interfaces/share/my_robot_interfaces/msg/HardwareStatus.idl
[1.210s] -- Up-to-date: /home/adi/RosProjects/install/my_robot_interfaces/share/my_robot_interfaces/srv/ComputeRectangleArea.idl
[1.210s] -- Up-to-date: /home/adi/RosProjects/install/my_robot_interfaces/share/my_robot_interfaces/msg/BatteryStatus.idl
[1.210s] -- Up-to-date: /home/adi/RosProjects/install/my_robot_interfaces/share/my_robot_interfaces/srv/SetLedStatus.idl
[1.211s] -- Up-to-date: /home/adi/RosProjects/install/my_robot_interfaces/share/my_robot_interfaces/action/PredatorMovement.idl
[1.211s] -- Up-to-date: /home/adi/RosProjects/install/my_robot_interfaces/share/my_robot_interfaces/srv/SpawnTurtle.idl
[1.211s] -- Up-to-date: /home/adi/RosProjects/install/my_robot_interfaces/share/my_robot_interfaces/msg/HardwareStatus.msg
[1.211s] -- Up-to-date: /home/adi/RosProjects/install/my_robot_interfaces/share/my_robot_interfaces/srv/ComputeRectangleArea.srv
[1.211s] -- Up-to-date: /home/adi/RosProjects/install/my_robot_interfaces/share/my_robot_interfaces/msg/BatteryStatus.msg
[1.211s] -- Up-to-date: /home/adi/RosProjects/install/my_robot_interfaces/share/my_robot_interfaces/srv/SetLedStatus.srv
[1.215s] -- Up-to-date: /home/adi/RosProjects/install/my_robot_interfaces/share/my_robot_interfaces/action/PredatorMovement.action
[1.215s] -- Up-to-date: /home/adi/RosProjects/install/my_robot_interfaces/share/my_robot_interfaces/srv/SpawnTurtle.srv
[1.215s] -- Up-to-date: /home/adi/RosProjects/install/my_robot_interfaces/share/ament_index/resource_index/package_run_dependencies/my_robot_interfaces
[1.215s] -- Up-to-date: /home/adi/RosProjects/install/my_robot_interfaces/share/ament_index/resource_index/parent_prefix_path/my_robot_interfaces
[1.215s] -- Up-to-date: /home/adi/RosProjects/install/my_robot_interfaces/share/my_robot_interfaces/environment/ament_prefix_path.sh
[1.215s] -- Up-to-date: /home/adi/RosProjects/install/my_robot_interfaces/share/my_robot_interfaces/environment/ament_prefix_path.dsv
[1.215s] -- Up-to-date: /home/adi/RosProjects/install/my_robot_interfaces/share/my_robot_interfaces/environment/path.sh
[1.215s] -- Up-to-date: /home/adi/RosProjects/install/my_robot_interfaces/share/my_robot_interfaces/environment/path.dsv
[1.215s] -- Up-to-date: /home/adi/RosProjects/install/my_robot_interfaces/share/my_robot_interfaces/local_setup.bash
[1.215s] -- Up-to-date: /home/adi/RosProjects/install/my_robot_interfaces/share/my_robot_interfaces/local_setup.sh
[1.215s] -- Up-to-date: /home/adi/RosProjects/install/my_robot_interfaces/share/my_robot_interfaces/local_setup.zsh
[1.215s] -- Up-to-date: /home/adi/RosProjects/install/my_robot_interfaces/share/my_robot_interfaces/local_setup.dsv
[1.215s] -- Installing: /home/adi/RosProjects/install/my_robot_interfaces/share/my_robot_interfaces/package.dsv
[1.215s] -- Up-to-date: /home/adi/RosProjects/install/my_robot_interfaces/share/ament_index/resource_index/packages/my_robot_interfaces
[1.215s] -- Up-to-date: /home/adi/RosProjects/install/my_robot_interfaces/share/my_robot_interfaces/cmake/export_my_robot_interfaces__rosidl_generator_cExport.cmake
[1.215s] -- Up-to-date: /home/adi/RosProjects/install/my_robot_interfaces/share/my_robot_interfaces/cmake/export_my_robot_interfaces__rosidl_generator_cExport-noconfig.cmake
[1.216s] -- Up-to-date: /home/adi/RosProjects/install/my_robot_interfaces/share/my_robot_interfaces/cmake/export_my_robot_interfaces__rosidl_typesupport_fastrtps_cExport.cmake
[1.216s] -- Up-to-date: /home/adi/RosProjects/install/my_robot_interfaces/share/my_robot_interfaces/cmake/export_my_robot_interfaces__rosidl_typesupport_fastrtps_cExport-noconfig.cmake
[1.216s] -- Up-to-date: /home/adi/RosProjects/install/my_robot_interfaces/share/my_robot_interfaces/cmake/my_robot_interfaces__rosidl_typesupport_introspection_cExport.cmake
[1.216s] -- Up-to-date: /home/adi/RosProjects/install/my_robot_interfaces/share/my_robot_interfaces/cmake/my_robot_interfaces__rosidl_typesupport_introspection_cExport-noconfig.cmake
[1.216s] -- Up-to-date: /home/adi/RosProjects/install/my_robot_interfaces/share/my_robot_interfaces/cmake/my_robot_interfaces__rosidl_typesupport_cExport.cmake
[1.217s] -- Up-to-date: /home/adi/RosProjects/install/my_robot_interfaces/share/my_robot_interfaces/cmake/my_robot_interfaces__rosidl_typesupport_cExport-noconfig.cmake
[1.217s] -- Up-to-date: /home/adi/RosProjects/install/my_robot_interfaces/share/my_robot_interfaces/cmake/export_my_robot_interfaces__rosidl_generator_cppExport.cmake
[1.217s] -- Up-to-date: /home/adi/RosProjects/install/my_robot_interfaces/share/my_robot_interfaces/cmake/export_my_robot_interfaces__rosidl_typesupport_fastrtps_cppExport.cmake
[1.217s] -- Up-to-date: /home/adi/RosProjects/install/my_robot_interfaces/share/my_robot_interfaces/cmake/export_my_robot_interfaces__rosidl_typesupport_fastrtps_cppExport-noconfig.cmake
[1.218s] -- Up-to-date: /home/adi/RosProjects/install/my_robot_interfaces/share/my_robot_interfaces/cmake/my_robot_interfaces__rosidl_typesupport_introspection_cppExport.cmake
[1.218s] -- Up-to-date: /home/adi/RosProjects/install/my_robot_interfaces/share/my_robot_interfaces/cmake/my_robot_interfaces__rosidl_typesupport_introspection_cppExport-noconfig.cmake
[1.218s] -- Up-to-date: /home/adi/RosProjects/install/my_robot_interfaces/share/my_robot_interfaces/cmake/my_robot_interfaces__rosidl_typesupport_cppExport.cmake
[1.218s] -- Up-to-date: /home/adi/RosProjects/install/my_robot_interfaces/share/my_robot_interfaces/cmake/my_robot_interfaces__rosidl_typesupport_cppExport-noconfig.cmake
[1.218s] -- Up-to-date: /home/adi/RosProjects/install/my_robot_interfaces/share/my_robot_interfaces/cmake/export_my_robot_interfaces__rosidl_generator_pyExport.cmake
[1.218s] -- Up-to-date: /home/adi/RosProjects/install/my_robot_interfaces/share/my_robot_interfaces/cmake/export_my_robot_interfaces__rosidl_generator_pyExport-noconfig.cmake
[1.218s] -- Up-to-date: /home/adi/RosProjects/install/my_robot_interfaces/share/my_robot_interfaces/cmake/rosidl_cmake-extras.cmake
[1.218s] -- Up-to-date: /home/adi/RosProjects/install/my_robot_interfaces/share/my_robot_interfaces/cmake/ament_cmake_export_dependencies-extras.cmake
[1.220s] -- Up-to-date: /home/adi/RosProjects/install/my_robot_interfaces/share/my_robot_interfaces/cmake/ament_cmake_export_include_directories-extras.cmake
[1.220s] -- Up-to-date: /home/adi/RosProjects/install/my_robot_interfaces/share/my_robot_interfaces/cmake/ament_cmake_export_libraries-extras.cmake
[1.220s] -- Up-to-date: /home/adi/RosProjects/install/my_robot_interfaces/share/my_robot_interfaces/cmake/ament_cmake_export_targets-extras.cmake
[1.220s] -- Up-to-date: /home/adi/RosProjects/install/my_robot_interfaces/share/my_robot_interfaces/cmake/rosidl_cmake_export_typesupport_targets-extras.cmake
[1.220s] -- Up-to-date: /home/adi/RosProjects/install/my_robot_interfaces/share/my_robot_interfaces/cmake/rosidl_cmake_export_typesupport_libraries-extras.cmake
[1.220s] -- Up-to-date: /home/adi/RosProjects/install/my_robot_interfaces/share/my_robot_interfaces/cmake/my_robot_interfacesConfig.cmake
[1.220s] -- Up-to-date: /home/adi/RosProjects/install/my_robot_interfaces/share/my_robot_interfaces/cmake/my_robot_interfacesConfig-version.cmake
[1.221s] -- Up-to-date: /home/adi/RosProjects/install/my_robot_interfaces/share/my_robot_interfaces/package.xml
[1.221s] Invoked command in '/home/adi/RosProjects/build/my_robot_interfaces' returned '0': CMAKE_PREFIX_PATH=${CMAKE_PREFIX_PATH}:/home/adi/RosProjects/install/my_py_pkg:/opt/ros/jazzy DEBUGINFOD_URLS=https://debuginfod.ubuntu.com /usr/bin/cmake --install /home/adi/RosProjects/build/my_robot_interfaces
