[0.717s] Invoking command in '/home/adi/Desktop/RosProjects/src/my_py_pkg': CMAKE_PREFIX_PATH=/home/adi/Desktop/RosProjects/install/my_robot_interfaces:/home/adi/Desktop/RosProjects/install/my_robot_bringup:/home/adi/Desktop/RosProjects/install/my_robot_description:/home/adi/Desktop/turtlebot3_ws/install/turtlebot3_simulations:/home/adi/Desktop/turtlebot3_ws/install/turtlebot3_gazebo:/home/adi/Desktop/turtlebot3_ws/install/turtlebot3_fake_node:/opt/ros/jazzy/opt/gz_sim_vendor:/opt/ros/jazzy/opt/gz_sensors_vendor:/opt/ros/jazzy/opt/gz_physics_vendor:/opt/ros/jazzy/opt/sdformat_vendor:/opt/ros/jazzy/opt/gz_gui_vendor:/opt/ros/jazzy/opt/gz_transport_vendor:/opt/ros/jazzy/opt/gz_rendering_vendor:/opt/ros/jazzy/opt/gz_plugin_vendor:/opt/ros/jazzy/opt/gz_fuel_tools_vendor:/opt/ros/jazzy/opt/gz_msgs_vendor:/opt/ros/jazzy/opt/gz_common_vendor:/opt/ros/jazzy/opt/gz_math_vendor:/opt/ros/jazzy/opt/gz_utils_vendor:/opt/ros/jazzy/opt/gz_tools_vendor:/opt/ros/jazzy/opt/gz_ogre_next_vendor:/opt/ros/jazzy/opt/gz_dartsim_vendor:/opt/ros/jazzy/opt/gz_cmake_vendor DEBUGINFOD_URLS=https://debuginfod.ubuntu.com PYTHONPATH=/home/adi/Desktop/RosProjects/build/my_py_pkg/prefix_override:/usr/lib/python3/dist-packages/colcon_core/task/python/colcon_distutils_commands:/home/adi/Desktop/RosProjects/install/my_py_pkg/lib/python3.12/site-packages:/home/adi/Desktop/RosProjects/install/my_robot_interfaces/lib/python3.12/site-packages:/home/adi/Desktop/RosProjects/install/my_py_pkg/lib/python3.12/site-packages:/opt/ros/jazzy/lib/python3.12/site-packages /usr/bin/python3 -W ignore:setup.py install is deprecated -W ignore:easy_install command is deprecated setup.py egg_info --egg-base ../../build/my_py_pkg build --build-base /home/adi/Desktop/RosProjects/build/my_py_pkg/build install --record /home/adi/Desktop/RosProjects/build/my_py_pkg/install.log --single-version-externally-managed install_data
[0.957s] running egg_info
[0.976s] writing ../../build/my_py_pkg/my_py_pkg.egg-info/PKG-INFO
[0.976s] writing dependency_links to ../../build/my_py_pkg/my_py_pkg.egg-info/dependency_links.txt
[0.976s] writing entry points to ../../build/my_py_pkg/my_py_pkg.egg-info/entry_points.txt
[0.977s] writing requirements to ../../build/my_py_pkg/my_py_pkg.egg-info/requires.txt
[0.977s] writing top-level names to ../../build/my_py_pkg/my_py_pkg.egg-info/top_level.txt
[1.014s] reading manifest file '../../build/my_py_pkg/my_py_pkg.egg-info/SOURCES.txt'
[1.016s] writing manifest file '../../build/my_py_pkg/my_py_pkg.egg-info/SOURCES.txt'
[1.016s] running build
[1.016s] running build_py
[1.017s] running install
[1.023s] running install_lib
[1.042s] running install_data
[1.043s] running install_egg_info
[1.064s] removing '/home/adi/Desktop/RosProjects/install/my_py_pkg/lib/python3.12/site-packages/my_py_pkg-0.0.0-py3.12.egg-info' (and everything under it)
[1.064s] Copying ../../build/my_py_pkg/my_py_pkg.egg-info to /home/adi/Desktop/RosProjects/install/my_py_pkg/lib/python3.12/site-packages/my_py_pkg-0.0.0-py3.12.egg-info
[1.065s] running install_scripts
[1.186s] Installing PredatorTurtle script to /home/adi/Desktop/RosProjects/install/my_py_pkg/lib/my_py_pkg
[1.186s] Installing PreyTurtle script to /home/adi/Desktop/RosProjects/install/my_py_pkg/lib/my_py_pkg
[1.186s] Installing add_two_ints_client script to /home/adi/Desktop/RosProjects/install/my_py_pkg/lib/my_py_pkg
[1.187s] Installing add_two_ints_client_no_oop script to /home/adi/Desktop/RosProjects/install/my_py_pkg/lib/my_py_pkg
[1.187s] Installing add_two_ints_server script to /home/adi/Desktop/RosProjects/install/my_py_pkg/lib/my_py_pkg
[1.187s] Installing battery_charge_status script to /home/adi/Desktop/RosProjects/install/my_py_pkg/lib/my_py_pkg
[1.187s] Installing battery_monitor script to /home/adi/Desktop/RosProjects/install/my_py_pkg/lib/my_py_pkg
[1.187s] Installing hardware_status_publisher script to /home/adi/Desktop/RosProjects/install/my_py_pkg/lib/my_py_pkg
[1.187s] Installing led_panel_node script to /home/adi/Desktop/RosProjects/install/my_py_pkg/lib/my_py_pkg
[1.187s] Installing number_counter script to /home/adi/Desktop/RosProjects/install/my_py_pkg/lib/my_py_pkg
[1.188s] Installing number_publisher script to /home/adi/Desktop/RosProjects/install/my_py_pkg/lib/my_py_pkg
[1.188s] Installing py_node script to /home/adi/Desktop/RosProjects/install/my_py_pkg/lib/my_py_pkg
[1.188s] Installing robot_news_station script to /home/adi/Desktop/RosProjects/install/my_py_pkg/lib/my_py_pkg
[1.188s] Installing smartphone script to /home/adi/Desktop/RosProjects/install/my_py_pkg/lib/my_py_pkg
[1.188s] writing list of installed files to '/home/adi/Desktop/RosProjects/build/my_py_pkg/install.log'
[1.207s] Invoked command in '/home/adi/Desktop/RosProjects/src/my_py_pkg' returned '0': CMAKE_PREFIX_PATH=/home/adi/Desktop/RosProjects/install/my_robot_interfaces:/home/adi/Desktop/RosProjects/install/my_robot_bringup:/home/adi/Desktop/RosProjects/install/my_robot_description:/home/adi/Desktop/turtlebot3_ws/install/turtlebot3_simulations:/home/adi/Desktop/turtlebot3_ws/install/turtlebot3_gazebo:/home/adi/Desktop/turtlebot3_ws/install/turtlebot3_fake_node:/opt/ros/jazzy/opt/gz_sim_vendor:/opt/ros/jazzy/opt/gz_sensors_vendor:/opt/ros/jazzy/opt/gz_physics_vendor:/opt/ros/jazzy/opt/sdformat_vendor:/opt/ros/jazzy/opt/gz_gui_vendor:/opt/ros/jazzy/opt/gz_transport_vendor:/opt/ros/jazzy/opt/gz_rendering_vendor:/opt/ros/jazzy/opt/gz_plugin_vendor:/opt/ros/jazzy/opt/gz_fuel_tools_vendor:/opt/ros/jazzy/opt/gz_msgs_vendor:/opt/ros/jazzy/opt/gz_common_vendor:/opt/ros/jazzy/opt/gz_math_vendor:/opt/ros/jazzy/opt/gz_utils_vendor:/opt/ros/jazzy/opt/gz_tools_vendor:/opt/ros/jazzy/opt/gz_ogre_next_vendor:/opt/ros/jazzy/opt/gz_dartsim_vendor:/opt/ros/jazzy/opt/gz_cmake_vendor DEBUGINFOD_URLS=https://debuginfod.ubuntu.com PYTHONPATH=/home/adi/Desktop/RosProjects/build/my_py_pkg/prefix_override:/usr/lib/python3/dist-packages/colcon_core/task/python/colcon_distutils_commands:/home/adi/Desktop/RosProjects/install/my_py_pkg/lib/python3.12/site-packages:/home/adi/Desktop/RosProjects/install/my_robot_interfaces/lib/python3.12/site-packages:/home/adi/Desktop/RosProjects/install/my_py_pkg/lib/python3.12/site-packages:/opt/ros/jazzy/lib/python3.12/site-packages /usr/bin/python3 -W ignore:setup.py install is deprecated -W ignore:easy_install command is deprecated setup.py egg_info --egg-base ../../build/my_py_pkg build --build-base /home/adi/Desktop/RosProjects/build/my_py_pkg/build install --record /home/adi/Desktop/RosProjects/build/my_py_pkg/install.log --single-version-externally-managed install_data
