[0.011s] Invoking command in '/home/adi/RosProjects/build/my_robot_description': CMAKE_PREFIX_PATH=${CMAKE_PREFIX_PATH}:/home/adi/RosProjects/install/my_py_pkg:/home/adi/install/my_py_pkg:/opt/ros/jazzy DEBUGINFOD_URLS=https://debuginfod.ubuntu.com /usr/bin/cmake /home/adi/RosProjects/src/my_robot_description -DCMAKE_INSTALL_PREFIX=/home/adi/RosProjects/install/my_robot_description
[0.060s] -- The C compiler identification is GNU 13.3.0
[0.108s] -- The CXX compiler identification is GNU 13.3.0
[0.121s] -- Detecting C compiler ABI info
[0.199s] -- Detecting C compiler ABI info - done
[0.207s] -- Check for working C compiler: /usr/bin/cc - skipped
[0.207s] -- Detecting C compile features
[0.208s] -- Detecting C compile features - done
[0.216s] -- Detecting CXX compiler ABI info
[0.309s] -- Detecting CXX compiler ABI info - done
[0.317s] -- Check for working CXX compiler: /usr/bin/c++ - skipped
[0.317s] -- Detecting CXX compile features
[0.318s] -- Detecting CXX compile features - done
[0.322s] -- Found ament_cmake: 2.5.4 (/opt/ros/jazzy/share/ament_cmake/cmake)
[0.479s] -- Found Python3: /usr/bin/python3 (found version "3.12.3") found components: Interpreter 
[0.683s] -- Configuring done (0.7s)
[0.685s] -- Generating done (0.0s)
[0.687s] -- Build files have been written to: /home/adi/RosProjects/build/my_robot_description
[0.692s] Invoked command in '/home/adi/RosProjects/build/my_robot_description' returned '0': CMAKE_PREFIX_PATH=${CMAKE_PREFIX_PATH}:/home/adi/RosProjects/install/my_py_pkg:/home/adi/install/my_py_pkg:/opt/ros/jazzy DEBUGINFOD_URLS=https://debuginfod.ubuntu.com /usr/bin/cmake /home/adi/RosProjects/src/my_robot_description -DCMAKE_INSTALL_PREFIX=/home/adi/RosProjects/install/my_robot_description
[0.693s] Invoking command in '/home/adi/RosProjects/build/my_robot_description': CMAKE_PREFIX_PATH=${CMAKE_PREFIX_PATH}:/home/adi/RosProjects/install/my_py_pkg:/home/adi/install/my_py_pkg:/opt/ros/jazzy DEBUGINFOD_URLS=https://debuginfod.ubuntu.com /usr/bin/cmake --build /home/adi/RosProjects/build/my_robot_description -- -j4 -l4
[0.758s] Invoked command in '/home/adi/RosProjects/build/my_robot_description' returned '0': CMAKE_PREFIX_PATH=${CMAKE_PREFIX_PATH}:/home/adi/RosProjects/install/my_py_pkg:/home/adi/install/my_py_pkg:/opt/ros/jazzy DEBUGINFOD_URLS=https://debuginfod.ubuntu.com /usr/bin/cmake --build /home/adi/RosProjects/build/my_robot_description -- -j4 -l4
[0.771s] Invoking command in '/home/adi/RosProjects/build/my_robot_description': CMAKE_PREFIX_PATH=${CMAKE_PREFIX_PATH}:/home/adi/RosProjects/install/my_py_pkg:/home/adi/install/my_py_pkg:/opt/ros/jazzy DEBUGINFOD_URLS=https://debuginfod.ubuntu.com /usr/bin/cmake --install /home/adi/RosProjects/build/my_robot_description
[0.784s] -- Install configuration: ""
[0.784s] -- Installing: /home/adi/RosProjects/install/my_robot_description/share/my_robot_description//urdf
[0.784s] -- Installing: /home/adi/RosProjects/install/my_robot_description/share/my_robot_description//urdf/my_robot.urdf.xacro
[0.785s] -- Installing: /home/adi/RosProjects/install/my_robot_description/share/my_robot_description//urdf/common_properties.xacro
[0.785s] -- Installing: /home/adi/RosProjects/install/my_robot_description/share/my_robot_description//urdf/mobile_base_gazebo.xacro
[0.785s] -- Installing: /home/adi/RosProjects/install/my_robot_description/share/my_robot_description//urdf/mobile_base.xacro
[0.785s] -- Installing: /home/adi/RosProjects/install/my_robot_description/share/my_robot_description//launch
[0.785s] -- Installing: /home/adi/RosProjects/install/my_robot_description/share/my_robot_description//launch/display.launch.xml
[0.785s] -- Installing: /home/adi/RosProjects/install/my_robot_description/share/my_robot_description//launch/display.launch.py
[0.786s] -- Installing: /home/adi/RosProjects/install/my_robot_description/share/my_robot_description//rviz
[0.786s] -- Installing: /home/adi/RosProjects/install/my_robot_description/share/my_robot_description//rviz/urdf_config.rviz
[0.787s] -- Installing: /home/adi/RosProjects/install/my_robot_description/share/ament_index/resource_index/package_run_dependencies/my_robot_description
[0.788s] -- Installing: /home/adi/RosProjects/install/my_robot_description/share/ament_index/resource_index/parent_prefix_path/my_robot_description
[0.788s] -- Installing: /home/adi/RosProjects/install/my_robot_description/share/my_robot_description/environment/ament_prefix_path.sh
[0.788s] -- Installing: /home/adi/RosProjects/install/my_robot_description/share/my_robot_description/environment/ament_prefix_path.dsv
[0.789s] -- Installing: /home/adi/RosProjects/install/my_robot_description/share/my_robot_description/environment/path.sh
[0.789s] -- Installing: /home/adi/RosProjects/install/my_robot_description/share/my_robot_description/environment/path.dsv
[0.789s] -- Installing: /home/adi/RosProjects/install/my_robot_description/share/my_robot_description/local_setup.bash
[0.789s] -- Installing: /home/adi/RosProjects/install/my_robot_description/share/my_robot_description/local_setup.sh
[0.789s] -- Installing: /home/adi/RosProjects/install/my_robot_description/share/my_robot_description/local_setup.zsh
[0.789s] -- Installing: /home/adi/RosProjects/install/my_robot_description/share/my_robot_description/local_setup.dsv
[0.789s] -- Installing: /home/adi/RosProjects/install/my_robot_description/share/my_robot_description/package.dsv
[0.790s] -- Installing: /home/adi/RosProjects/install/my_robot_description/share/ament_index/resource_index/packages/my_robot_description
[0.790s] -- Installing: /home/adi/RosProjects/install/my_robot_description/share/my_robot_description/cmake/my_robot_descriptionConfig.cmake
[0.790s] -- Installing: /home/adi/RosProjects/install/my_robot_description/share/my_robot_description/cmake/my_robot_descriptionConfig-version.cmake
[0.790s] -- Installing: /home/adi/RosProjects/install/my_robot_description/share/my_robot_description/package.xml
[0.792s] Invoked command in '/home/adi/RosProjects/build/my_robot_description' returned '0': CMAKE_PREFIX_PATH=${CMAKE_PREFIX_PATH}:/home/adi/RosProjects/install/my_py_pkg:/home/adi/install/my_py_pkg:/opt/ros/jazzy DEBUGINFOD_URLS=https://debuginfod.ubuntu.com /usr/bin/cmake --install /home/adi/RosProjects/build/my_robot_description
