[0.144s] DEBUG:colcon:Command line arguments: ['/usr/bin/colcon', 'build', '--symlink-install']
[0.144s] DEBUG:colcon:Parsed command line arguments: Namespace(log_base=None, log_level=None, verb_name='build', build_base='build', install_base='install', merge_install=False, symlink_install=True, test_result_base=None, continue_on_error=False, executor='parallel', parallel_workers=4, event_handlers=None, ignore_user_meta=False, metas=['./colcon.meta'], base_paths=['.'], packages_ignore=None, packages_ignore_regex=None, paths=None, packages_up_to=None, packages_up_to_regex=None, packages_above=None, packages_above_and_dependencies=None, packages_above_depth=None, packages_select_by_dep=None, packages_skip_by_dep=None, packages_skip_up_to=None, packages_select_build_failed=False, packages_skip_build_finished=False, packages_select_test_failures=False, packages_skip_test_passed=False, packages_select=None, packages_skip=None, packages_select_regex=None, packages_skip_regex=None, packages_start=None, packages_end=None, allow_overriding=[], cmake_args=None, cmake_target=None, cmake_target_skip_unavailable=False, cmake_clean_cache=False, cmake_clean_first=False, cmake_force_configure=False, ament_cmake_args=None, catkin_cmake_args=None, catkin_skip_building_tests=False, mixin_files=None, mixin=None, verb_parser=<colcon_mixin.mixin.mixin_argument.MixinArgumentDecorator object at 0x7f6bd04801a0>, verb_extension=<colcon_core.verb.build.BuildVerb object at 0x7f6bd045fef0>, main=<bound method BuildVerb.main of <colcon_core.verb.build.BuildVerb object at 0x7f6bd045fef0>>, mixin_verb=('build',))
[0.199s] Level 1:colcon.colcon_core.package_discovery:discover_packages(colcon_meta) check parameters
[0.199s] Level 1:colcon.colcon_core.package_discovery:discover_packages(recursive) check parameters
[0.200s] Level 1:colcon.colcon_core.package_discovery:discover_packages(ignore) check parameters
[0.200s] Level 1:colcon.colcon_core.package_discovery:discover_packages(path) check parameters
[0.200s] Level 1:colcon.colcon_core.package_discovery:discover_packages(colcon_meta) discover
[0.200s] Level 1:colcon.colcon_core.package_discovery:discover_packages(recursive) discover
[0.200s] INFO:colcon.colcon_core.package_discovery:Crawling recursively for packages in '/home/adi/RosProjects'
[0.200s] Level 1:colcon.colcon_core.package_identification:_identify(.) by extensions ['ignore', 'ignore_ament_install']
[0.200s] Level 1:colcon.colcon_core.package_identification:_identify(.) by extension 'ignore'
[0.201s] Level 1:colcon.colcon_core.package_identification:_identify(.) by extension 'ignore_ament_install'
[0.201s] Level 1:colcon.colcon_core.package_identification:_identify(.) by extensions ['colcon_pkg']
[0.201s] Level 1:colcon.colcon_core.package_identification:_identify(.) by extension 'colcon_pkg'
[0.201s] Level 1:colcon.colcon_core.package_identification:_identify(.) by extensions ['colcon_meta']
[0.201s] Level 1:colcon.colcon_core.package_identification:_identify(.) by extension 'colcon_meta'
[0.201s] Level 1:colcon.colcon_core.package_identification:_identify(.) by extensions ['ros']
[0.201s] Level 1:colcon.colcon_core.package_identification:_identify(.) by extension 'ros'
[0.233s] Level 1:colcon.colcon_core.package_identification:_identify(.) by extensions ['cmake', 'python']
[0.233s] Level 1:colcon.colcon_core.package_identification:_identify(.) by extension 'cmake'
[0.234s] Level 1:colcon.colcon_core.package_identification:_identify(.) by extension 'python'
[0.234s] Level 1:colcon.colcon_core.package_identification:_identify(.) by extensions ['python_setup_py']
[0.234s] Level 1:colcon.colcon_core.package_identification:_identify(.) by extension 'python_setup_py'
[0.234s] Level 1:colcon.colcon_core.package_identification:_identify(build) by extensions ['ignore', 'ignore_ament_install']
[0.234s] Level 1:colcon.colcon_core.package_identification:_identify(build) by extension 'ignore'
[0.234s] Level 1:colcon.colcon_core.package_identification:_identify(build) ignored
[0.234s] Level 1:colcon.colcon_core.package_identification:_identify(install) by extensions ['ignore', 'ignore_ament_install']
[0.234s] Level 1:colcon.colcon_core.package_identification:_identify(install) by extension 'ignore'
[0.234s] Level 1:colcon.colcon_core.package_identification:_identify(install) ignored
[0.235s] Level 1:colcon.colcon_core.package_identification:_identify(log) by extensions ['ignore', 'ignore_ament_install']
[0.235s] Level 1:colcon.colcon_core.package_identification:_identify(log) by extension 'ignore'
[0.235s] Level 1:colcon.colcon_core.package_identification:_identify(log) ignored
[0.235s] Level 1:colcon.colcon_core.package_identification:_identify(my_py_pkg) by extensions ['ignore', 'ignore_ament_install']
[0.235s] Level 1:colcon.colcon_core.package_identification:_identify(my_py_pkg) by extension 'ignore'
[0.235s] Level 1:colcon.colcon_core.package_identification:_identify(my_py_pkg) by extension 'ignore_ament_install'
[0.235s] Level 1:colcon.colcon_core.package_identification:_identify(my_py_pkg) by extensions ['colcon_pkg']
[0.235s] Level 1:colcon.colcon_core.package_identification:_identify(my_py_pkg) by extension 'colcon_pkg'
[0.235s] Level 1:colcon.colcon_core.package_identification:_identify(my_py_pkg) by extensions ['colcon_meta']
[0.235s] Level 1:colcon.colcon_core.package_identification:_identify(my_py_pkg) by extension 'colcon_meta'
[0.235s] Level 1:colcon.colcon_core.package_identification:_identify(my_py_pkg) by extensions ['ros']
[0.235s] Level 1:colcon.colcon_core.package_identification:_identify(my_py_pkg) by extension 'ros'
[0.235s] Level 1:colcon.colcon_core.package_identification:_identify(my_py_pkg) by extensions ['cmake', 'python']
[0.236s] Level 1:colcon.colcon_core.package_identification:_identify(my_py_pkg) by extension 'cmake'
[0.236s] Level 1:colcon.colcon_core.package_identification:_identify(my_py_pkg) by extension 'python'
[0.236s] Level 1:colcon.colcon_core.package_identification:_identify(my_py_pkg) by extensions ['python_setup_py']
[0.236s] Level 1:colcon.colcon_core.package_identification:_identify(my_py_pkg) by extension 'python_setup_py'
[0.236s] Level 1:colcon.colcon_core.package_identification:_identify(my_py_pkg/my_py_pkg) by extensions ['ignore', 'ignore_ament_install']
[0.236s] Level 1:colcon.colcon_core.package_identification:_identify(my_py_pkg/my_py_pkg) by extension 'ignore'
[0.236s] Level 1:colcon.colcon_core.package_identification:_identify(my_py_pkg/my_py_pkg) by extension 'ignore_ament_install'
[0.236s] Level 1:colcon.colcon_core.package_identification:_identify(my_py_pkg/my_py_pkg) by extensions ['colcon_pkg']
[0.236s] Level 1:colcon.colcon_core.package_identification:_identify(my_py_pkg/my_py_pkg) by extension 'colcon_pkg'
[0.236s] Level 1:colcon.colcon_core.package_identification:_identify(my_py_pkg/my_py_pkg) by extensions ['colcon_meta']
[0.236s] Level 1:colcon.colcon_core.package_identification:_identify(my_py_pkg/my_py_pkg) by extension 'colcon_meta'
[0.236s] Level 1:colcon.colcon_core.package_identification:_identify(my_py_pkg/my_py_pkg) by extensions ['ros']
[0.236s] Level 1:colcon.colcon_core.package_identification:_identify(my_py_pkg/my_py_pkg) by extension 'ros'
[0.236s] Level 1:colcon.colcon_core.package_identification:_identify(my_py_pkg/my_py_pkg) by extensions ['cmake', 'python']
[0.236s] Level 1:colcon.colcon_core.package_identification:_identify(my_py_pkg/my_py_pkg) by extension 'cmake'
[0.236s] Level 1:colcon.colcon_core.package_identification:_identify(my_py_pkg/my_py_pkg) by extension 'python'
[0.236s] Level 1:colcon.colcon_core.package_identification:_identify(my_py_pkg/my_py_pkg) by extensions ['python_setup_py']
[0.237s] Level 1:colcon.colcon_core.package_identification:_identify(my_py_pkg/my_py_pkg) by extension 'python_setup_py'
[0.237s] Level 1:colcon.colcon_core.package_identification:_identify(src) by extensions ['ignore', 'ignore_ament_install']
[0.237s] Level 1:colcon.colcon_core.package_identification:_identify(src) by extension 'ignore'
[0.237s] Level 1:colcon.colcon_core.package_identification:_identify(src) by extension 'ignore_ament_install'
[0.237s] Level 1:colcon.colcon_core.package_identification:_identify(src) by extensions ['colcon_pkg']
[0.237s] Level 1:colcon.colcon_core.package_identification:_identify(src) by extension 'colcon_pkg'
[0.237s] Level 1:colcon.colcon_core.package_identification:_identify(src) by extensions ['colcon_meta']
[0.237s] Level 1:colcon.colcon_core.package_identification:_identify(src) by extension 'colcon_meta'
[0.237s] Level 1:colcon.colcon_core.package_identification:_identify(src) by extensions ['ros']
[0.237s] Level 1:colcon.colcon_core.package_identification:_identify(src) by extension 'ros'
[0.237s] Level 1:colcon.colcon_core.package_identification:_identify(src) by extensions ['cmake', 'python']
[0.237s] Level 1:colcon.colcon_core.package_identification:_identify(src) by extension 'cmake'
[0.238s] Level 1:colcon.colcon_core.package_identification:_identify(src) by extension 'python'
[0.238s] Level 1:colcon.colcon_core.package_identification:_identify(src) by extensions ['python_setup_py']
[0.238s] Level 1:colcon.colcon_core.package_identification:_identify(src) by extension 'python_setup_py'
[0.238s] Level 1:colcon.colcon_core.package_identification:_identify(src/my_py_pkg) by extensions ['ignore', 'ignore_ament_install']
[0.238s] Level 1:colcon.colcon_core.package_identification:_identify(src/my_py_pkg) by extension 'ignore'
[0.238s] Level 1:colcon.colcon_core.package_identification:_identify(src/my_py_pkg) by extension 'ignore_ament_install'
[0.238s] Level 1:colcon.colcon_core.package_identification:_identify(src/my_py_pkg) by extensions ['colcon_pkg']
[0.238s] Level 1:colcon.colcon_core.package_identification:_identify(src/my_py_pkg) by extension 'colcon_pkg'
[0.238s] Level 1:colcon.colcon_core.package_identification:_identify(src/my_py_pkg) by extensions ['colcon_meta']
[0.238s] Level 1:colcon.colcon_core.package_identification:_identify(src/my_py_pkg) by extension 'colcon_meta'
[0.238s] Level 1:colcon.colcon_core.package_identification:_identify(src/my_py_pkg) by extensions ['ros']
[0.238s] Level 1:colcon.colcon_core.package_identification:_identify(src/my_py_pkg) by extension 'ros'
[0.241s] DEBUG:colcon.colcon_core.package_identification:Package 'src/my_py_pkg' with type 'ros.ament_python' and name 'my_py_pkg'
[0.242s] Level 1:colcon.colcon_core.package_identification:_identify(src/my_robot_bringup) by extensions ['ignore', 'ignore_ament_install']
[0.242s] Level 1:colcon.colcon_core.package_identification:_identify(src/my_robot_bringup) by extension 'ignore'
[0.242s] Level 1:colcon.colcon_core.package_identification:_identify(src/my_robot_bringup) by extension 'ignore_ament_install'
[0.242s] Level 1:colcon.colcon_core.package_identification:_identify(src/my_robot_bringup) by extensions ['colcon_pkg']
[0.242s] Level 1:colcon.colcon_core.package_identification:_identify(src/my_robot_bringup) by extension 'colcon_pkg'
[0.242s] Level 1:colcon.colcon_core.package_identification:_identify(src/my_robot_bringup) by extensions ['colcon_meta']
[0.242s] Level 1:colcon.colcon_core.package_identification:_identify(src/my_robot_bringup) by extension 'colcon_meta'
[0.243s] Level 1:colcon.colcon_core.package_identification:_identify(src/my_robot_bringup) by extensions ['ros']
[0.243s] Level 1:colcon.colcon_core.package_identification:_identify(src/my_robot_bringup) by extension 'ros'
[0.243s] DEBUG:colcon.colcon_core.package_identification:Package 'src/my_robot_bringup' with type 'ros.ament_cmake' and name 'my_robot_bringup'
[0.243s] Level 1:colcon.colcon_core.package_identification:_identify(src/my_robot_description) by extensions ['ignore', 'ignore_ament_install']
[0.244s] Level 1:colcon.colcon_core.package_identification:_identify(src/my_robot_description) by extension 'ignore'
[0.244s] Level 1:colcon.colcon_core.package_identification:_identify(src/my_robot_description) by extension 'ignore_ament_install'
[0.244s] Level 1:colcon.colcon_core.package_identification:_identify(src/my_robot_description) by extensions ['colcon_pkg']
[0.244s] Level 1:colcon.colcon_core.package_identification:_identify(src/my_robot_description) by extension 'colcon_pkg'
[0.244s] Level 1:colcon.colcon_core.package_identification:_identify(src/my_robot_description) by extensions ['colcon_meta']
[0.244s] Level 1:colcon.colcon_core.package_identification:_identify(src/my_robot_description) by extension 'colcon_meta'
[0.244s] Level 1:colcon.colcon_core.package_identification:_identify(src/my_robot_description) by extensions ['ros']
[0.244s] Level 1:colcon.colcon_core.package_identification:_identify(src/my_robot_description) by extension 'ros'
[0.244s] DEBUG:colcon.colcon_core.package_identification:Package 'src/my_robot_description' with type 'ros.ament_cmake' and name 'my_robot_description'
[0.245s] Level 1:colcon.colcon_core.package_identification:_identify(src/my_robot_interfaces) by extensions ['ignore', 'ignore_ament_install']
[0.245s] Level 1:colcon.colcon_core.package_identification:_identify(src/my_robot_interfaces) by extension 'ignore'
[0.246s] Level 1:colcon.colcon_core.package_identification:_identify(src/my_robot_interfaces) by extension 'ignore_ament_install'
[0.246s] Level 1:colcon.colcon_core.package_identification:_identify(src/my_robot_interfaces) by extensions ['colcon_pkg']
[0.246s] Level 1:colcon.colcon_core.package_identification:_identify(src/my_robot_interfaces) by extension 'colcon_pkg'
[0.246s] Level 1:colcon.colcon_core.package_identification:_identify(src/my_robot_interfaces) by extensions ['colcon_meta']
[0.246s] Level 1:colcon.colcon_core.package_identification:_identify(src/my_robot_interfaces) by extension 'colcon_meta'
[0.246s] Level 1:colcon.colcon_core.package_identification:_identify(src/my_robot_interfaces) by extensions ['ros']
[0.246s] Level 1:colcon.colcon_core.package_identification:_identify(src/my_robot_interfaces) by extension 'ros'
[0.247s] DEBUG:colcon.colcon_core.package_identification:Package 'src/my_robot_interfaces' with type 'ros.ament_cmake' and name 'my_robot_interfaces'
[0.247s] Level 1:colcon.colcon_core.package_discovery:discover_packages(recursive) using defaults
[0.247s] Level 1:colcon.colcon_core.package_discovery:discover_packages(ignore) discover
[0.247s] Level 1:colcon.colcon_core.package_discovery:discover_packages(ignore) using defaults
[0.247s] Level 1:colcon.colcon_core.package_discovery:discover_packages(path) discover
[0.247s] Level 1:colcon.colcon_core.package_discovery:discover_packages(path) using defaults
[0.268s] Level 1:colcon.colcon_core.package_discovery:discover_packages(prefix_path) check parameters
[0.268s] Level 1:colcon.colcon_core.package_discovery:discover_packages(prefix_path) discover
[0.269s] WARNING:colcon.colcon_ros.prefix_path.ament:The path '/home/adi/RosProjects/install/my_robot_bringup' in the environment variable AMENT_PREFIX_PATH doesn't exist
[0.270s] WARNING:colcon.colcon_ros.prefix_path.ament:The path '/home/adi/RosProjects/install/my_py_pkg' in the environment variable AMENT_PREFIX_PATH doesn't exist
[0.270s] WARNING:colcon.colcon_ros.prefix_path.ament:The path '/home/adi/RosProjects/install/my_robot_interfaces' in the environment variable AMENT_PREFIX_PATH doesn't exist
[0.270s] WARNING:colcon.colcon_ros.prefix_path.ament:The path '/home/adi/RosProjects/install/my_robot_description' in the environment variable AMENT_PREFIX_PATH doesn't exist
[0.270s] WARNING:colcon.colcon_ros.prefix_path.catkin:The path '/home/adi/RosProjects/install/my_robot_bringup' in the environment variable CMAKE_PREFIX_PATH doesn't exist
[0.271s] WARNING:colcon.colcon_ros.prefix_path.catkin:The path '/home/adi/RosProjects/install/my_robot_interfaces' in the environment variable CMAKE_PREFIX_PATH doesn't exist
[0.271s] WARNING:colcon.colcon_ros.prefix_path.catkin:The path '/home/adi/RosProjects/install/my_robot_description' in the environment variable CMAKE_PREFIX_PATH doesn't exist
[0.272s] DEBUG:colcon.colcon_installed_package_information.package_discovery:Found 0 installed packages in /home/adi/RosProjects/install
[0.274s] DEBUG:colcon.colcon_installed_package_information.package_discovery:Found 319 installed packages in /opt/ros/jazzy
[0.275s] Level 1:colcon.colcon_core.package_discovery:discover_packages(prefix_path) using defaults
[0.341s] Level 5:colcon.colcon_core.verb:set package 'my_robot_description' build argument 'cmake_args' from command line to 'None'
[0.342s] Level 5:colcon.colcon_core.verb:set package 'my_robot_description' build argument 'cmake_target' from command line to 'None'
[0.342s] Level 5:colcon.colcon_core.verb:set package 'my_robot_description' build argument 'cmake_target_skip_unavailable' from command line to 'False'
[0.342s] Level 5:colcon.colcon_core.verb:set package 'my_robot_description' build argument 'cmake_clean_cache' from command line to 'False'
[0.342s] Level 5:colcon.colcon_core.verb:set package 'my_robot_description' build argument 'cmake_clean_first' from command line to 'False'
[0.343s] Level 5:colcon.colcon_core.verb:set package 'my_robot_description' build argument 'cmake_force_configure' from command line to 'False'
[0.343s] Level 5:colcon.colcon_core.verb:set package 'my_robot_description' build argument 'ament_cmake_args' from command line to 'None'
[0.343s] Level 5:colcon.colcon_core.verb:set package 'my_robot_description' build argument 'catkin_cmake_args' from command line to 'None'
[0.343s] Level 5:colcon.colcon_core.verb:set package 'my_robot_description' build argument 'catkin_skip_building_tests' from command line to 'False'
[0.343s] DEBUG:colcon.colcon_core.verb:Building package 'my_robot_description' with the following arguments: {'ament_cmake_args': None, 'build_base': '/home/adi/RosProjects/build/my_robot_description', 'catkin_cmake_args': None, 'catkin_skip_building_tests': False, 'cmake_args': None, 'cmake_clean_cache': False, 'cmake_clean_first': False, 'cmake_force_configure': False, 'cmake_target': None, 'cmake_target_skip_unavailable': False, 'install_base': '/home/adi/RosProjects/install/my_robot_description', 'merge_install': False, 'path': '/home/adi/RosProjects/src/my_robot_description', 'symlink_install': True, 'test_result_base': None}
[0.344s] Level 5:colcon.colcon_core.verb:set package 'my_robot_interfaces' build argument 'cmake_args' from command line to 'None'
[0.344s] Level 5:colcon.colcon_core.verb:set package 'my_robot_interfaces' build argument 'cmake_target' from command line to 'None'
[0.344s] Level 5:colcon.colcon_core.verb:set package 'my_robot_interfaces' build argument 'cmake_target_skip_unavailable' from command line to 'False'
[0.344s] Level 5:colcon.colcon_core.verb:set package 'my_robot_interfaces' build argument 'cmake_clean_cache' from command line to 'False'
[0.344s] Level 5:colcon.colcon_core.verb:set package 'my_robot_interfaces' build argument 'cmake_clean_first' from command line to 'False'
[0.344s] Level 5:colcon.colcon_core.verb:set package 'my_robot_interfaces' build argument 'cmake_force_configure' from command line to 'False'
[0.344s] Level 5:colcon.colcon_core.verb:set package 'my_robot_interfaces' build argument 'ament_cmake_args' from command line to 'None'
[0.344s] Level 5:colcon.colcon_core.verb:set package 'my_robot_interfaces' build argument 'catkin_cmake_args' from command line to 'None'
[0.344s] Level 5:colcon.colcon_core.verb:set package 'my_robot_interfaces' build argument 'catkin_skip_building_tests' from command line to 'False'
[0.344s] DEBUG:colcon.colcon_core.verb:Building package 'my_robot_interfaces' with the following arguments: {'ament_cmake_args': None, 'build_base': '/home/adi/RosProjects/build/my_robot_interfaces', 'catkin_cmake_args': None, 'catkin_skip_building_tests': False, 'cmake_args': None, 'cmake_clean_cache': False, 'cmake_clean_first': False, 'cmake_force_configure': False, 'cmake_target': None, 'cmake_target_skip_unavailable': False, 'install_base': '/home/adi/RosProjects/install/my_robot_interfaces', 'merge_install': False, 'path': '/home/adi/RosProjects/src/my_robot_interfaces', 'symlink_install': True, 'test_result_base': None}
[0.344s] Level 5:colcon.colcon_core.verb:set package 'my_py_pkg' build argument 'cmake_args' from command line to 'None'
[0.344s] Level 5:colcon.colcon_core.verb:set package 'my_py_pkg' build argument 'cmake_target' from command line to 'None'
[0.344s] Level 5:colcon.colcon_core.verb:set package 'my_py_pkg' build argument 'cmake_target_skip_unavailable' from command line to 'False'
[0.344s] Level 5:colcon.colcon_core.verb:set package 'my_py_pkg' build argument 'cmake_clean_cache' from command line to 'False'
[0.345s] Level 5:colcon.colcon_core.verb:set package 'my_py_pkg' build argument 'cmake_clean_first' from command line to 'False'
[0.345s] Level 5:colcon.colcon_core.verb:set package 'my_py_pkg' build argument 'cmake_force_configure' from command line to 'False'
[0.345s] Level 5:colcon.colcon_core.verb:set package 'my_py_pkg' build argument 'ament_cmake_args' from command line to 'None'
[0.345s] Level 5:colcon.colcon_core.verb:set package 'my_py_pkg' build argument 'catkin_cmake_args' from command line to 'None'
[0.345s] Level 5:colcon.colcon_core.verb:set package 'my_py_pkg' build argument 'catkin_skip_building_tests' from command line to 'False'
[0.345s] DEBUG:colcon.colcon_core.verb:Building package 'my_py_pkg' with the following arguments: {'ament_cmake_args': None, 'build_base': '/home/adi/RosProjects/build/my_py_pkg', 'catkin_cmake_args': None, 'catkin_skip_building_tests': False, 'cmake_args': None, 'cmake_clean_cache': False, 'cmake_clean_first': False, 'cmake_force_configure': False, 'cmake_target': None, 'cmake_target_skip_unavailable': False, 'install_base': '/home/adi/RosProjects/install/my_py_pkg', 'merge_install': False, 'path': '/home/adi/RosProjects/src/my_py_pkg', 'symlink_install': True, 'test_result_base': None}
[0.345s] Level 5:colcon.colcon_core.verb:set package 'my_robot_bringup' build argument 'cmake_args' from command line to 'None'
[0.345s] Level 5:colcon.colcon_core.verb:set package 'my_robot_bringup' build argument 'cmake_target' from command line to 'None'
[0.345s] Level 5:colcon.colcon_core.verb:set package 'my_robot_bringup' build argument 'cmake_target_skip_unavailable' from command line to 'False'
[0.345s] Level 5:colcon.colcon_core.verb:set package 'my_robot_bringup' build argument 'cmake_clean_cache' from command line to 'False'
[0.345s] Level 5:colcon.colcon_core.verb:set package 'my_robot_bringup' build argument 'cmake_clean_first' from command line to 'False'
[0.345s] Level 5:colcon.colcon_core.verb:set package 'my_robot_bringup' build argument 'cmake_force_configure' from command line to 'False'
[0.345s] Level 5:colcon.colcon_core.verb:set package 'my_robot_bringup' build argument 'ament_cmake_args' from command line to 'None'
[0.345s] Level 5:colcon.colcon_core.verb:set package 'my_robot_bringup' build argument 'catkin_cmake_args' from command line to 'None'
[0.345s] Level 5:colcon.colcon_core.verb:set package 'my_robot_bringup' build argument 'catkin_skip_building_tests' from command line to 'False'
[0.346s] DEBUG:colcon.colcon_core.verb:Building package 'my_robot_bringup' with the following arguments: {'ament_cmake_args': None, 'build_base': '/home/adi/RosProjects/build/my_robot_bringup', 'catkin_cmake_args': None, 'catkin_skip_building_tests': False, 'cmake_args': None, 'cmake_clean_cache': False, 'cmake_clean_first': False, 'cmake_force_configure': False, 'cmake_target': None, 'cmake_target_skip_unavailable': False, 'install_base': '/home/adi/RosProjects/install/my_robot_bringup', 'merge_install': False, 'path': '/home/adi/RosProjects/src/my_robot_bringup', 'symlink_install': True, 'test_result_base': None}
[0.346s] INFO:colcon.colcon_core.executor:Executing jobs using 'parallel' executor
[0.347s] DEBUG:colcon.colcon_parallel_executor.executor.parallel:run_until_complete
[0.347s] INFO:colcon.colcon_ros.task.ament_cmake.build:Building ROS package in '/home/adi/RosProjects/src/my_robot_interfaces' with build type 'ament_cmake'
[0.347s] INFO:colcon.colcon_cmake.task.cmake.build:Building CMake package in '/home/adi/RosProjects/src/my_robot_interfaces'
[0.349s] INFO:colcon.colcon_core.plugin_system:Skipping extension 'colcon_core.shell.bat': Not used on non-Windows systems
[0.349s] INFO:colcon.colcon_core.shell:Skip shell extension 'powershell' for command environment: Not usable outside of PowerShell
[0.349s] DEBUG:colcon.colcon_core.shell:Skip shell extension 'dsv' for command environment
[0.355s] INFO:colcon.colcon_ros.task.ament_cmake.build:Building ROS package in '/home/adi/RosProjects/src/my_robot_description' with build type 'ament_cmake'
[0.355s] INFO:colcon.colcon_cmake.task.cmake.build:Building CMake package in '/home/adi/RosProjects/src/my_robot_description'
[0.355s] INFO:colcon.colcon_core.shell:Skip shell extension 'powershell' for command environment: Not usable outside of PowerShell
[0.355s] DEBUG:colcon.colcon_core.shell:Skip shell extension 'dsv' for command environment
[0.368s] DEBUG:colcon.colcon_core.event_handler.log_command:Invoking command in '/home/adi/RosProjects/build/my_robot_interfaces': CMAKE_PREFIX_PATH=${CMAKE_PREFIX_PATH}:/home/adi/RosProjects/install/my_py_pkg:/opt/ros/jazzy DEBUGINFOD_URLS=https://debuginfod.ubuntu.com /usr/bin/cmake /home/adi/RosProjects/src/my_robot_interfaces -DAMENT_CMAKE_SYMLINK_INSTALL=1 -DCMAKE_INSTALL_PREFIX=/home/adi/RosProjects/install/my_robot_interfaces
[0.379s] DEBUG:colcon.colcon_core.event_handler.log_command:Invoking command in '/home/adi/RosProjects/build/my_robot_description': CMAKE_PREFIX_PATH=${CMAKE_PREFIX_PATH}:/home/adi/RosProjects/install/my_py_pkg:/opt/ros/jazzy DEBUGINFOD_URLS=https://debuginfod.ubuntu.com /usr/bin/cmake /home/adi/RosProjects/src/my_robot_description -DAMENT_CMAKE_SYMLINK_INSTALL=1 -DCMAKE_INSTALL_PREFIX=/home/adi/RosProjects/install/my_robot_description
[1.865s] DEBUG:colcon.colcon_core.event_handler.log_command:Invoked command in '/home/adi/RosProjects/build/my_robot_description' returned '0': CMAKE_PREFIX_PATH=${CMAKE_PREFIX_PATH}:/home/adi/RosProjects/install/my_py_pkg:/opt/ros/jazzy DEBUGINFOD_URLS=https://debuginfod.ubuntu.com /usr/bin/cmake /home/adi/RosProjects/src/my_robot_description -DAMENT_CMAKE_SYMLINK_INSTALL=1 -DCMAKE_INSTALL_PREFIX=/home/adi/RosProjects/install/my_robot_description
[1.866s] DEBUG:colcon.colcon_core.event_handler.log_command:Invoking command in '/home/adi/RosProjects/build/my_robot_description': CMAKE_PREFIX_PATH=${CMAKE_PREFIX_PATH}:/home/adi/RosProjects/install/my_py_pkg:/opt/ros/jazzy DEBUGINFOD_URLS=https://debuginfod.ubuntu.com /usr/bin/cmake --build /home/adi/RosProjects/build/my_robot_description -- -j4 -l4
[1.948s] DEBUG:colcon.colcon_core.event_handler.log_command:Invoked command in '/home/adi/RosProjects/build/my_robot_description' returned '0': CMAKE_PREFIX_PATH=${CMAKE_PREFIX_PATH}:/home/adi/RosProjects/install/my_py_pkg:/opt/ros/jazzy DEBUGINFOD_URLS=https://debuginfod.ubuntu.com /usr/bin/cmake --build /home/adi/RosProjects/build/my_robot_description -- -j4 -l4
[1.971s] DEBUG:colcon.colcon_core.event_handler.log_command:Invoking command in '/home/adi/RosProjects/build/my_robot_description': CMAKE_PREFIX_PATH=${CMAKE_PREFIX_PATH}:/home/adi/RosProjects/install/my_py_pkg:/opt/ros/jazzy DEBUGINFOD_URLS=https://debuginfod.ubuntu.com /usr/bin/cmake --install /home/adi/RosProjects/build/my_robot_description
[2.579s] Level 1:colcon.colcon_core.environment:create_environment_scripts_only(my_robot_description)
[2.579s] DEBUG:colcon.colcon_core.event_handler.log_command:Invoked command in '/home/adi/RosProjects/build/my_robot_description' returned '0': CMAKE_PREFIX_PATH=${CMAKE_PREFIX_PATH}:/home/adi/RosProjects/install/my_py_pkg:/opt/ros/jazzy DEBUGINFOD_URLS=https://debuginfod.ubuntu.com /usr/bin/cmake --install /home/adi/RosProjects/build/my_robot_description
[2.582s] Level 1:colcon.colcon_core.environment:checking '/home/adi/RosProjects/install/my_robot_description' for CMake module files
[2.589s] Level 1:colcon.colcon_core.environment:checking '/home/adi/RosProjects/install/my_robot_description' for CMake config files
[2.589s] Level 1:colcon.colcon_core.shell:create_environment_hook('my_robot_description', 'cmake_prefix_path')
[2.590s] INFO:colcon.colcon_core.shell:Creating environment hook '/home/adi/RosProjects/install/my_robot_description/share/my_robot_description/hook/cmake_prefix_path.ps1'
[2.590s] INFO:colcon.colcon_core.shell:Creating environment descriptor '/home/adi/RosProjects/install/my_robot_description/share/my_robot_description/hook/cmake_prefix_path.dsv'
[2.591s] INFO:colcon.colcon_core.shell:Creating environment hook '/home/adi/RosProjects/install/my_robot_description/share/my_robot_description/hook/cmake_prefix_path.sh'
[2.593s] Level 1:colcon.colcon_core.environment:checking '/home/adi/RosProjects/install/my_robot_description/bin'
[2.593s] Level 1:colcon.colcon_core.environment:checking '/home/adi/RosProjects/install/my_robot_description/lib/pkgconfig/my_robot_description.pc'
[2.594s] Level 1:colcon.colcon_core.environment:checking '/home/adi/RosProjects/install/my_robot_description/lib/python3.12/site-packages'
[2.594s] Level 1:colcon.colcon_core.environment:checking '/home/adi/RosProjects/install/my_robot_description/bin'
[2.594s] INFO:colcon.colcon_core.shell:Creating package script '/home/adi/RosProjects/install/my_robot_description/share/my_robot_description/package.ps1'
[2.595s] INFO:colcon.colcon_core.shell:Creating package descriptor '/home/adi/RosProjects/install/my_robot_description/share/my_robot_description/package.dsv'
[2.596s] INFO:colcon.colcon_core.shell:Creating package script '/home/adi/RosProjects/install/my_robot_description/share/my_robot_description/package.sh'
[2.596s] INFO:colcon.colcon_core.shell:Creating package script '/home/adi/RosProjects/install/my_robot_description/share/my_robot_description/package.bash'
[2.597s] INFO:colcon.colcon_core.shell:Creating package script '/home/adi/RosProjects/install/my_robot_description/share/my_robot_description/package.zsh'
[2.597s] Level 1:colcon.colcon_core.environment:create_file_with_runtime_dependencies(/home/adi/RosProjects/install/my_robot_description/share/colcon-core/packages/my_robot_description)
[2.598s] Level 1:colcon.colcon_core.environment:create_environment_scripts_only(my_robot_description)
[2.598s] Level 1:colcon.colcon_core.environment:checking '/home/adi/RosProjects/install/my_robot_description' for CMake module files
[2.599s] Level 1:colcon.colcon_core.environment:checking '/home/adi/RosProjects/install/my_robot_description' for CMake config files
[2.599s] Level 1:colcon.colcon_core.shell:create_environment_hook('my_robot_description', 'cmake_prefix_path')
[2.599s] INFO:colcon.colcon_core.shell:Creating environment hook '/home/adi/RosProjects/install/my_robot_description/share/my_robot_description/hook/cmake_prefix_path.ps1'
[2.600s] INFO:colcon.colcon_core.shell:Creating environment descriptor '/home/adi/RosProjects/install/my_robot_description/share/my_robot_description/hook/cmake_prefix_path.dsv'
[2.601s] INFO:colcon.colcon_core.shell:Creating environment hook '/home/adi/RosProjects/install/my_robot_description/share/my_robot_description/hook/cmake_prefix_path.sh'
[2.602s] Level 1:colcon.colcon_core.environment:checking '/home/adi/RosProjects/install/my_robot_description/bin'
[2.602s] Level 1:colcon.colcon_core.environment:checking '/home/adi/RosProjects/install/my_robot_description/lib/pkgconfig/my_robot_description.pc'
[2.603s] Level 1:colcon.colcon_core.environment:checking '/home/adi/RosProjects/install/my_robot_description/lib/python3.12/site-packages'
[2.604s] Level 1:colcon.colcon_core.environment:checking '/home/adi/RosProjects/install/my_robot_description/bin'
[2.604s] INFO:colcon.colcon_core.shell:Creating package script '/home/adi/RosProjects/install/my_robot_description/share/my_robot_description/package.ps1'
[2.605s] INFO:colcon.colcon_core.shell:Creating package descriptor '/home/adi/RosProjects/install/my_robot_description/share/my_robot_description/package.dsv'
[2.606s] INFO:colcon.colcon_core.shell:Creating package script '/home/adi/RosProjects/install/my_robot_description/share/my_robot_description/package.sh'
[2.607s] INFO:colcon.colcon_core.shell:Creating package script '/home/adi/RosProjects/install/my_robot_description/share/my_robot_description/package.bash'
[2.608s] INFO:colcon.colcon_core.shell:Creating package script '/home/adi/RosProjects/install/my_robot_description/share/my_robot_description/package.zsh'
[2.609s] Level 1:colcon.colcon_core.environment:create_file_with_runtime_dependencies(/home/adi/RosProjects/install/my_robot_description/share/colcon-core/packages/my_robot_description)
[5.875s] DEBUG:colcon.colcon_core.event_handler.log_command:Invoked command in '/home/adi/RosProjects/build/my_robot_interfaces' returned '0': CMAKE_PREFIX_PATH=${CMAKE_PREFIX_PATH}:/home/adi/RosProjects/install/my_py_pkg:/opt/ros/jazzy DEBUGINFOD_URLS=https://debuginfod.ubuntu.com /usr/bin/cmake /home/adi/RosProjects/src/my_robot_interfaces -DAMENT_CMAKE_SYMLINK_INSTALL=1 -DCMAKE_INSTALL_PREFIX=/home/adi/RosProjects/install/my_robot_interfaces
[5.875s] DEBUG:colcon.colcon_core.event_handler.log_command:Invoking command in '/home/adi/RosProjects/build/my_robot_interfaces': CMAKE_PREFIX_PATH=${CMAKE_PREFIX_PATH}:/home/adi/RosProjects/install/my_py_pkg:/opt/ros/jazzy DEBUGINFOD_URLS=https://debuginfod.ubuntu.com /usr/bin/cmake --build /home/adi/RosProjects/build/my_robot_interfaces -- -j4 -l4
[45.293s] DEBUG:colcon.colcon_core.event_handler.log_command:Invoked command in '/home/adi/RosProjects/build/my_robot_interfaces' returned '0': CMAKE_PREFIX_PATH=${CMAKE_PREFIX_PATH}:/home/adi/RosProjects/install/my_py_pkg:/opt/ros/jazzy DEBUGINFOD_URLS=https://debuginfod.ubuntu.com /usr/bin/cmake --build /home/adi/RosProjects/build/my_robot_interfaces -- -j4 -l4
[45.295s] DEBUG:colcon.colcon_core.event_handler.log_command:Invoking command in '/home/adi/RosProjects/build/my_robot_interfaces': CMAKE_PREFIX_PATH=${CMAKE_PREFIX_PATH}:/home/adi/RosProjects/install/my_py_pkg:/opt/ros/jazzy DEBUGINFOD_URLS=https://debuginfod.ubuntu.com /usr/bin/cmake --install /home/adi/RosProjects/build/my_robot_interfaces
[48.201s] Level 1:colcon.colcon_core.environment:create_environment_scripts_only(my_robot_interfaces)
[48.203s] Level 1:colcon.colcon_core.environment:checking '/home/adi/RosProjects/install/my_robot_interfaces' for CMake module files
[48.203s] Level 1:colcon.colcon_core.environment:checking '/home/adi/RosProjects/install/my_robot_interfaces' for CMake config files
[48.204s] Level 1:colcon.colcon_core.shell:create_environment_hook('my_robot_interfaces', 'cmake_prefix_path')
[48.204s] INFO:colcon.colcon_core.shell:Creating environment hook '/home/adi/RosProjects/install/my_robot_interfaces/share/my_robot_interfaces/hook/cmake_prefix_path.ps1'
[48.211s] INFO:colcon.colcon_core.shell:Creating environment descriptor '/home/adi/RosProjects/install/my_robot_interfaces/share/my_robot_interfaces/hook/cmake_prefix_path.dsv'
[48.211s] INFO:colcon.colcon_core.shell:Creating environment hook '/home/adi/RosProjects/install/my_robot_interfaces/share/my_robot_interfaces/hook/cmake_prefix_path.sh'
[48.212s] Level 1:colcon.colcon_core.environment:checking '/home/adi/RosProjects/install/my_robot_interfaces/lib'
[48.212s] Level 1:colcon.colcon_core.shell:create_environment_hook('my_robot_interfaces', 'ld_library_path_lib')
[48.212s] INFO:colcon.colcon_core.shell:Creating environment hook '/home/adi/RosProjects/install/my_robot_interfaces/share/my_robot_interfaces/hook/ld_library_path_lib.ps1'
[48.212s] INFO:colcon.colcon_core.shell:Creating environment descriptor '/home/adi/RosProjects/install/my_robot_interfaces/share/my_robot_interfaces/hook/ld_library_path_lib.dsv'
[48.213s] DEBUG:colcon.colcon_core.event_handler.log_command:Invoked command in '/home/adi/RosProjects/build/my_robot_interfaces' returned '0': CMAKE_PREFIX_PATH=${CMAKE_PREFIX_PATH}:/home/adi/RosProjects/install/my_py_pkg:/opt/ros/jazzy DEBUGINFOD_URLS=https://debuginfod.ubuntu.com /usr/bin/cmake --install /home/adi/RosProjects/build/my_robot_interfaces
[48.214s] INFO:colcon.colcon_core.shell:Creating environment hook '/home/adi/RosProjects/install/my_robot_interfaces/share/my_robot_interfaces/hook/ld_library_path_lib.sh'
[48.215s] Level 1:colcon.colcon_core.environment:checking '/home/adi/RosProjects/install/my_robot_interfaces/bin'
[48.216s] Level 1:colcon.colcon_core.environment:checking '/home/adi/RosProjects/install/my_robot_interfaces/lib/pkgconfig/my_robot_interfaces.pc'
[48.216s] Level 1:colcon.colcon_core.environment:checking '/home/adi/RosProjects/install/my_robot_interfaces/lib/python3.12/site-packages'
[48.216s] Level 1:colcon.colcon_core.shell:create_environment_hook('my_robot_interfaces', 'pythonpath')
[48.218s] INFO:colcon.colcon_core.shell:Creating environment hook '/home/adi/RosProjects/install/my_robot_interfaces/share/my_robot_interfaces/hook/pythonpath.ps1'
[48.218s] INFO:colcon.colcon_core.shell:Creating environment descriptor '/home/adi/RosProjects/install/my_robot_interfaces/share/my_robot_interfaces/hook/pythonpath.dsv'
[48.218s] INFO:colcon.colcon_core.shell:Creating environment hook '/home/adi/RosProjects/install/my_robot_interfaces/share/my_robot_interfaces/hook/pythonpath.sh'
[48.220s] Level 1:colcon.colcon_core.environment:checking '/home/adi/RosProjects/install/my_robot_interfaces/bin'
[48.220s] INFO:colcon.colcon_core.shell:Creating package script '/home/adi/RosProjects/install/my_robot_interfaces/share/my_robot_interfaces/package.ps1'
[48.222s] INFO:colcon.colcon_core.shell:Creating package descriptor '/home/adi/RosProjects/install/my_robot_interfaces/share/my_robot_interfaces/package.dsv'
[48.222s] INFO:colcon.colcon_core.shell:Creating package script '/home/adi/RosProjects/install/my_robot_interfaces/share/my_robot_interfaces/package.sh'
[48.224s] INFO:colcon.colcon_core.shell:Creating package script '/home/adi/RosProjects/install/my_robot_interfaces/share/my_robot_interfaces/package.bash'
[48.224s] INFO:colcon.colcon_core.shell:Creating package script '/home/adi/RosProjects/install/my_robot_interfaces/share/my_robot_interfaces/package.zsh'
[48.226s] Level 1:colcon.colcon_core.environment:create_file_with_runtime_dependencies(/home/adi/RosProjects/install/my_robot_interfaces/share/colcon-core/packages/my_robot_interfaces)
[48.227s] Level 1:colcon.colcon_core.environment:create_environment_scripts_only(my_robot_interfaces)
[48.228s] Level 1:colcon.colcon_core.environment:checking '/home/adi/RosProjects/install/my_robot_interfaces' for CMake module files
[48.228s] Level 1:colcon.colcon_core.environment:checking '/home/adi/RosProjects/install/my_robot_interfaces' for CMake config files
[48.229s] Level 1:colcon.colcon_core.shell:create_environment_hook('my_robot_interfaces', 'cmake_prefix_path')
[48.229s] INFO:colcon.colcon_core.shell:Creating environment hook '/home/adi/RosProjects/install/my_robot_interfaces/share/my_robot_interfaces/hook/cmake_prefix_path.ps1'
[48.229s] INFO:colcon.colcon_core.shell:Creating environment descriptor '/home/adi/RosProjects/install/my_robot_interfaces/share/my_robot_interfaces/hook/cmake_prefix_path.dsv'
[48.230s] INFO:colcon.colcon_core.shell:Creating environment hook '/home/adi/RosProjects/install/my_robot_interfaces/share/my_robot_interfaces/hook/cmake_prefix_path.sh'
[48.231s] Level 1:colcon.colcon_core.environment:checking '/home/adi/RosProjects/install/my_robot_interfaces/lib'
[48.231s] Level 1:colcon.colcon_core.shell:create_environment_hook('my_robot_interfaces', 'ld_library_path_lib')
[48.232s] INFO:colcon.colcon_core.shell:Creating environment hook '/home/adi/RosProjects/install/my_robot_interfaces/share/my_robot_interfaces/hook/ld_library_path_lib.ps1'
[48.232s] INFO:colcon.colcon_core.shell:Creating environment descriptor '/home/adi/RosProjects/install/my_robot_interfaces/share/my_robot_interfaces/hook/ld_library_path_lib.dsv'
[48.233s] INFO:colcon.colcon_core.shell:Creating environment hook '/home/adi/RosProjects/install/my_robot_interfaces/share/my_robot_interfaces/hook/ld_library_path_lib.sh'
[48.234s] Level 1:colcon.colcon_core.environment:checking '/home/adi/RosProjects/install/my_robot_interfaces/bin'
[48.234s] Level 1:colcon.colcon_core.environment:checking '/home/adi/RosProjects/install/my_robot_interfaces/lib/pkgconfig/my_robot_interfaces.pc'
[48.235s] Level 1:colcon.colcon_core.environment:checking '/home/adi/RosProjects/install/my_robot_interfaces/lib/python3.12/site-packages'
[48.235s] Level 1:colcon.colcon_core.shell:create_environment_hook('my_robot_interfaces', 'pythonpath')
[48.236s] INFO:colcon.colcon_core.shell:Creating environment hook '/home/adi/RosProjects/install/my_robot_interfaces/share/my_robot_interfaces/hook/pythonpath.ps1'
[48.237s] INFO:colcon.colcon_core.shell:Creating environment descriptor '/home/adi/RosProjects/install/my_robot_interfaces/share/my_robot_interfaces/hook/pythonpath.dsv'
[48.237s] INFO:colcon.colcon_core.shell:Creating environment hook '/home/adi/RosProjects/install/my_robot_interfaces/share/my_robot_interfaces/hook/pythonpath.sh'
[48.239s] Level 1:colcon.colcon_core.environment:checking '/home/adi/RosProjects/install/my_robot_interfaces/bin'
[48.240s] INFO:colcon.colcon_core.shell:Creating package script '/home/adi/RosProjects/install/my_robot_interfaces/share/my_robot_interfaces/package.ps1'
[48.240s] INFO:colcon.colcon_core.shell:Creating package descriptor '/home/adi/RosProjects/install/my_robot_interfaces/share/my_robot_interfaces/package.dsv'
[48.242s] INFO:colcon.colcon_core.shell:Creating package script '/home/adi/RosProjects/install/my_robot_interfaces/share/my_robot_interfaces/package.sh'
[48.243s] INFO:colcon.colcon_core.shell:Creating package script '/home/adi/RosProjects/install/my_robot_interfaces/share/my_robot_interfaces/package.bash'
[48.244s] INFO:colcon.colcon_core.shell:Creating package script '/home/adi/RosProjects/install/my_robot_interfaces/share/my_robot_interfaces/package.zsh'
[48.246s] Level 1:colcon.colcon_core.environment:create_file_with_runtime_dependencies(/home/adi/RosProjects/install/my_robot_interfaces/share/colcon-core/packages/my_robot_interfaces)
[48.247s] INFO:colcon.colcon_ros.task.ament_python.build:Building ROS package in '/home/adi/RosProjects/src/my_py_pkg' with build type 'ament_python'
[48.247s] Level 1:colcon.colcon_core.shell:create_environment_hook('my_py_pkg', 'ament_prefix_path')
[48.247s] INFO:colcon.colcon_core.shell:Creating environment hook '/home/adi/RosProjects/install/my_py_pkg/share/my_py_pkg/hook/ament_prefix_path.ps1'
[48.250s] INFO:colcon.colcon_core.shell:Creating environment descriptor '/home/adi/RosProjects/install/my_py_pkg/share/my_py_pkg/hook/ament_prefix_path.dsv'
[48.250s] INFO:colcon.colcon_core.shell:Creating environment hook '/home/adi/RosProjects/install/my_py_pkg/share/my_py_pkg/hook/ament_prefix_path.sh'
[48.251s] INFO:colcon.colcon_core.shell:Skip shell extension 'powershell' for command environment: Not usable outside of PowerShell
[48.251s] DEBUG:colcon.colcon_core.shell:Skip shell extension 'dsv' for command environment
[48.565s] INFO:colcon.colcon_core.task.python.build:Building Python package in '/home/adi/RosProjects/src/my_py_pkg'
[48.566s] INFO:colcon.colcon_core.shell:Skip shell extension 'powershell' for command environment: Not usable outside of PowerShell
[48.566s] DEBUG:colcon.colcon_core.shell:Skip shell extension 'dsv' for command environment
[49.396s] DEBUG:colcon.colcon_core.event_handler.log_command:Invoking command in '/home/adi/RosProjects/build/my_py_pkg': CMAKE_PREFIX_PATH=/home/adi/RosProjects/install/my_robot_interfaces:/home/adi/RosProjects/install/my_robot_bringup:/home/adi/RosProjects/install/my_robot_description:/opt/ros/jazzy/opt/gz_sim_vendor:/opt/ros/jazzy/opt/gz_sensors_vendor:/opt/ros/jazzy/opt/gz_physics_vendor:/opt/ros/jazzy/opt/sdformat_vendor:/opt/ros/jazzy/opt/gz_gui_vendor:/opt/ros/jazzy/opt/gz_transport_vendor:/opt/ros/jazzy/opt/gz_rendering_vendor:/opt/ros/jazzy/opt/gz_plugin_vendor:/opt/ros/jazzy/opt/gz_fuel_tools_vendor:/opt/ros/jazzy/opt/gz_msgs_vendor:/opt/ros/jazzy/opt/gz_common_vendor:/opt/ros/jazzy/opt/gz_math_vendor:/opt/ros/jazzy/opt/gz_utils_vendor:/opt/ros/jazzy/opt/gz_tools_vendor:/opt/ros/jazzy/opt/gz_ogre_next_vendor:/opt/ros/jazzy/opt/gz_dartsim_vendor:/opt/ros/jazzy/opt/gz_cmake_vendor DEBUGINFOD_URLS=https://debuginfod.ubuntu.com PYTHONPATH=/home/adi/RosProjects/build/my_py_pkg/prefix_override:/usr/lib/python3/dist-packages/colcon_core/task/python/colcon_distutils_commands:/home/adi/RosProjects/install/my_py_pkg/lib/python3.12/site-packages:/home/adi/RosProjects/install/my_robot_interfaces/lib/python3.12/site-packages:/home/adi/RosProjects/install/my_py_pkg/lib/python3.12/site-packages:/opt/ros/jazzy/lib/python3.12/site-packages /usr/bin/python3 -W ignore:setup.py install is deprecated -W ignore:easy_install command is deprecated setup.py develop --editable --build-directory /home/adi/RosProjects/build/my_py_pkg/build --no-deps symlink_data
[50.212s] Level 1:colcon.colcon_core.shell:create_environment_hook('my_py_pkg', 'pythonpath_develop')
[50.212s] INFO:colcon.colcon_core.shell:Creating environment hook '/home/adi/RosProjects/build/my_py_pkg/share/my_py_pkg/hook/pythonpath_develop.ps1'
[50.213s] INFO:colcon.colcon_core.shell:Creating environment descriptor '/home/adi/RosProjects/build/my_py_pkg/share/my_py_pkg/hook/pythonpath_develop.dsv'
[50.216s] DEBUG:colcon.colcon_core.event_handler.log_command:Invoked command in '/home/adi/RosProjects/build/my_py_pkg' returned '0': CMAKE_PREFIX_PATH=/home/adi/RosProjects/install/my_robot_interfaces:/home/adi/RosProjects/install/my_robot_bringup:/home/adi/RosProjects/install/my_robot_description:/opt/ros/jazzy/opt/gz_sim_vendor:/opt/ros/jazzy/opt/gz_sensors_vendor:/opt/ros/jazzy/opt/gz_physics_vendor:/opt/ros/jazzy/opt/sdformat_vendor:/opt/ros/jazzy/opt/gz_gui_vendor:/opt/ros/jazzy/opt/gz_transport_vendor:/opt/ros/jazzy/opt/gz_rendering_vendor:/opt/ros/jazzy/opt/gz_plugin_vendor:/opt/ros/jazzy/opt/gz_fuel_tools_vendor:/opt/ros/jazzy/opt/gz_msgs_vendor:/opt/ros/jazzy/opt/gz_common_vendor:/opt/ros/jazzy/opt/gz_math_vendor:/opt/ros/jazzy/opt/gz_utils_vendor:/opt/ros/jazzy/opt/gz_tools_vendor:/opt/ros/jazzy/opt/gz_ogre_next_vendor:/opt/ros/jazzy/opt/gz_dartsim_vendor:/opt/ros/jazzy/opt/gz_cmake_vendor DEBUGINFOD_URLS=https://debuginfod.ubuntu.com PYTHONPATH=/home/adi/RosProjects/build/my_py_pkg/prefix_override:/usr/lib/python3/dist-packages/colcon_core/task/python/colcon_distutils_commands:/home/adi/RosProjects/install/my_py_pkg/lib/python3.12/site-packages:/home/adi/RosProjects/install/my_robot_interfaces/lib/python3.12/site-packages:/home/adi/RosProjects/install/my_py_pkg/lib/python3.12/site-packages:/opt/ros/jazzy/lib/python3.12/site-packages /usr/bin/python3 -W ignore:setup.py install is deprecated -W ignore:easy_install command is deprecated setup.py develop --editable --build-directory /home/adi/RosProjects/build/my_py_pkg/build --no-deps symlink_data
[50.218s] INFO:colcon.colcon_core.shell:Creating environment hook '/home/adi/RosProjects/build/my_py_pkg/share/my_py_pkg/hook/pythonpath_develop.sh'
[50.218s] Level 1:colcon.colcon_core.environment:checking '/home/adi/RosProjects/install/my_py_pkg' for CMake module files
[50.222s] Level 1:colcon.colcon_core.environment:checking '/home/adi/RosProjects/install/my_py_pkg' for CMake config files
[50.223s] Level 1:colcon.colcon_core.environment:checking '/home/adi/RosProjects/install/my_py_pkg/lib'
[50.223s] Level 1:colcon.colcon_core.environment:checking '/home/adi/RosProjects/install/my_py_pkg/bin'
[50.224s] Level 1:colcon.colcon_core.environment:checking '/home/adi/RosProjects/install/my_py_pkg/lib/pkgconfig/my_py_pkg.pc'
[50.224s] Level 1:colcon.colcon_core.environment:checking '/home/adi/RosProjects/install/my_py_pkg/lib/python3.12/site-packages'
[50.224s] Level 1:colcon.colcon_core.shell:create_environment_hook('my_py_pkg', 'pythonpath')
[50.224s] INFO:colcon.colcon_core.shell:Creating environment hook '/home/adi/RosProjects/install/my_py_pkg/share/my_py_pkg/hook/pythonpath.ps1'
[50.228s] INFO:colcon.colcon_core.shell:Creating environment descriptor '/home/adi/RosProjects/install/my_py_pkg/share/my_py_pkg/hook/pythonpath.dsv'
[50.229s] INFO:colcon.colcon_core.shell:Creating environment hook '/home/adi/RosProjects/install/my_py_pkg/share/my_py_pkg/hook/pythonpath.sh'
[50.230s] Level 1:colcon.colcon_core.environment:checking '/home/adi/RosProjects/install/my_py_pkg/bin'
[50.233s] Level 1:colcon.colcon_core.environment:create_environment_scripts_only(my_py_pkg)
[50.233s] INFO:colcon.colcon_core.shell:Creating package script '/home/adi/RosProjects/install/my_py_pkg/share/my_py_pkg/package.ps1'
[50.234s] INFO:colcon.colcon_core.shell:Creating package descriptor '/home/adi/RosProjects/install/my_py_pkg/share/my_py_pkg/package.dsv'
[50.234s] INFO:colcon.colcon_core.shell:Creating package script '/home/adi/RosProjects/install/my_py_pkg/share/my_py_pkg/package.sh'
[50.242s] INFO:colcon.colcon_core.shell:Creating package script '/home/adi/RosProjects/install/my_py_pkg/share/my_py_pkg/package.bash'
[50.242s] INFO:colcon.colcon_core.shell:Creating package script '/home/adi/RosProjects/install/my_py_pkg/share/my_py_pkg/package.zsh'
[50.245s] Level 1:colcon.colcon_core.environment:create_file_with_runtime_dependencies(/home/adi/RosProjects/install/my_py_pkg/share/colcon-core/packages/my_py_pkg)
[50.247s] INFO:colcon.colcon_ros.task.ament_cmake.build:Building ROS package in '/home/adi/RosProjects/src/my_robot_bringup' with build type 'ament_cmake'
[50.248s] INFO:colcon.colcon_cmake.task.cmake.build:Building CMake package in '/home/adi/RosProjects/src/my_robot_bringup'
[50.248s] INFO:colcon.colcon_core.shell:Skip shell extension 'powershell' for command environment: Not usable outside of PowerShell
[50.248s] DEBUG:colcon.colcon_core.shell:Skip shell extension 'dsv' for command environment
[50.273s] DEBUG:colcon.colcon_core.event_handler.log_command:Invoking command in '/home/adi/RosProjects/build/my_robot_bringup': AMENT_PREFIX_PATH=/home/adi/RosProjects/install/my_py_pkg:/home/adi/RosProjects/install/my_robot_bringup:/home/adi/RosProjects/install/my_robot_interfaces:/home/adi/RosProjects/install/my_robot_description:/opt/ros/jazzy CMAKE_PREFIX_PATH=/home/adi/RosProjects/install/my_robot_interfaces:/home/adi/RosProjects/install/my_robot_bringup:/home/adi/RosProjects/install/my_robot_description:/opt/ros/jazzy/opt/gz_sim_vendor:/opt/ros/jazzy/opt/gz_sensors_vendor:/opt/ros/jazzy/opt/gz_physics_vendor:/opt/ros/jazzy/opt/sdformat_vendor:/opt/ros/jazzy/opt/gz_gui_vendor:/opt/ros/jazzy/opt/gz_transport_vendor:/opt/ros/jazzy/opt/gz_rendering_vendor:/opt/ros/jazzy/opt/gz_plugin_vendor:/opt/ros/jazzy/opt/gz_fuel_tools_vendor:/opt/ros/jazzy/opt/gz_msgs_vendor:/opt/ros/jazzy/opt/gz_common_vendor:/opt/ros/jazzy/opt/gz_math_vendor:/opt/ros/jazzy/opt/gz_utils_vendor:/opt/ros/jazzy/opt/gz_tools_vendor:/opt/ros/jazzy/opt/gz_ogre_next_vendor:/opt/ros/jazzy/opt/gz_dartsim_vendor:/opt/ros/jazzy/opt/gz_cmake_vendor:/home/adi/RosProjects/install/my_py_pkg:/opt/ros/jazzy DEBUGINFOD_URLS=https://debuginfod.ubuntu.com PYTHONPATH=/home/adi/RosProjects/build/my_py_pkg:${PYTHONPATH} /usr/bin/cmake /home/adi/RosProjects/src/my_robot_bringup -DAMENT_CMAKE_SYMLINK_INSTALL=1 -DCMAKE_INSTALL_PREFIX=/home/adi/RosProjects/install/my_robot_bringup
[51.614s] DEBUG:colcon.colcon_core.event_handler.log_command:Invoked command in '/home/adi/RosProjects/build/my_robot_bringup' returned '0': AMENT_PREFIX_PATH=/home/adi/RosProjects/install/my_py_pkg:/home/adi/RosProjects/install/my_robot_bringup:/home/adi/RosProjects/install/my_robot_interfaces:/home/adi/RosProjects/install/my_robot_description:/opt/ros/jazzy CMAKE_PREFIX_PATH=/home/adi/RosProjects/install/my_robot_interfaces:/home/adi/RosProjects/install/my_robot_bringup:/home/adi/RosProjects/install/my_robot_description:/opt/ros/jazzy/opt/gz_sim_vendor:/opt/ros/jazzy/opt/gz_sensors_vendor:/opt/ros/jazzy/opt/gz_physics_vendor:/opt/ros/jazzy/opt/sdformat_vendor:/opt/ros/jazzy/opt/gz_gui_vendor:/opt/ros/jazzy/opt/gz_transport_vendor:/opt/ros/jazzy/opt/gz_rendering_vendor:/opt/ros/jazzy/opt/gz_plugin_vendor:/opt/ros/jazzy/opt/gz_fuel_tools_vendor:/opt/ros/jazzy/opt/gz_msgs_vendor:/opt/ros/jazzy/opt/gz_common_vendor:/opt/ros/jazzy/opt/gz_math_vendor:/opt/ros/jazzy/opt/gz_utils_vendor:/opt/ros/jazzy/opt/gz_tools_vendor:/opt/ros/jazzy/opt/gz_ogre_next_vendor:/opt/ros/jazzy/opt/gz_dartsim_vendor:/opt/ros/jazzy/opt/gz_cmake_vendor:/home/adi/RosProjects/install/my_py_pkg:/opt/ros/jazzy DEBUGINFOD_URLS=https://debuginfod.ubuntu.com PYTHONPATH=/home/adi/RosProjects/build/my_py_pkg:${PYTHONPATH} /usr/bin/cmake /home/adi/RosProjects/src/my_robot_bringup -DAMENT_CMAKE_SYMLINK_INSTALL=1 -DCMAKE_INSTALL_PREFIX=/home/adi/RosProjects/install/my_robot_bringup
[51.617s] DEBUG:colcon.colcon_core.event_handler.log_command:Invoking command in '/home/adi/RosProjects/build/my_robot_bringup': AMENT_PREFIX_PATH=/home/adi/RosProjects/install/my_py_pkg:/home/adi/RosProjects/install/my_robot_bringup:/home/adi/RosProjects/install/my_robot_interfaces:/home/adi/RosProjects/install/my_robot_description:/opt/ros/jazzy CMAKE_PREFIX_PATH=/home/adi/RosProjects/install/my_robot_interfaces:/home/adi/RosProjects/install/my_robot_bringup:/home/adi/RosProjects/install/my_robot_description:/opt/ros/jazzy/opt/gz_sim_vendor:/opt/ros/jazzy/opt/gz_sensors_vendor:/opt/ros/jazzy/opt/gz_physics_vendor:/opt/ros/jazzy/opt/sdformat_vendor:/opt/ros/jazzy/opt/gz_gui_vendor:/opt/ros/jazzy/opt/gz_transport_vendor:/opt/ros/jazzy/opt/gz_rendering_vendor:/opt/ros/jazzy/opt/gz_plugin_vendor:/opt/ros/jazzy/opt/gz_fuel_tools_vendor:/opt/ros/jazzy/opt/gz_msgs_vendor:/opt/ros/jazzy/opt/gz_common_vendor:/opt/ros/jazzy/opt/gz_math_vendor:/opt/ros/jazzy/opt/gz_utils_vendor:/opt/ros/jazzy/opt/gz_tools_vendor:/opt/ros/jazzy/opt/gz_ogre_next_vendor:/opt/ros/jazzy/opt/gz_dartsim_vendor:/opt/ros/jazzy/opt/gz_cmake_vendor:/home/adi/RosProjects/install/my_py_pkg:/opt/ros/jazzy DEBUGINFOD_URLS=https://debuginfod.ubuntu.com PYTHONPATH=/home/adi/RosProjects/build/my_py_pkg:${PYTHONPATH} /usr/bin/cmake --build /home/adi/RosProjects/build/my_robot_bringup -- -j4 -l4
[51.714s] DEBUG:colcon.colcon_core.event_handler.log_command:Invoked command in '/home/adi/RosProjects/build/my_robot_bringup' returned '0': AMENT_PREFIX_PATH=/home/adi/RosProjects/install/my_py_pkg:/home/adi/RosProjects/install/my_robot_bringup:/home/adi/RosProjects/install/my_robot_interfaces:/home/adi/RosProjects/install/my_robot_description:/opt/ros/jazzy CMAKE_PREFIX_PATH=/home/adi/RosProjects/install/my_robot_interfaces:/home/adi/RosProjects/install/my_robot_bringup:/home/adi/RosProjects/install/my_robot_description:/opt/ros/jazzy/opt/gz_sim_vendor:/opt/ros/jazzy/opt/gz_sensors_vendor:/opt/ros/jazzy/opt/gz_physics_vendor:/opt/ros/jazzy/opt/sdformat_vendor:/opt/ros/jazzy/opt/gz_gui_vendor:/opt/ros/jazzy/opt/gz_transport_vendor:/opt/ros/jazzy/opt/gz_rendering_vendor:/opt/ros/jazzy/opt/gz_plugin_vendor:/opt/ros/jazzy/opt/gz_fuel_tools_vendor:/opt/ros/jazzy/opt/gz_msgs_vendor:/opt/ros/jazzy/opt/gz_common_vendor:/opt/ros/jazzy/opt/gz_math_vendor:/opt/ros/jazzy/opt/gz_utils_vendor:/opt/ros/jazzy/opt/gz_tools_vendor:/opt/ros/jazzy/opt/gz_ogre_next_vendor:/opt/ros/jazzy/opt/gz_dartsim_vendor:/opt/ros/jazzy/opt/gz_cmake_vendor:/home/adi/RosProjects/install/my_py_pkg:/opt/ros/jazzy DEBUGINFOD_URLS=https://debuginfod.ubuntu.com PYTHONPATH=/home/adi/RosProjects/build/my_py_pkg:${PYTHONPATH} /usr/bin/cmake --build /home/adi/RosProjects/build/my_robot_bringup -- -j4 -l4
[51.714s] DEBUG:colcon.colcon_core.event_handler.log_command:Invoking command in '/home/adi/RosProjects/build/my_robot_bringup': AMENT_PREFIX_PATH=/home/adi/RosProjects/install/my_py_pkg:/home/adi/RosProjects/install/my_robot_bringup:/home/adi/RosProjects/install/my_robot_interfaces:/home/adi/RosProjects/install/my_robot_description:/opt/ros/jazzy CMAKE_PREFIX_PATH=/home/adi/RosProjects/install/my_robot_interfaces:/home/adi/RosProjects/install/my_robot_bringup:/home/adi/RosProjects/install/my_robot_description:/opt/ros/jazzy/opt/gz_sim_vendor:/opt/ros/jazzy/opt/gz_sensors_vendor:/opt/ros/jazzy/opt/gz_physics_vendor:/opt/ros/jazzy/opt/sdformat_vendor:/opt/ros/jazzy/opt/gz_gui_vendor:/opt/ros/jazzy/opt/gz_transport_vendor:/opt/ros/jazzy/opt/gz_rendering_vendor:/opt/ros/jazzy/opt/gz_plugin_vendor:/opt/ros/jazzy/opt/gz_fuel_tools_vendor:/opt/ros/jazzy/opt/gz_msgs_vendor:/opt/ros/jazzy/opt/gz_common_vendor:/opt/ros/jazzy/opt/gz_math_vendor:/opt/ros/jazzy/opt/gz_utils_vendor:/opt/ros/jazzy/opt/gz_tools_vendor:/opt/ros/jazzy/opt/gz_ogre_next_vendor:/opt/ros/jazzy/opt/gz_dartsim_vendor:/opt/ros/jazzy/opt/gz_cmake_vendor:/home/adi/RosProjects/install/my_py_pkg:/opt/ros/jazzy DEBUGINFOD_URLS=https://debuginfod.ubuntu.com PYTHONPATH=/home/adi/RosProjects/build/my_py_pkg:${PYTHONPATH} /usr/bin/cmake --install /home/adi/RosProjects/build/my_robot_bringup
[52.268s] Level 1:colcon.colcon_core.environment:create_environment_scripts_only(my_robot_bringup)
[52.271s] Level 1:colcon.colcon_core.environment:checking '/home/adi/RosProjects/install/my_robot_bringup' for CMake module files
[52.271s] Level 1:colcon.colcon_core.environment:checking '/home/adi/RosProjects/install/my_robot_bringup' for CMake config files
[52.271s] DEBUG:colcon.colcon_core.event_handler.log_command:Invoked command in '/home/adi/RosProjects/build/my_robot_bringup' returned '0': AMENT_PREFIX_PATH=/home/adi/RosProjects/install/my_py_pkg:/home/adi/RosProjects/install/my_robot_bringup:/home/adi/RosProjects/install/my_robot_interfaces:/home/adi/RosProjects/install/my_robot_description:/opt/ros/jazzy CMAKE_PREFIX_PATH=/home/adi/RosProjects/install/my_robot_interfaces:/home/adi/RosProjects/install/my_robot_bringup:/home/adi/RosProjects/install/my_robot_description:/opt/ros/jazzy/opt/gz_sim_vendor:/opt/ros/jazzy/opt/gz_sensors_vendor:/opt/ros/jazzy/opt/gz_physics_vendor:/opt/ros/jazzy/opt/sdformat_vendor:/opt/ros/jazzy/opt/gz_gui_vendor:/opt/ros/jazzy/opt/gz_transport_vendor:/opt/ros/jazzy/opt/gz_rendering_vendor:/opt/ros/jazzy/opt/gz_plugin_vendor:/opt/ros/jazzy/opt/gz_fuel_tools_vendor:/opt/ros/jazzy/opt/gz_msgs_vendor:/opt/ros/jazzy/opt/gz_common_vendor:/opt/ros/jazzy/opt/gz_math_vendor:/opt/ros/jazzy/opt/gz_utils_vendor:/opt/ros/jazzy/opt/gz_tools_vendor:/opt/ros/jazzy/opt/gz_ogre_next_vendor:/opt/ros/jazzy/opt/gz_dartsim_vendor:/opt/ros/jazzy/opt/gz_cmake_vendor:/home/adi/RosProjects/install/my_py_pkg:/opt/ros/jazzy DEBUGINFOD_URLS=https://debuginfod.ubuntu.com PYTHONPATH=/home/adi/RosProjects/build/my_py_pkg:${PYTHONPATH} /usr/bin/cmake --install /home/adi/RosProjects/build/my_robot_bringup
[52.272s] Level 1:colcon.colcon_core.shell:create_environment_hook('my_robot_bringup', 'cmake_prefix_path')
[52.272s] INFO:colcon.colcon_core.shell:Creating environment hook '/home/adi/RosProjects/install/my_robot_bringup/share/my_robot_bringup/hook/cmake_prefix_path.ps1'
[52.273s] INFO:colcon.colcon_core.shell:Creating environment descriptor '/home/adi/RosProjects/install/my_robot_bringup/share/my_robot_bringup/hook/cmake_prefix_path.dsv'
[52.273s] INFO:colcon.colcon_core.shell:Creating environment hook '/home/adi/RosProjects/install/my_robot_bringup/share/my_robot_bringup/hook/cmake_prefix_path.sh'
[52.274s] Level 1:colcon.colcon_core.environment:checking '/home/adi/RosProjects/install/my_robot_bringup/bin'
[52.274s] Level 1:colcon.colcon_core.environment:checking '/home/adi/RosProjects/install/my_robot_bringup/lib/pkgconfig/my_robot_bringup.pc'
[52.274s] Level 1:colcon.colcon_core.environment:checking '/home/adi/RosProjects/install/my_robot_bringup/lib/python3.12/site-packages'
[52.275s] Level 1:colcon.colcon_core.environment:checking '/home/adi/RosProjects/install/my_robot_bringup/bin'
[52.275s] INFO:colcon.colcon_core.shell:Creating package script '/home/adi/RosProjects/install/my_robot_bringup/share/my_robot_bringup/package.ps1'
[52.276s] INFO:colcon.colcon_core.shell:Creating package descriptor '/home/adi/RosProjects/install/my_robot_bringup/share/my_robot_bringup/package.dsv'
[52.277s] INFO:colcon.colcon_core.shell:Creating package script '/home/adi/RosProjects/install/my_robot_bringup/share/my_robot_bringup/package.sh'
[52.278s] INFO:colcon.colcon_core.shell:Creating package script '/home/adi/RosProjects/install/my_robot_bringup/share/my_robot_bringup/package.bash'
[52.278s] INFO:colcon.colcon_core.shell:Creating package script '/home/adi/RosProjects/install/my_robot_bringup/share/my_robot_bringup/package.zsh'
[52.278s] Level 1:colcon.colcon_core.environment:create_file_with_runtime_dependencies(/home/adi/RosProjects/install/my_robot_bringup/share/colcon-core/packages/my_robot_bringup)
[52.279s] Level 1:colcon.colcon_core.environment:create_environment_scripts_only(my_robot_bringup)
[52.279s] Level 1:colcon.colcon_core.environment:checking '/home/adi/RosProjects/install/my_robot_bringup' for CMake module files
[52.280s] Level 1:colcon.colcon_core.environment:checking '/home/adi/RosProjects/install/my_robot_bringup' for CMake config files
[52.280s] Level 1:colcon.colcon_core.shell:create_environment_hook('my_robot_bringup', 'cmake_prefix_path')
[52.281s] INFO:colcon.colcon_core.shell:Creating environment hook '/home/adi/RosProjects/install/my_robot_bringup/share/my_robot_bringup/hook/cmake_prefix_path.ps1'
[52.281s] INFO:colcon.colcon_core.shell:Creating environment descriptor '/home/adi/RosProjects/install/my_robot_bringup/share/my_robot_bringup/hook/cmake_prefix_path.dsv'
[52.282s] INFO:colcon.colcon_core.shell:Creating environment hook '/home/adi/RosProjects/install/my_robot_bringup/share/my_robot_bringup/hook/cmake_prefix_path.sh'
[52.283s] Level 1:colcon.colcon_core.environment:checking '/home/adi/RosProjects/install/my_robot_bringup/bin'
[52.283s] Level 1:colcon.colcon_core.environment:checking '/home/adi/RosProjects/install/my_robot_bringup/lib/pkgconfig/my_robot_bringup.pc'
[52.283s] Level 1:colcon.colcon_core.environment:checking '/home/adi/RosProjects/install/my_robot_bringup/lib/python3.12/site-packages'
[52.284s] Level 1:colcon.colcon_core.environment:checking '/home/adi/RosProjects/install/my_robot_bringup/bin'
[52.284s] INFO:colcon.colcon_core.shell:Creating package script '/home/adi/RosProjects/install/my_robot_bringup/share/my_robot_bringup/package.ps1'
[52.286s] INFO:colcon.colcon_core.shell:Creating package descriptor '/home/adi/RosProjects/install/my_robot_bringup/share/my_robot_bringup/package.dsv'
[52.287s] INFO:colcon.colcon_core.shell:Creating package script '/home/adi/RosProjects/install/my_robot_bringup/share/my_robot_bringup/package.sh'
[52.288s] INFO:colcon.colcon_core.shell:Creating package script '/home/adi/RosProjects/install/my_robot_bringup/share/my_robot_bringup/package.bash'
[52.288s] INFO:colcon.colcon_core.shell:Creating package script '/home/adi/RosProjects/install/my_robot_bringup/share/my_robot_bringup/package.zsh'
[52.289s] Level 1:colcon.colcon_core.environment:create_file_with_runtime_dependencies(/home/adi/RosProjects/install/my_robot_bringup/share/colcon-core/packages/my_robot_bringup)
[52.290s] DEBUG:colcon.colcon_parallel_executor.executor.parallel:closing loop
[52.290s] DEBUG:colcon.colcon_parallel_executor.executor.parallel:loop closed
[52.290s] DEBUG:colcon.colcon_parallel_executor.executor.parallel:run_until_complete finished with '0'
[52.290s] DEBUG:colcon.colcon_core.event_reactor:joining thread
[52.305s] INFO:colcon.colcon_core.plugin_system:Skipping extension 'colcon_notification.desktop_notification.terminal_notifier': Not used on non-Darwin systems
[52.305s] INFO:colcon.colcon_core.plugin_system:Skipping extension 'colcon_notification.desktop_notification.win32': Not used on non-Windows systems
[52.305s] INFO:colcon.colcon_notification.desktop_notification:Sending desktop notification using 'notify2'
[52.336s] DEBUG:colcon.colcon_core.event_reactor:joined thread
[52.337s] INFO:colcon.colcon_core.shell:Creating prefix script '/home/adi/RosProjects/install/local_setup.ps1'
[52.338s] INFO:colcon.colcon_core.shell:Creating prefix util module '/home/adi/RosProjects/install/_local_setup_util_ps1.py'
[52.338s] INFO:colcon.colcon_core.shell:Creating prefix chain script '/home/adi/RosProjects/install/setup.ps1'
[52.343s] INFO:colcon.colcon_core.shell:Creating prefix script '/home/adi/RosProjects/install/local_setup.sh'
[52.344s] INFO:colcon.colcon_core.shell:Creating prefix util module '/home/adi/RosProjects/install/_local_setup_util_sh.py'
[52.344s] INFO:colcon.colcon_core.shell:Creating prefix chain script '/home/adi/RosProjects/install/setup.sh'
[52.345s] INFO:colcon.colcon_core.shell:Creating prefix script '/home/adi/RosProjects/install/local_setup.bash'
[52.352s] INFO:colcon.colcon_core.shell:Creating prefix chain script '/home/adi/RosProjects/install/setup.bash'
[52.353s] INFO:colcon.colcon_core.shell:Creating prefix script '/home/adi/RosProjects/install/local_setup.zsh'
[52.353s] INFO:colcon.colcon_core.shell:Creating prefix chain script '/home/adi/RosProjects/install/setup.zsh'
