[0.092s] DEBUG:colcon:Command line arguments: ['/usr/bin/colcon', 'build']
[0.092s] DEBUG:colcon:Parsed command line arguments: Namespace(log_base=None, log_level=None, verb_name='build', build_base='build', install_base='install', merge_install=False, symlink_install=False, test_result_base=None, continue_on_error=False, executor='parallel', parallel_workers=12, event_handlers=None, ignore_user_meta=False, metas=['./colcon.meta'], base_paths=['.'], packages_ignore=None, packages_ignore_regex=None, paths=None, packages_up_to=None, packages_up_to_regex=None, packages_above=None, packages_above_and_dependencies=None, packages_above_depth=None, packages_select_by_dep=None, packages_skip_by_dep=None, packages_skip_up_to=None, packages_select_build_failed=False, packages_skip_build_finished=False, packages_select_test_failures=False, packages_skip_test_passed=False, packages_select=None, packages_skip=None, packages_select_regex=None, packages_skip_regex=None, packages_start=None, packages_end=None, allow_overriding=[], cmake_args=None, cmake_target=None, cmake_target_skip_unavailable=False, cmake_clean_cache=False, cmake_clean_first=False, cmake_force_configure=False, ament_cmake_args=None, catkin_cmake_args=None, catkin_skip_building_tests=False, verb_parser=<colcon_defaults.argument_parser.defaults.DefaultArgumentsDecorator object at 0x78672b57e510>, verb_extension=<colcon_core.verb.build.BuildVerb object at 0x78672b6a7170>, main=<bound method BuildVerb.main of <colcon_core.verb.build.BuildVerb object at 0x78672b6a7170>>)
[0.126s] Level 1:colcon.colcon_core.package_discovery:discover_packages(colcon_meta) check parameters
[0.126s] Level 1:colcon.colcon_core.package_discovery:discover_packages(recursive) check parameters
[0.126s] Level 1:colcon.colcon_core.package_discovery:discover_packages(ignore) check parameters
[0.126s] Level 1:colcon.colcon_core.package_discovery:discover_packages(path) check parameters
[0.126s] Level 1:colcon.colcon_core.package_discovery:discover_packages(colcon_meta) discover
[0.126s] Level 1:colcon.colcon_core.package_discovery:discover_packages(recursive) discover
[0.126s] INFO:colcon.colcon_core.package_discovery:Crawling recursively for packages in '/home/adi/Desktop/RosProjects'
[0.126s] Level 1:colcon.colcon_core.package_identification:_identify(.) by extensions ['ignore', 'ignore_ament_install']
[0.126s] Level 1:colcon.colcon_core.package_identification:_identify(.) by extension 'ignore'
[0.126s] Level 1:colcon.colcon_core.package_identification:_identify(.) by extension 'ignore_ament_install'
[0.126s] Level 1:colcon.colcon_core.package_identification:_identify(.) by extensions ['colcon_pkg']
[0.126s] Level 1:colcon.colcon_core.package_identification:_identify(.) by extension 'colcon_pkg'
[0.126s] Level 1:colcon.colcon_core.package_identification:_identify(.) by extensions ['colcon_meta']
[0.126s] Level 1:colcon.colcon_core.package_identification:_identify(.) by extension 'colcon_meta'
[0.126s] Level 1:colcon.colcon_core.package_identification:_identify(.) by extensions ['ros']
[0.126s] Level 1:colcon.colcon_core.package_identification:_identify(.) by extension 'ros'
[0.149s] Level 1:colcon.colcon_core.package_identification:_identify(.) by extensions ['cmake', 'python']
[0.149s] Level 1:colcon.colcon_core.package_identification:_identify(.) by extension 'cmake'
[0.149s] Level 1:colcon.colcon_core.package_identification:_identify(.) by extension 'python'
[0.149s] Level 1:colcon.colcon_core.package_identification:_identify(.) by extensions ['python_setup_py']
[0.149s] Level 1:colcon.colcon_core.package_identification:_identify(.) by extension 'python_setup_py'
[0.149s] Level 1:colcon.colcon_core.package_identification:_identify(build) by extensions ['ignore', 'ignore_ament_install']
[0.149s] Level 1:colcon.colcon_core.package_identification:_identify(build) by extension 'ignore'
[0.149s] Level 1:colcon.colcon_core.package_identification:_identify(build) ignored
[0.149s] Level 1:colcon.colcon_core.package_identification:_identify(install) by extensions ['ignore', 'ignore_ament_install']
[0.149s] Level 1:colcon.colcon_core.package_identification:_identify(install) by extension 'ignore'
[0.149s] Level 1:colcon.colcon_core.package_identification:_identify(install) ignored
[0.149s] Level 1:colcon.colcon_core.package_identification:_identify(log) by extensions ['ignore', 'ignore_ament_install']
[0.149s] Level 1:colcon.colcon_core.package_identification:_identify(log) by extension 'ignore'
[0.149s] Level 1:colcon.colcon_core.package_identification:_identify(log) ignored
[0.149s] Level 1:colcon.colcon_core.package_identification:_identify(maps) by extensions ['ignore', 'ignore_ament_install']
[0.149s] Level 1:colcon.colcon_core.package_identification:_identify(maps) by extension 'ignore'
[0.149s] Level 1:colcon.colcon_core.package_identification:_identify(maps) by extension 'ignore_ament_install'
[0.149s] Level 1:colcon.colcon_core.package_identification:_identify(maps) by extensions ['colcon_pkg']
[0.149s] Level 1:colcon.colcon_core.package_identification:_identify(maps) by extension 'colcon_pkg'
[0.150s] Level 1:colcon.colcon_core.package_identification:_identify(maps) by extensions ['colcon_meta']
[0.150s] Level 1:colcon.colcon_core.package_identification:_identify(maps) by extension 'colcon_meta'
[0.150s] Level 1:colcon.colcon_core.package_identification:_identify(maps) by extensions ['ros']
[0.150s] Level 1:colcon.colcon_core.package_identification:_identify(maps) by extension 'ros'
[0.150s] Level 1:colcon.colcon_core.package_identification:_identify(maps) by extensions ['cmake', 'python']
[0.150s] Level 1:colcon.colcon_core.package_identification:_identify(maps) by extension 'cmake'
[0.150s] Level 1:colcon.colcon_core.package_identification:_identify(maps) by extension 'python'
[0.150s] Level 1:colcon.colcon_core.package_identification:_identify(maps) by extensions ['python_setup_py']
[0.150s] Level 1:colcon.colcon_core.package_identification:_identify(maps) by extension 'python_setup_py'
[0.150s] Level 1:colcon.colcon_core.package_identification:_identify(my_py_pkg) by extensions ['ignore', 'ignore_ament_install']
[0.150s] Level 1:colcon.colcon_core.package_identification:_identify(my_py_pkg) by extension 'ignore'
[0.150s] Level 1:colcon.colcon_core.package_identification:_identify(my_py_pkg) by extension 'ignore_ament_install'
[0.150s] Level 1:colcon.colcon_core.package_identification:_identify(my_py_pkg) by extensions ['colcon_pkg']
[0.150s] Level 1:colcon.colcon_core.package_identification:_identify(my_py_pkg) by extension 'colcon_pkg'
[0.150s] Level 1:colcon.colcon_core.package_identification:_identify(my_py_pkg) by extensions ['colcon_meta']
[0.150s] Level 1:colcon.colcon_core.package_identification:_identify(my_py_pkg) by extension 'colcon_meta'
[0.150s] Level 1:colcon.colcon_core.package_identification:_identify(my_py_pkg) by extensions ['ros']
[0.150s] Level 1:colcon.colcon_core.package_identification:_identify(my_py_pkg) by extension 'ros'
[0.150s] Level 1:colcon.colcon_core.package_identification:_identify(my_py_pkg) by extensions ['cmake', 'python']
[0.150s] Level 1:colcon.colcon_core.package_identification:_identify(my_py_pkg) by extension 'cmake'
[0.150s] Level 1:colcon.colcon_core.package_identification:_identify(my_py_pkg) by extension 'python'
[0.150s] Level 1:colcon.colcon_core.package_identification:_identify(my_py_pkg) by extensions ['python_setup_py']
[0.150s] Level 1:colcon.colcon_core.package_identification:_identify(my_py_pkg) by extension 'python_setup_py'
[0.150s] Level 1:colcon.colcon_core.package_identification:_identify(my_py_pkg/my_py_pkg) by extensions ['ignore', 'ignore_ament_install']
[0.150s] Level 1:colcon.colcon_core.package_identification:_identify(my_py_pkg/my_py_pkg) by extension 'ignore'
[0.150s] Level 1:colcon.colcon_core.package_identification:_identify(my_py_pkg/my_py_pkg) by extension 'ignore_ament_install'
[0.151s] Level 1:colcon.colcon_core.package_identification:_identify(my_py_pkg/my_py_pkg) by extensions ['colcon_pkg']
[0.151s] Level 1:colcon.colcon_core.package_identification:_identify(my_py_pkg/my_py_pkg) by extension 'colcon_pkg'
[0.151s] Level 1:colcon.colcon_core.package_identification:_identify(my_py_pkg/my_py_pkg) by extensions ['colcon_meta']
[0.151s] Level 1:colcon.colcon_core.package_identification:_identify(my_py_pkg/my_py_pkg) by extension 'colcon_meta'
[0.151s] Level 1:colcon.colcon_core.package_identification:_identify(my_py_pkg/my_py_pkg) by extensions ['ros']
[0.151s] Level 1:colcon.colcon_core.package_identification:_identify(my_py_pkg/my_py_pkg) by extension 'ros'
[0.151s] Level 1:colcon.colcon_core.package_identification:_identify(my_py_pkg/my_py_pkg) by extensions ['cmake', 'python']
[0.151s] Level 1:colcon.colcon_core.package_identification:_identify(my_py_pkg/my_py_pkg) by extension 'cmake'
[0.151s] Level 1:colcon.colcon_core.package_identification:_identify(my_py_pkg/my_py_pkg) by extension 'python'
[0.151s] Level 1:colcon.colcon_core.package_identification:_identify(my_py_pkg/my_py_pkg) by extensions ['python_setup_py']
[0.151s] Level 1:colcon.colcon_core.package_identification:_identify(my_py_pkg/my_py_pkg) by extension 'python_setup_py'
[0.151s] Level 1:colcon.colcon_core.package_identification:_identify(src) by extensions ['ignore', 'ignore_ament_install']
[0.151s] Level 1:colcon.colcon_core.package_identification:_identify(src) by extension 'ignore'
[0.151s] Level 1:colcon.colcon_core.package_identification:_identify(src) by extension 'ignore_ament_install'
[0.151s] Level 1:colcon.colcon_core.package_identification:_identify(src) by extensions ['colcon_pkg']
[0.151s] Level 1:colcon.colcon_core.package_identification:_identify(src) by extension 'colcon_pkg'
[0.151s] Level 1:colcon.colcon_core.package_identification:_identify(src) by extensions ['colcon_meta']
[0.151s] Level 1:colcon.colcon_core.package_identification:_identify(src) by extension 'colcon_meta'
[0.151s] Level 1:colcon.colcon_core.package_identification:_identify(src) by extensions ['ros']
[0.151s] Level 1:colcon.colcon_core.package_identification:_identify(src) by extension 'ros'
[0.151s] Level 1:colcon.colcon_core.package_identification:_identify(src) by extensions ['cmake', 'python']
[0.151s] Level 1:colcon.colcon_core.package_identification:_identify(src) by extension 'cmake'
[0.151s] Level 1:colcon.colcon_core.package_identification:_identify(src) by extension 'python'
[0.151s] Level 1:colcon.colcon_core.package_identification:_identify(src) by extensions ['python_setup_py']
[0.151s] Level 1:colcon.colcon_core.package_identification:_identify(src) by extension 'python_setup_py'
[0.151s] Level 1:colcon.colcon_core.package_identification:_identify(src/my_py_pkg) by extensions ['ignore', 'ignore_ament_install']
[0.151s] Level 1:colcon.colcon_core.package_identification:_identify(src/my_py_pkg) by extension 'ignore'
[0.152s] Level 1:colcon.colcon_core.package_identification:_identify(src/my_py_pkg) by extension 'ignore_ament_install'
[0.152s] Level 1:colcon.colcon_core.package_identification:_identify(src/my_py_pkg) by extensions ['colcon_pkg']
[0.152s] Level 1:colcon.colcon_core.package_identification:_identify(src/my_py_pkg) by extension 'colcon_pkg'
[0.152s] Level 1:colcon.colcon_core.package_identification:_identify(src/my_py_pkg) by extensions ['colcon_meta']
[0.152s] Level 1:colcon.colcon_core.package_identification:_identify(src/my_py_pkg) by extension 'colcon_meta'
[0.152s] Level 1:colcon.colcon_core.package_identification:_identify(src/my_py_pkg) by extensions ['ros']
[0.152s] Level 1:colcon.colcon_core.package_identification:_identify(src/my_py_pkg) by extension 'ros'
[0.154s] DEBUG:colcon.colcon_core.package_identification:Package 'src/my_py_pkg' with type 'ros.ament_python' and name 'my_py_pkg'
[0.154s] Level 1:colcon.colcon_core.package_identification:_identify(src/my_robot_bringup) by extensions ['ignore', 'ignore_ament_install']
[0.154s] Level 1:colcon.colcon_core.package_identification:_identify(src/my_robot_bringup) by extension 'ignore'
[0.154s] Level 1:colcon.colcon_core.package_identification:_identify(src/my_robot_bringup) by extension 'ignore_ament_install'
[0.154s] Level 1:colcon.colcon_core.package_identification:_identify(src/my_robot_bringup) by extensions ['colcon_pkg']
[0.154s] Level 1:colcon.colcon_core.package_identification:_identify(src/my_robot_bringup) by extension 'colcon_pkg'
[0.154s] Level 1:colcon.colcon_core.package_identification:_identify(src/my_robot_bringup) by extensions ['colcon_meta']
[0.154s] Level 1:colcon.colcon_core.package_identification:_identify(src/my_robot_bringup) by extension 'colcon_meta'
[0.154s] Level 1:colcon.colcon_core.package_identification:_identify(src/my_robot_bringup) by extensions ['ros']
[0.154s] Level 1:colcon.colcon_core.package_identification:_identify(src/my_robot_bringup) by extension 'ros'
[0.155s] DEBUG:colcon.colcon_core.package_identification:Package 'src/my_robot_bringup' with type 'ros.ament_cmake' and name 'my_robot_bringup'
[0.155s] Level 1:colcon.colcon_core.package_identification:_identify(src/my_robot_description) by extensions ['ignore', 'ignore_ament_install']
[0.155s] Level 1:colcon.colcon_core.package_identification:_identify(src/my_robot_description) by extension 'ignore'
[0.155s] Level 1:colcon.colcon_core.package_identification:_identify(src/my_robot_description) by extension 'ignore_ament_install'
[0.155s] Level 1:colcon.colcon_core.package_identification:_identify(src/my_robot_description) by extensions ['colcon_pkg']
[0.155s] Level 1:colcon.colcon_core.package_identification:_identify(src/my_robot_description) by extension 'colcon_pkg'
[0.155s] Level 1:colcon.colcon_core.package_identification:_identify(src/my_robot_description) by extensions ['colcon_meta']
[0.155s] Level 1:colcon.colcon_core.package_identification:_identify(src/my_robot_description) by extension 'colcon_meta'
[0.155s] Level 1:colcon.colcon_core.package_identification:_identify(src/my_robot_description) by extensions ['ros']
[0.155s] Level 1:colcon.colcon_core.package_identification:_identify(src/my_robot_description) by extension 'ros'
[0.155s] DEBUG:colcon.colcon_core.package_identification:Package 'src/my_robot_description' with type 'ros.ament_cmake' and name 'my_robot_description'
[0.155s] Level 1:colcon.colcon_core.package_identification:_identify(src/my_robot_interfaces) by extensions ['ignore', 'ignore_ament_install']
[0.155s] Level 1:colcon.colcon_core.package_identification:_identify(src/my_robot_interfaces) by extension 'ignore'
[0.155s] Level 1:colcon.colcon_core.package_identification:_identify(src/my_robot_interfaces) by extension 'ignore_ament_install'
[0.156s] Level 1:colcon.colcon_core.package_identification:_identify(src/my_robot_interfaces) by extensions ['colcon_pkg']
[0.156s] Level 1:colcon.colcon_core.package_identification:_identify(src/my_robot_interfaces) by extension 'colcon_pkg'
[0.156s] Level 1:colcon.colcon_core.package_identification:_identify(src/my_robot_interfaces) by extensions ['colcon_meta']
[0.156s] Level 1:colcon.colcon_core.package_identification:_identify(src/my_robot_interfaces) by extension 'colcon_meta'
[0.156s] Level 1:colcon.colcon_core.package_identification:_identify(src/my_robot_interfaces) by extensions ['ros']
[0.156s] Level 1:colcon.colcon_core.package_identification:_identify(src/my_robot_interfaces) by extension 'ros'
[0.156s] DEBUG:colcon.colcon_core.package_identification:Package 'src/my_robot_interfaces' with type 'ros.ament_cmake' and name 'my_robot_interfaces'
[0.156s] Level 1:colcon.colcon_core.package_discovery:discover_packages(recursive) using defaults
[0.156s] Level 1:colcon.colcon_core.package_discovery:discover_packages(ignore) discover
[0.156s] Level 1:colcon.colcon_core.package_discovery:discover_packages(ignore) using defaults
[0.156s] Level 1:colcon.colcon_core.package_discovery:discover_packages(path) discover
[0.156s] Level 1:colcon.colcon_core.package_discovery:discover_packages(path) using defaults
[0.171s] Level 1:colcon.colcon_core.package_discovery:discover_packages(prefix_path) check parameters
[0.171s] Level 1:colcon.colcon_core.package_discovery:discover_packages(prefix_path) discover
[0.171s] WARNING:colcon.colcon_ros.prefix_path.ament:The path '/home/adi/Desktop/RosProjects/install/my_robot_bringup' in the environment variable AMENT_PREFIX_PATH doesn't exist
[0.171s] WARNING:colcon.colcon_ros.prefix_path.ament:The path '/home/adi/Desktop/RosProjects/install/my_py_pkg' in the environment variable AMENT_PREFIX_PATH doesn't exist
[0.171s] WARNING:colcon.colcon_ros.prefix_path.ament:The path '/home/adi/Desktop/RosProjects/install/my_robot_interfaces' in the environment variable AMENT_PREFIX_PATH doesn't exist
[0.171s] WARNING:colcon.colcon_ros.prefix_path.ament:The path '/home/adi/Desktop/RosProjects/install/my_robot_description' in the environment variable AMENT_PREFIX_PATH doesn't exist
[0.172s] WARNING:colcon.colcon_ros.prefix_path.catkin:The path '/home/adi/Desktop/RosProjects/install/my_robot_bringup' in the environment variable CMAKE_PREFIX_PATH doesn't exist
[0.172s] WARNING:colcon.colcon_ros.prefix_path.catkin:The path '/home/adi/Desktop/RosProjects/install/my_robot_interfaces' in the environment variable CMAKE_PREFIX_PATH doesn't exist
[0.172s] WARNING:colcon.colcon_ros.prefix_path.catkin:The path '/home/adi/Desktop/RosProjects/install/my_robot_description' in the environment variable CMAKE_PREFIX_PATH doesn't exist
[0.172s] DEBUG:colcon.colcon_installed_package_information.package_discovery:Found 0 installed packages in /home/adi/Desktop/RosProjects/install
[0.173s] DEBUG:colcon.colcon_installed_package_information.package_discovery:Found 3 installed packages in /home/adi/Desktop/turtlebot3_ws/install
[0.175s] DEBUG:colcon.colcon_installed_package_information.package_discovery:Found 497 installed packages in /opt/ros/jazzy
[0.177s] Level 1:colcon.colcon_core.package_discovery:discover_packages(prefix_path) using defaults
[0.233s] Level 5:colcon.colcon_core.verb:set package 'my_robot_description' build argument 'cmake_args' from command line to 'None'
[0.233s] Level 5:colcon.colcon_core.verb:set package 'my_robot_description' build argument 'cmake_target' from command line to 'None'
[0.233s] Level 5:colcon.colcon_core.verb:set package 'my_robot_description' build argument 'cmake_target_skip_unavailable' from command line to 'False'
[0.233s] Level 5:colcon.colcon_core.verb:set package 'my_robot_description' build argument 'cmake_clean_cache' from command line to 'False'
[0.233s] Level 5:colcon.colcon_core.verb:set package 'my_robot_description' build argument 'cmake_clean_first' from command line to 'False'
[0.233s] Level 5:colcon.colcon_core.verb:set package 'my_robot_description' build argument 'cmake_force_configure' from command line to 'False'
[0.233s] Level 5:colcon.colcon_core.verb:set package 'my_robot_description' build argument 'ament_cmake_args' from command line to 'None'
[0.233s] Level 5:colcon.colcon_core.verb:set package 'my_robot_description' build argument 'catkin_cmake_args' from command line to 'None'
[0.233s] Level 5:colcon.colcon_core.verb:set package 'my_robot_description' build argument 'catkin_skip_building_tests' from command line to 'False'
[0.233s] DEBUG:colcon.colcon_core.verb:Building package 'my_robot_description' with the following arguments: {'ament_cmake_args': None, 'build_base': '/home/adi/Desktop/RosProjects/build/my_robot_description', 'catkin_cmake_args': None, 'catkin_skip_building_tests': False, 'cmake_args': None, 'cmake_clean_cache': False, 'cmake_clean_first': False, 'cmake_force_configure': False, 'cmake_target': None, 'cmake_target_skip_unavailable': False, 'install_base': '/home/adi/Desktop/RosProjects/install/my_robot_description', 'merge_install': False, 'path': '/home/adi/Desktop/RosProjects/src/my_robot_description', 'symlink_install': False, 'test_result_base': None}
[0.233s] Level 5:colcon.colcon_core.verb:set package 'my_robot_interfaces' build argument 'cmake_args' from command line to 'None'
[0.233s] Level 5:colcon.colcon_core.verb:set package 'my_robot_interfaces' build argument 'cmake_target' from command line to 'None'
[0.233s] Level 5:colcon.colcon_core.verb:set package 'my_robot_interfaces' build argument 'cmake_target_skip_unavailable' from command line to 'False'
[0.233s] Level 5:colcon.colcon_core.verb:set package 'my_robot_interfaces' build argument 'cmake_clean_cache' from command line to 'False'
[0.233s] Level 5:colcon.colcon_core.verb:set package 'my_robot_interfaces' build argument 'cmake_clean_first' from command line to 'False'
[0.233s] Level 5:colcon.colcon_core.verb:set package 'my_robot_interfaces' build argument 'cmake_force_configure' from command line to 'False'
[0.233s] Level 5:colcon.colcon_core.verb:set package 'my_robot_interfaces' build argument 'ament_cmake_args' from command line to 'None'
[0.233s] Level 5:colcon.colcon_core.verb:set package 'my_robot_interfaces' build argument 'catkin_cmake_args' from command line to 'None'
[0.233s] Level 5:colcon.colcon_core.verb:set package 'my_robot_interfaces' build argument 'catkin_skip_building_tests' from command line to 'False'
[0.233s] DEBUG:colcon.colcon_core.verb:Building package 'my_robot_interfaces' with the following arguments: {'ament_cmake_args': None, 'build_base': '/home/adi/Desktop/RosProjects/build/my_robot_interfaces', 'catkin_cmake_args': None, 'catkin_skip_building_tests': False, 'cmake_args': None, 'cmake_clean_cache': False, 'cmake_clean_first': False, 'cmake_force_configure': False, 'cmake_target': None, 'cmake_target_skip_unavailable': False, 'install_base': '/home/adi/Desktop/RosProjects/install/my_robot_interfaces', 'merge_install': False, 'path': '/home/adi/Desktop/RosProjects/src/my_robot_interfaces', 'symlink_install': False, 'test_result_base': None}
[0.233s] Level 5:colcon.colcon_core.verb:set package 'my_py_pkg' build argument 'cmake_args' from command line to 'None'
[0.233s] Level 5:colcon.colcon_core.verb:set package 'my_py_pkg' build argument 'cmake_target' from command line to 'None'
[0.233s] Level 5:colcon.colcon_core.verb:set package 'my_py_pkg' build argument 'cmake_target_skip_unavailable' from command line to 'False'
[0.233s] Level 5:colcon.colcon_core.verb:set package 'my_py_pkg' build argument 'cmake_clean_cache' from command line to 'False'
[0.233s] Level 5:colcon.colcon_core.verb:set package 'my_py_pkg' build argument 'cmake_clean_first' from command line to 'False'
[0.234s] Level 5:colcon.colcon_core.verb:set package 'my_py_pkg' build argument 'cmake_force_configure' from command line to 'False'
[0.234s] Level 5:colcon.colcon_core.verb:set package 'my_py_pkg' build argument 'ament_cmake_args' from command line to 'None'
[0.234s] Level 5:colcon.colcon_core.verb:set package 'my_py_pkg' build argument 'catkin_cmake_args' from command line to 'None'
[0.234s] Level 5:colcon.colcon_core.verb:set package 'my_py_pkg' build argument 'catkin_skip_building_tests' from command line to 'False'
[0.234s] DEBUG:colcon.colcon_core.verb:Building package 'my_py_pkg' with the following arguments: {'ament_cmake_args': None, 'build_base': '/home/adi/Desktop/RosProjects/build/my_py_pkg', 'catkin_cmake_args': None, 'catkin_skip_building_tests': False, 'cmake_args': None, 'cmake_clean_cache': False, 'cmake_clean_first': False, 'cmake_force_configure': False, 'cmake_target': None, 'cmake_target_skip_unavailable': False, 'install_base': '/home/adi/Desktop/RosProjects/install/my_py_pkg', 'merge_install': False, 'path': '/home/adi/Desktop/RosProjects/src/my_py_pkg', 'symlink_install': False, 'test_result_base': None}
[0.234s] Level 5:colcon.colcon_core.verb:set package 'my_robot_bringup' build argument 'cmake_args' from command line to 'None'
[0.234s] Level 5:colcon.colcon_core.verb:set package 'my_robot_bringup' build argument 'cmake_target' from command line to 'None'
[0.234s] Level 5:colcon.colcon_core.verb:set package 'my_robot_bringup' build argument 'cmake_target_skip_unavailable' from command line to 'False'
[0.234s] Level 5:colcon.colcon_core.verb:set package 'my_robot_bringup' build argument 'cmake_clean_cache' from command line to 'False'
[0.234s] Level 5:colcon.colcon_core.verb:set package 'my_robot_bringup' build argument 'cmake_clean_first' from command line to 'False'
[0.234s] Level 5:colcon.colcon_core.verb:set package 'my_robot_bringup' build argument 'cmake_force_configure' from command line to 'False'
[0.234s] Level 5:colcon.colcon_core.verb:set package 'my_robot_bringup' build argument 'ament_cmake_args' from command line to 'None'
[0.234s] Level 5:colcon.colcon_core.verb:set package 'my_robot_bringup' build argument 'catkin_cmake_args' from command line to 'None'
[0.234s] Level 5:colcon.colcon_core.verb:set package 'my_robot_bringup' build argument 'catkin_skip_building_tests' from command line to 'False'
[0.234s] DEBUG:colcon.colcon_core.verb:Building package 'my_robot_bringup' with the following arguments: {'ament_cmake_args': None, 'build_base': '/home/adi/Desktop/RosProjects/build/my_robot_bringup', 'catkin_cmake_args': None, 'catkin_skip_building_tests': False, 'cmake_args': None, 'cmake_clean_cache': False, 'cmake_clean_first': False, 'cmake_force_configure': False, 'cmake_target': None, 'cmake_target_skip_unavailable': False, 'install_base': '/home/adi/Desktop/RosProjects/install/my_robot_bringup', 'merge_install': False, 'path': '/home/adi/Desktop/RosProjects/src/my_robot_bringup', 'symlink_install': False, 'test_result_base': None}
[0.234s] INFO:colcon.colcon_core.executor:Executing jobs using 'parallel' executor
[0.235s] DEBUG:colcon.colcon_parallel_executor.executor.parallel:run_until_complete
[0.235s] INFO:colcon.colcon_ros.task.ament_cmake.build:Building ROS package in '/home/adi/Desktop/RosProjects/src/my_robot_interfaces' with build type 'ament_cmake'
[0.235s] INFO:colcon.colcon_cmake.task.cmake.build:Building CMake package in '/home/adi/Desktop/RosProjects/src/my_robot_interfaces'
[0.237s] INFO:colcon.colcon_core.plugin_system:Skipping extension 'colcon_core.shell.bat': Not used on non-Windows systems
[0.237s] INFO:colcon.colcon_core.shell:Skip shell extension 'powershell' for command environment: Not usable outside of PowerShell
[0.237s] DEBUG:colcon.colcon_core.shell:Skip shell extension 'dsv' for command environment
[0.241s] INFO:colcon.colcon_ros.task.ament_cmake.build:Building ROS package in '/home/adi/Desktop/RosProjects/src/my_robot_description' with build type 'ament_cmake'
[0.241s] INFO:colcon.colcon_cmake.task.cmake.build:Building CMake package in '/home/adi/Desktop/RosProjects/src/my_robot_description'
[0.241s] INFO:colcon.colcon_core.shell:Skip shell extension 'powershell' for command environment: Not usable outside of PowerShell
[0.241s] DEBUG:colcon.colcon_core.shell:Skip shell extension 'dsv' for command environment
[0.247s] DEBUG:colcon.colcon_core.event_handler.log_command:Invoking command in '/home/adi/Desktop/RosProjects/build/my_robot_interfaces': CMAKE_PREFIX_PATH=${CMAKE_PREFIX_PATH}:/home/adi/Desktop/RosProjects/install/my_py_pkg:/opt/ros/jazzy DEBUGINFOD_URLS=https://debuginfod.ubuntu.com /usr/bin/cmake /home/adi/Desktop/RosProjects/src/my_robot_interfaces -DCMAKE_INSTALL_PREFIX=/home/adi/Desktop/RosProjects/install/my_robot_interfaces
[0.249s] DEBUG:colcon.colcon_core.event_handler.log_command:Invoking command in '/home/adi/Desktop/RosProjects/build/my_robot_description': CMAKE_PREFIX_PATH=${CMAKE_PREFIX_PATH}:/home/adi/Desktop/RosProjects/install/my_py_pkg:/opt/ros/jazzy DEBUGINFOD_URLS=https://debuginfod.ubuntu.com /usr/bin/cmake /home/adi/Desktop/RosProjects/src/my_robot_description -DCMAKE_INSTALL_PREFIX=/home/adi/Desktop/RosProjects/install/my_robot_description
[0.844s] DEBUG:colcon.colcon_core.event_handler.log_command:Invoked command in '/home/adi/Desktop/RosProjects/build/my_robot_description' returned '0': CMAKE_PREFIX_PATH=${CMAKE_PREFIX_PATH}:/home/adi/Desktop/RosProjects/install/my_py_pkg:/opt/ros/jazzy DEBUGINFOD_URLS=https://debuginfod.ubuntu.com /usr/bin/cmake /home/adi/Desktop/RosProjects/src/my_robot_description -DCMAKE_INSTALL_PREFIX=/home/adi/Desktop/RosProjects/install/my_robot_description
[0.845s] DEBUG:colcon.colcon_core.event_handler.log_command:Invoking command in '/home/adi/Desktop/RosProjects/build/my_robot_description': CMAKE_PREFIX_PATH=${CMAKE_PREFIX_PATH}:/home/adi/Desktop/RosProjects/install/my_py_pkg:/opt/ros/jazzy DEBUGINFOD_URLS=https://debuginfod.ubuntu.com /usr/bin/cmake --build /home/adi/Desktop/RosProjects/build/my_robot_description -- -j12 -l12
[0.875s] DEBUG:colcon.colcon_core.event_handler.log_command:Invoked command in '/home/adi/Desktop/RosProjects/build/my_robot_description' returned '0': CMAKE_PREFIX_PATH=${CMAKE_PREFIX_PATH}:/home/adi/Desktop/RosProjects/install/my_py_pkg:/opt/ros/jazzy DEBUGINFOD_URLS=https://debuginfod.ubuntu.com /usr/bin/cmake --build /home/adi/Desktop/RosProjects/build/my_robot_description -- -j12 -l12
[0.883s] DEBUG:colcon.colcon_core.event_handler.log_command:Invoking command in '/home/adi/Desktop/RosProjects/build/my_robot_description': CMAKE_PREFIX_PATH=${CMAKE_PREFIX_PATH}:/home/adi/Desktop/RosProjects/install/my_py_pkg:/opt/ros/jazzy DEBUGINFOD_URLS=https://debuginfod.ubuntu.com /usr/bin/cmake --install /home/adi/Desktop/RosProjects/build/my_robot_description
[0.893s] Level 1:colcon.colcon_core.environment:create_environment_scripts_only(my_robot_description)
[0.895s] DEBUG:colcon.colcon_core.event_handler.log_command:Invoked command in '/home/adi/Desktop/RosProjects/build/my_robot_description' returned '0': CMAKE_PREFIX_PATH=${CMAKE_PREFIX_PATH}:/home/adi/Desktop/RosProjects/install/my_py_pkg:/opt/ros/jazzy DEBUGINFOD_URLS=https://debuginfod.ubuntu.com /usr/bin/cmake --install /home/adi/Desktop/RosProjects/build/my_robot_description
[0.896s] Level 1:colcon.colcon_core.environment:checking '/home/adi/Desktop/RosProjects/install/my_robot_description' for CMake module files
[0.896s] Level 1:colcon.colcon_core.environment:checking '/home/adi/Desktop/RosProjects/install/my_robot_description' for CMake config files
[0.896s] Level 1:colcon.colcon_core.shell:create_environment_hook('my_robot_description', 'cmake_prefix_path')
[0.896s] INFO:colcon.colcon_core.shell:Creating environment hook '/home/adi/Desktop/RosProjects/install/my_robot_description/share/my_robot_description/hook/cmake_prefix_path.ps1'
[0.897s] INFO:colcon.colcon_core.shell:Creating environment descriptor '/home/adi/Desktop/RosProjects/install/my_robot_description/share/my_robot_description/hook/cmake_prefix_path.dsv'
[0.897s] INFO:colcon.colcon_core.shell:Creating environment hook '/home/adi/Desktop/RosProjects/install/my_robot_description/share/my_robot_description/hook/cmake_prefix_path.sh'
[0.898s] Level 1:colcon.colcon_core.environment:checking '/home/adi/Desktop/RosProjects/install/my_robot_description/bin'
[0.898s] Level 1:colcon.colcon_core.environment:checking '/home/adi/Desktop/RosProjects/install/my_robot_description/lib/pkgconfig/my_robot_description.pc'
[0.898s] Level 1:colcon.colcon_core.environment:checking '/home/adi/Desktop/RosProjects/install/my_robot_description/lib/python3.12/site-packages'
[0.898s] Level 1:colcon.colcon_core.environment:checking '/home/adi/Desktop/RosProjects/install/my_robot_description/bin'
[0.899s] INFO:colcon.colcon_core.shell:Creating package script '/home/adi/Desktop/RosProjects/install/my_robot_description/share/my_robot_description/package.ps1'
[0.899s] INFO:colcon.colcon_core.shell:Creating package descriptor '/home/adi/Desktop/RosProjects/install/my_robot_description/share/my_robot_description/package.dsv'
[0.900s] INFO:colcon.colcon_core.shell:Creating package script '/home/adi/Desktop/RosProjects/install/my_robot_description/share/my_robot_description/package.sh'
[0.900s] INFO:colcon.colcon_core.shell:Creating package script '/home/adi/Desktop/RosProjects/install/my_robot_description/share/my_robot_description/package.bash'
[0.901s] INFO:colcon.colcon_core.shell:Creating package script '/home/adi/Desktop/RosProjects/install/my_robot_description/share/my_robot_description/package.zsh'
[0.901s] Level 1:colcon.colcon_core.environment:create_file_with_runtime_dependencies(/home/adi/Desktop/RosProjects/install/my_robot_description/share/colcon-core/packages/my_robot_description)
[0.902s] Level 1:colcon.colcon_core.environment:create_environment_scripts_only(my_robot_description)
[0.902s] Level 1:colcon.colcon_core.environment:checking '/home/adi/Desktop/RosProjects/install/my_robot_description' for CMake module files
[0.902s] Level 1:colcon.colcon_core.environment:checking '/home/adi/Desktop/RosProjects/install/my_robot_description' for CMake config files
[0.903s] Level 1:colcon.colcon_core.shell:create_environment_hook('my_robot_description', 'cmake_prefix_path')
[0.903s] INFO:colcon.colcon_core.shell:Creating environment hook '/home/adi/Desktop/RosProjects/install/my_robot_description/share/my_robot_description/hook/cmake_prefix_path.ps1'
[0.903s] INFO:colcon.colcon_core.shell:Creating environment descriptor '/home/adi/Desktop/RosProjects/install/my_robot_description/share/my_robot_description/hook/cmake_prefix_path.dsv'
[0.903s] INFO:colcon.colcon_core.shell:Creating environment hook '/home/adi/Desktop/RosProjects/install/my_robot_description/share/my_robot_description/hook/cmake_prefix_path.sh'
[0.904s] Level 1:colcon.colcon_core.environment:checking '/home/adi/Desktop/RosProjects/install/my_robot_description/bin'
[0.904s] Level 1:colcon.colcon_core.environment:checking '/home/adi/Desktop/RosProjects/install/my_robot_description/lib/pkgconfig/my_robot_description.pc'
[0.904s] Level 1:colcon.colcon_core.environment:checking '/home/adi/Desktop/RosProjects/install/my_robot_description/lib/python3.12/site-packages'
[0.904s] Level 1:colcon.colcon_core.environment:checking '/home/adi/Desktop/RosProjects/install/my_robot_description/bin'
[0.904s] INFO:colcon.colcon_core.shell:Creating package script '/home/adi/Desktop/RosProjects/install/my_robot_description/share/my_robot_description/package.ps1'
[0.905s] INFO:colcon.colcon_core.shell:Creating package descriptor '/home/adi/Desktop/RosProjects/install/my_robot_description/share/my_robot_description/package.dsv'
[0.905s] INFO:colcon.colcon_core.shell:Creating package script '/home/adi/Desktop/RosProjects/install/my_robot_description/share/my_robot_description/package.sh'
[0.905s] INFO:colcon.colcon_core.shell:Creating package script '/home/adi/Desktop/RosProjects/install/my_robot_description/share/my_robot_description/package.bash'
[0.906s] INFO:colcon.colcon_core.shell:Creating package script '/home/adi/Desktop/RosProjects/install/my_robot_description/share/my_robot_description/package.zsh'
[0.906s] Level 1:colcon.colcon_core.environment:create_file_with_runtime_dependencies(/home/adi/Desktop/RosProjects/install/my_robot_description/share/colcon-core/packages/my_robot_description)
[2.704s] DEBUG:colcon.colcon_core.event_handler.log_command:Invoked command in '/home/adi/Desktop/RosProjects/build/my_robot_interfaces' returned '0': CMAKE_PREFIX_PATH=${CMAKE_PREFIX_PATH}:/home/adi/Desktop/RosProjects/install/my_py_pkg:/opt/ros/jazzy DEBUGINFOD_URLS=https://debuginfod.ubuntu.com /usr/bin/cmake /home/adi/Desktop/RosProjects/src/my_robot_interfaces -DCMAKE_INSTALL_PREFIX=/home/adi/Desktop/RosProjects/install/my_robot_interfaces
[2.705s] DEBUG:colcon.colcon_core.event_handler.log_command:Invoking command in '/home/adi/Desktop/RosProjects/build/my_robot_interfaces': CMAKE_PREFIX_PATH=${CMAKE_PREFIX_PATH}:/home/adi/Desktop/RosProjects/install/my_py_pkg:/opt/ros/jazzy DEBUGINFOD_URLS=https://debuginfod.ubuntu.com /usr/bin/cmake --build /home/adi/Desktop/RosProjects/build/my_robot_interfaces -- -j12 -l12
[7.993s] DEBUG:colcon.colcon_core.event_handler.log_command:Invoked command in '/home/adi/Desktop/RosProjects/build/my_robot_interfaces' returned '0': CMAKE_PREFIX_PATH=${CMAKE_PREFIX_PATH}:/home/adi/Desktop/RosProjects/install/my_py_pkg:/opt/ros/jazzy DEBUGINFOD_URLS=https://debuginfod.ubuntu.com /usr/bin/cmake --build /home/adi/Desktop/RosProjects/build/my_robot_interfaces -- -j12 -l12
[7.994s] DEBUG:colcon.colcon_core.event_handler.log_command:Invoking command in '/home/adi/Desktop/RosProjects/build/my_robot_interfaces': CMAKE_PREFIX_PATH=${CMAKE_PREFIX_PATH}:/home/adi/Desktop/RosProjects/install/my_py_pkg:/opt/ros/jazzy DEBUGINFOD_URLS=https://debuginfod.ubuntu.com /usr/bin/cmake --install /home/adi/Desktop/RosProjects/build/my_robot_interfaces
[8.078s] Level 1:colcon.colcon_core.environment:create_environment_scripts_only(my_robot_interfaces)
[8.079s] Level 1:colcon.colcon_core.environment:checking '/home/adi/Desktop/RosProjects/install/my_robot_interfaces' for CMake module files
[8.079s] DEBUG:colcon.colcon_core.event_handler.log_command:Invoked command in '/home/adi/Desktop/RosProjects/build/my_robot_interfaces' returned '0': CMAKE_PREFIX_PATH=${CMAKE_PREFIX_PATH}:/home/adi/Desktop/RosProjects/install/my_py_pkg:/opt/ros/jazzy DEBUGINFOD_URLS=https://debuginfod.ubuntu.com /usr/bin/cmake --install /home/adi/Desktop/RosProjects/build/my_robot_interfaces
[8.079s] Level 1:colcon.colcon_core.environment:checking '/home/adi/Desktop/RosProjects/install/my_robot_interfaces' for CMake config files
[8.080s] Level 1:colcon.colcon_core.shell:create_environment_hook('my_robot_interfaces', 'cmake_prefix_path')
[8.080s] INFO:colcon.colcon_core.shell:Creating environment hook '/home/adi/Desktop/RosProjects/install/my_robot_interfaces/share/my_robot_interfaces/hook/cmake_prefix_path.ps1'
[8.080s] INFO:colcon.colcon_core.shell:Creating environment descriptor '/home/adi/Desktop/RosProjects/install/my_robot_interfaces/share/my_robot_interfaces/hook/cmake_prefix_path.dsv'
[8.081s] INFO:colcon.colcon_core.shell:Creating environment hook '/home/adi/Desktop/RosProjects/install/my_robot_interfaces/share/my_robot_interfaces/hook/cmake_prefix_path.sh'
[8.081s] Level 1:colcon.colcon_core.environment:checking '/home/adi/Desktop/RosProjects/install/my_robot_interfaces/lib'
[8.081s] Level 1:colcon.colcon_core.shell:create_environment_hook('my_robot_interfaces', 'ld_library_path_lib')
[8.081s] INFO:colcon.colcon_core.shell:Creating environment hook '/home/adi/Desktop/RosProjects/install/my_robot_interfaces/share/my_robot_interfaces/hook/ld_library_path_lib.ps1'
[8.081s] INFO:colcon.colcon_core.shell:Creating environment descriptor '/home/adi/Desktop/RosProjects/install/my_robot_interfaces/share/my_robot_interfaces/hook/ld_library_path_lib.dsv'
[8.082s] INFO:colcon.colcon_core.shell:Creating environment hook '/home/adi/Desktop/RosProjects/install/my_robot_interfaces/share/my_robot_interfaces/hook/ld_library_path_lib.sh'
[8.082s] Level 1:colcon.colcon_core.environment:checking '/home/adi/Desktop/RosProjects/install/my_robot_interfaces/bin'
[8.082s] Level 1:colcon.colcon_core.environment:checking '/home/adi/Desktop/RosProjects/install/my_robot_interfaces/lib/pkgconfig/my_robot_interfaces.pc'
[8.082s] Level 1:colcon.colcon_core.environment:checking '/home/adi/Desktop/RosProjects/install/my_robot_interfaces/lib/python3.12/site-packages'
[8.082s] Level 1:colcon.colcon_core.shell:create_environment_hook('my_robot_interfaces', 'pythonpath')
[8.082s] INFO:colcon.colcon_core.shell:Creating environment hook '/home/adi/Desktop/RosProjects/install/my_robot_interfaces/share/my_robot_interfaces/hook/pythonpath.ps1'
[8.083s] INFO:colcon.colcon_core.shell:Creating environment descriptor '/home/adi/Desktop/RosProjects/install/my_robot_interfaces/share/my_robot_interfaces/hook/pythonpath.dsv'
[8.083s] INFO:colcon.colcon_core.shell:Creating environment hook '/home/adi/Desktop/RosProjects/install/my_robot_interfaces/share/my_robot_interfaces/hook/pythonpath.sh'
[8.083s] Level 1:colcon.colcon_core.environment:checking '/home/adi/Desktop/RosProjects/install/my_robot_interfaces/bin'
[8.084s] INFO:colcon.colcon_core.shell:Creating package script '/home/adi/Desktop/RosProjects/install/my_robot_interfaces/share/my_robot_interfaces/package.ps1'
[8.084s] INFO:colcon.colcon_core.shell:Creating package descriptor '/home/adi/Desktop/RosProjects/install/my_robot_interfaces/share/my_robot_interfaces/package.dsv'
[8.084s] INFO:colcon.colcon_core.shell:Creating package script '/home/adi/Desktop/RosProjects/install/my_robot_interfaces/share/my_robot_interfaces/package.sh'
[8.085s] INFO:colcon.colcon_core.shell:Creating package script '/home/adi/Desktop/RosProjects/install/my_robot_interfaces/share/my_robot_interfaces/package.bash'
[8.085s] INFO:colcon.colcon_core.shell:Creating package script '/home/adi/Desktop/RosProjects/install/my_robot_interfaces/share/my_robot_interfaces/package.zsh'
[8.085s] Level 1:colcon.colcon_core.environment:create_file_with_runtime_dependencies(/home/adi/Desktop/RosProjects/install/my_robot_interfaces/share/colcon-core/packages/my_robot_interfaces)
[8.086s] Level 1:colcon.colcon_core.environment:create_environment_scripts_only(my_robot_interfaces)
[8.086s] Level 1:colcon.colcon_core.environment:checking '/home/adi/Desktop/RosProjects/install/my_robot_interfaces' for CMake module files
[8.086s] Level 1:colcon.colcon_core.environment:checking '/home/adi/Desktop/RosProjects/install/my_robot_interfaces' for CMake config files
[8.087s] Level 1:colcon.colcon_core.shell:create_environment_hook('my_robot_interfaces', 'cmake_prefix_path')
[8.087s] INFO:colcon.colcon_core.shell:Creating environment hook '/home/adi/Desktop/RosProjects/install/my_robot_interfaces/share/my_robot_interfaces/hook/cmake_prefix_path.ps1'
[8.087s] INFO:colcon.colcon_core.shell:Creating environment descriptor '/home/adi/Desktop/RosProjects/install/my_robot_interfaces/share/my_robot_interfaces/hook/cmake_prefix_path.dsv'
[8.087s] INFO:colcon.colcon_core.shell:Creating environment hook '/home/adi/Desktop/RosProjects/install/my_robot_interfaces/share/my_robot_interfaces/hook/cmake_prefix_path.sh'
[8.088s] Level 1:colcon.colcon_core.environment:checking '/home/adi/Desktop/RosProjects/install/my_robot_interfaces/lib'
[8.088s] Level 1:colcon.colcon_core.shell:create_environment_hook('my_robot_interfaces', 'ld_library_path_lib')
[8.088s] INFO:colcon.colcon_core.shell:Creating environment hook '/home/adi/Desktop/RosProjects/install/my_robot_interfaces/share/my_robot_interfaces/hook/ld_library_path_lib.ps1'
[8.088s] INFO:colcon.colcon_core.shell:Creating environment descriptor '/home/adi/Desktop/RosProjects/install/my_robot_interfaces/share/my_robot_interfaces/hook/ld_library_path_lib.dsv'
[8.089s] INFO:colcon.colcon_core.shell:Creating environment hook '/home/adi/Desktop/RosProjects/install/my_robot_interfaces/share/my_robot_interfaces/hook/ld_library_path_lib.sh'
[8.089s] Level 1:colcon.colcon_core.environment:checking '/home/adi/Desktop/RosProjects/install/my_robot_interfaces/bin'
[8.089s] Level 1:colcon.colcon_core.environment:checking '/home/adi/Desktop/RosProjects/install/my_robot_interfaces/lib/pkgconfig/my_robot_interfaces.pc'
[8.089s] Level 1:colcon.colcon_core.environment:checking '/home/adi/Desktop/RosProjects/install/my_robot_interfaces/lib/python3.12/site-packages'
[8.089s] Level 1:colcon.colcon_core.shell:create_environment_hook('my_robot_interfaces', 'pythonpath')
[8.089s] INFO:colcon.colcon_core.shell:Creating environment hook '/home/adi/Desktop/RosProjects/install/my_robot_interfaces/share/my_robot_interfaces/hook/pythonpath.ps1'
[8.089s] INFO:colcon.colcon_core.shell:Creating environment descriptor '/home/adi/Desktop/RosProjects/install/my_robot_interfaces/share/my_robot_interfaces/hook/pythonpath.dsv'
[8.090s] INFO:colcon.colcon_core.shell:Creating environment hook '/home/adi/Desktop/RosProjects/install/my_robot_interfaces/share/my_robot_interfaces/hook/pythonpath.sh'
[8.090s] Level 1:colcon.colcon_core.environment:checking '/home/adi/Desktop/RosProjects/install/my_robot_interfaces/bin'
[8.090s] INFO:colcon.colcon_core.shell:Creating package script '/home/adi/Desktop/RosProjects/install/my_robot_interfaces/share/my_robot_interfaces/package.ps1'
[8.091s] INFO:colcon.colcon_core.shell:Creating package descriptor '/home/adi/Desktop/RosProjects/install/my_robot_interfaces/share/my_robot_interfaces/package.dsv'
[8.091s] INFO:colcon.colcon_core.shell:Creating package script '/home/adi/Desktop/RosProjects/install/my_robot_interfaces/share/my_robot_interfaces/package.sh'
[8.092s] INFO:colcon.colcon_core.shell:Creating package script '/home/adi/Desktop/RosProjects/install/my_robot_interfaces/share/my_robot_interfaces/package.bash'
[8.092s] INFO:colcon.colcon_core.shell:Creating package script '/home/adi/Desktop/RosProjects/install/my_robot_interfaces/share/my_robot_interfaces/package.zsh'
[8.092s] Level 1:colcon.colcon_core.environment:create_file_with_runtime_dependencies(/home/adi/Desktop/RosProjects/install/my_robot_interfaces/share/colcon-core/packages/my_robot_interfaces)
[8.093s] INFO:colcon.colcon_ros.task.ament_python.build:Building ROS package in '/home/adi/Desktop/RosProjects/src/my_py_pkg' with build type 'ament_python'
[8.093s] Level 1:colcon.colcon_core.shell:create_environment_hook('my_py_pkg', 'ament_prefix_path')
[8.093s] INFO:colcon.colcon_core.shell:Creating environment hook '/home/adi/Desktop/RosProjects/install/my_py_pkg/share/my_py_pkg/hook/ament_prefix_path.ps1'
[8.093s] INFO:colcon.colcon_core.shell:Creating environment descriptor '/home/adi/Desktop/RosProjects/install/my_py_pkg/share/my_py_pkg/hook/ament_prefix_path.dsv'
[8.094s] INFO:colcon.colcon_core.shell:Creating environment hook '/home/adi/Desktop/RosProjects/install/my_py_pkg/share/my_py_pkg/hook/ament_prefix_path.sh'
[8.094s] INFO:colcon.colcon_core.shell:Skip shell extension 'powershell' for command environment: Not usable outside of PowerShell
[8.094s] DEBUG:colcon.colcon_core.shell:Skip shell extension 'dsv' for command environment
[8.285s] INFO:colcon.colcon_core.task.python.build:Building Python package in '/home/adi/Desktop/RosProjects/src/my_py_pkg'
[8.285s] INFO:colcon.colcon_core.shell:Skip shell extension 'powershell' for command environment: Not usable outside of PowerShell
[8.285s] DEBUG:colcon.colcon_core.shell:Skip shell extension 'dsv' for command environment
[8.791s] DEBUG:colcon.colcon_core.event_handler.log_command:Invoking command in '/home/adi/Desktop/RosProjects/src/my_py_pkg': CMAKE_PREFIX_PATH=/home/adi/Desktop/RosProjects/install/my_robot_interfaces:/home/adi/Desktop/RosProjects/install/my_robot_bringup:/home/adi/Desktop/RosProjects/install/my_robot_description:/home/adi/Desktop/turtlebot3_ws/install/turtlebot3_simulations:/home/adi/Desktop/turtlebot3_ws/install/turtlebot3_gazebo:/home/adi/Desktop/turtlebot3_ws/install/turtlebot3_fake_node:/opt/ros/jazzy/opt/gz_sim_vendor:/opt/ros/jazzy/opt/gz_sensors_vendor:/opt/ros/jazzy/opt/gz_physics_vendor:/opt/ros/jazzy/opt/sdformat_vendor:/opt/ros/jazzy/opt/gz_gui_vendor:/opt/ros/jazzy/opt/gz_transport_vendor:/opt/ros/jazzy/opt/gz_rendering_vendor:/opt/ros/jazzy/opt/gz_plugin_vendor:/opt/ros/jazzy/opt/gz_fuel_tools_vendor:/opt/ros/jazzy/opt/gz_msgs_vendor:/opt/ros/jazzy/opt/gz_common_vendor:/opt/ros/jazzy/opt/gz_math_vendor:/opt/ros/jazzy/opt/gz_utils_vendor:/opt/ros/jazzy/opt/gz_tools_vendor:/opt/ros/jazzy/opt/gz_ogre_next_vendor:/opt/ros/jazzy/opt/gz_dartsim_vendor:/opt/ros/jazzy/opt/gz_cmake_vendor DEBUGINFOD_URLS=https://debuginfod.ubuntu.com PYTHONPATH=/home/adi/Desktop/RosProjects/build/my_py_pkg/prefix_override:/usr/lib/python3/dist-packages/colcon_core/task/python/colcon_distutils_commands:/home/adi/Desktop/RosProjects/install/my_py_pkg/lib/python3.12/site-packages:/home/adi/Desktop/RosProjects/install/my_robot_interfaces/lib/python3.12/site-packages:/home/adi/Desktop/RosProjects/install/my_py_pkg/lib/python3.12/site-packages:/opt/ros/jazzy/lib/python3.12/site-packages /usr/bin/python3 -W ignore:setup.py install is deprecated -W ignore:easy_install command is deprecated setup.py egg_info --egg-base ../../build/my_py_pkg build --build-base /home/adi/Desktop/RosProjects/build/my_py_pkg/build install --record /home/adi/Desktop/RosProjects/build/my_py_pkg/install.log --single-version-externally-managed install_data
[9.283s] Level 1:colcon.colcon_core.environment:checking '/home/adi/Desktop/RosProjects/install/my_py_pkg' for CMake module files
[9.283s] DEBUG:colcon.colcon_core.event_handler.log_command:Invoked command in '/home/adi/Desktop/RosProjects/src/my_py_pkg' returned '0': CMAKE_PREFIX_PATH=/home/adi/Desktop/RosProjects/install/my_robot_interfaces:/home/adi/Desktop/RosProjects/install/my_robot_bringup:/home/adi/Desktop/RosProjects/install/my_robot_description:/home/adi/Desktop/turtlebot3_ws/install/turtlebot3_simulations:/home/adi/Desktop/turtlebot3_ws/install/turtlebot3_gazebo:/home/adi/Desktop/turtlebot3_ws/install/turtlebot3_fake_node:/opt/ros/jazzy/opt/gz_sim_vendor:/opt/ros/jazzy/opt/gz_sensors_vendor:/opt/ros/jazzy/opt/gz_physics_vendor:/opt/ros/jazzy/opt/sdformat_vendor:/opt/ros/jazzy/opt/gz_gui_vendor:/opt/ros/jazzy/opt/gz_transport_vendor:/opt/ros/jazzy/opt/gz_rendering_vendor:/opt/ros/jazzy/opt/gz_plugin_vendor:/opt/ros/jazzy/opt/gz_fuel_tools_vendor:/opt/ros/jazzy/opt/gz_msgs_vendor:/opt/ros/jazzy/opt/gz_common_vendor:/opt/ros/jazzy/opt/gz_math_vendor:/opt/ros/jazzy/opt/gz_utils_vendor:/opt/ros/jazzy/opt/gz_tools_vendor:/opt/ros/jazzy/opt/gz_ogre_next_vendor:/opt/ros/jazzy/opt/gz_dartsim_vendor:/opt/ros/jazzy/opt/gz_cmake_vendor DEBUGINFOD_URLS=https://debuginfod.ubuntu.com PYTHONPATH=/home/adi/Desktop/RosProjects/build/my_py_pkg/prefix_override:/usr/lib/python3/dist-packages/colcon_core/task/python/colcon_distutils_commands:/home/adi/Desktop/RosProjects/install/my_py_pkg/lib/python3.12/site-packages:/home/adi/Desktop/RosProjects/install/my_robot_interfaces/lib/python3.12/site-packages:/home/adi/Desktop/RosProjects/install/my_py_pkg/lib/python3.12/site-packages:/opt/ros/jazzy/lib/python3.12/site-packages /usr/bin/python3 -W ignore:setup.py install is deprecated -W ignore:easy_install command is deprecated setup.py egg_info --egg-base ../../build/my_py_pkg build --build-base /home/adi/Desktop/RosProjects/build/my_py_pkg/build install --record /home/adi/Desktop/RosProjects/build/my_py_pkg/install.log --single-version-externally-managed install_data
[9.284s] Level 1:colcon.colcon_core.environment:checking '/home/adi/Desktop/RosProjects/install/my_py_pkg' for CMake config files
[9.284s] Level 1:colcon.colcon_core.environment:checking '/home/adi/Desktop/RosProjects/install/my_py_pkg/lib'
[9.284s] Level 1:colcon.colcon_core.environment:checking '/home/adi/Desktop/RosProjects/install/my_py_pkg/bin'
[9.284s] Level 1:colcon.colcon_core.environment:checking '/home/adi/Desktop/RosProjects/install/my_py_pkg/lib/pkgconfig/my_py_pkg.pc'
[9.284s] Level 1:colcon.colcon_core.environment:checking '/home/adi/Desktop/RosProjects/install/my_py_pkg/lib/python3.12/site-packages'
[9.284s] Level 1:colcon.colcon_core.shell:create_environment_hook('my_py_pkg', 'pythonpath')
[9.284s] INFO:colcon.colcon_core.shell:Creating environment hook '/home/adi/Desktop/RosProjects/install/my_py_pkg/share/my_py_pkg/hook/pythonpath.ps1'
[9.285s] INFO:colcon.colcon_core.shell:Creating environment descriptor '/home/adi/Desktop/RosProjects/install/my_py_pkg/share/my_py_pkg/hook/pythonpath.dsv'
[9.285s] INFO:colcon.colcon_core.shell:Creating environment hook '/home/adi/Desktop/RosProjects/install/my_py_pkg/share/my_py_pkg/hook/pythonpath.sh'
[9.286s] Level 1:colcon.colcon_core.environment:checking '/home/adi/Desktop/RosProjects/install/my_py_pkg/bin'
[9.286s] Level 1:colcon.colcon_core.environment:create_environment_scripts_only(my_py_pkg)
[9.286s] INFO:colcon.colcon_core.shell:Creating package script '/home/adi/Desktop/RosProjects/install/my_py_pkg/share/my_py_pkg/package.ps1'
[9.286s] INFO:colcon.colcon_core.shell:Creating package descriptor '/home/adi/Desktop/RosProjects/install/my_py_pkg/share/my_py_pkg/package.dsv'
[9.286s] INFO:colcon.colcon_core.shell:Creating package script '/home/adi/Desktop/RosProjects/install/my_py_pkg/share/my_py_pkg/package.sh'
[9.287s] INFO:colcon.colcon_core.shell:Creating package script '/home/adi/Desktop/RosProjects/install/my_py_pkg/share/my_py_pkg/package.bash'
[9.287s] INFO:colcon.colcon_core.shell:Creating package script '/home/adi/Desktop/RosProjects/install/my_py_pkg/share/my_py_pkg/package.zsh'
[9.287s] Level 1:colcon.colcon_core.environment:create_file_with_runtime_dependencies(/home/adi/Desktop/RosProjects/install/my_py_pkg/share/colcon-core/packages/my_py_pkg)
[9.287s] INFO:colcon.colcon_ros.task.ament_cmake.build:Building ROS package in '/home/adi/Desktop/RosProjects/src/my_robot_bringup' with build type 'ament_cmake'
[9.288s] INFO:colcon.colcon_cmake.task.cmake.build:Building CMake package in '/home/adi/Desktop/RosProjects/src/my_robot_bringup'
[9.288s] INFO:colcon.colcon_core.shell:Skip shell extension 'powershell' for command environment: Not usable outside of PowerShell
[9.288s] DEBUG:colcon.colcon_core.shell:Skip shell extension 'dsv' for command environment
[9.299s] DEBUG:colcon.colcon_core.event_handler.log_command:Invoking command in '/home/adi/Desktop/RosProjects/build/my_robot_bringup': AMENT_PREFIX_PATH=/home/adi/Desktop/RosProjects/install/my_py_pkg:/home/adi/Desktop/RosProjects/install/my_robot_bringup:/home/adi/Desktop/RosProjects/install/my_robot_interfaces:/home/adi/Desktop/RosProjects/install/my_robot_description:/home/adi/Desktop/turtlebot3_ws/install/turtlebot3_simulations:/home/adi/Desktop/turtlebot3_ws/install/turtlebot3_gazebo:/home/adi/Desktop/turtlebot3_ws/install/turtlebot3_fake_node:/opt/ros/jazzy CMAKE_PREFIX_PATH=/home/adi/Desktop/RosProjects/install/my_robot_interfaces:/home/adi/Desktop/RosProjects/install/my_robot_bringup:/home/adi/Desktop/RosProjects/install/my_robot_description:/home/adi/Desktop/turtlebot3_ws/install/turtlebot3_simulations:/home/adi/Desktop/turtlebot3_ws/install/turtlebot3_gazebo:/home/adi/Desktop/turtlebot3_ws/install/turtlebot3_fake_node:/opt/ros/jazzy/opt/gz_sim_vendor:/opt/ros/jazzy/opt/gz_sensors_vendor:/opt/ros/jazzy/opt/gz_physics_vendor:/opt/ros/jazzy/opt/sdformat_vendor:/opt/ros/jazzy/opt/gz_gui_vendor:/opt/ros/jazzy/opt/gz_transport_vendor:/opt/ros/jazzy/opt/gz_rendering_vendor:/opt/ros/jazzy/opt/gz_plugin_vendor:/opt/ros/jazzy/opt/gz_fuel_tools_vendor:/opt/ros/jazzy/opt/gz_msgs_vendor:/opt/ros/jazzy/opt/gz_common_vendor:/opt/ros/jazzy/opt/gz_math_vendor:/opt/ros/jazzy/opt/gz_utils_vendor:/opt/ros/jazzy/opt/gz_tools_vendor:/opt/ros/jazzy/opt/gz_ogre_next_vendor:/opt/ros/jazzy/opt/gz_dartsim_vendor:/opt/ros/jazzy/opt/gz_cmake_vendor:/home/adi/Desktop/RosProjects/install/my_py_pkg:/opt/ros/jazzy DEBUGINFOD_URLS=https://debuginfod.ubuntu.com /usr/bin/cmake /home/adi/Desktop/RosProjects/src/my_robot_bringup -DCMAKE_INSTALL_PREFIX=/home/adi/Desktop/RosProjects/install/my_robot_bringup
[9.877s] DEBUG:colcon.colcon_core.event_handler.log_command:Invoked command in '/home/adi/Desktop/RosProjects/build/my_robot_bringup' returned '0': AMENT_PREFIX_PATH=/home/adi/Desktop/RosProjects/install/my_py_pkg:/home/adi/Desktop/RosProjects/install/my_robot_bringup:/home/adi/Desktop/RosProjects/install/my_robot_interfaces:/home/adi/Desktop/RosProjects/install/my_robot_description:/home/adi/Desktop/turtlebot3_ws/install/turtlebot3_simulations:/home/adi/Desktop/turtlebot3_ws/install/turtlebot3_gazebo:/home/adi/Desktop/turtlebot3_ws/install/turtlebot3_fake_node:/opt/ros/jazzy CMAKE_PREFIX_PATH=/home/adi/Desktop/RosProjects/install/my_robot_interfaces:/home/adi/Desktop/RosProjects/install/my_robot_bringup:/home/adi/Desktop/RosProjects/install/my_robot_description:/home/adi/Desktop/turtlebot3_ws/install/turtlebot3_simulations:/home/adi/Desktop/turtlebot3_ws/install/turtlebot3_gazebo:/home/adi/Desktop/turtlebot3_ws/install/turtlebot3_fake_node:/opt/ros/jazzy/opt/gz_sim_vendor:/opt/ros/jazzy/opt/gz_sensors_vendor:/opt/ros/jazzy/opt/gz_physics_vendor:/opt/ros/jazzy/opt/sdformat_vendor:/opt/ros/jazzy/opt/gz_gui_vendor:/opt/ros/jazzy/opt/gz_transport_vendor:/opt/ros/jazzy/opt/gz_rendering_vendor:/opt/ros/jazzy/opt/gz_plugin_vendor:/opt/ros/jazzy/opt/gz_fuel_tools_vendor:/opt/ros/jazzy/opt/gz_msgs_vendor:/opt/ros/jazzy/opt/gz_common_vendor:/opt/ros/jazzy/opt/gz_math_vendor:/opt/ros/jazzy/opt/gz_utils_vendor:/opt/ros/jazzy/opt/gz_tools_vendor:/opt/ros/jazzy/opt/gz_ogre_next_vendor:/opt/ros/jazzy/opt/gz_dartsim_vendor:/opt/ros/jazzy/opt/gz_cmake_vendor:/home/adi/Desktop/RosProjects/install/my_py_pkg:/opt/ros/jazzy DEBUGINFOD_URLS=https://debuginfod.ubuntu.com /usr/bin/cmake /home/adi/Desktop/RosProjects/src/my_robot_bringup -DCMAKE_INSTALL_PREFIX=/home/adi/Desktop/RosProjects/install/my_robot_bringup
[9.877s] DEBUG:colcon.colcon_core.event_handler.log_command:Invoking command in '/home/adi/Desktop/RosProjects/build/my_robot_bringup': AMENT_PREFIX_PATH=/home/adi/Desktop/RosProjects/install/my_py_pkg:/home/adi/Desktop/RosProjects/install/my_robot_bringup:/home/adi/Desktop/RosProjects/install/my_robot_interfaces:/home/adi/Desktop/RosProjects/install/my_robot_description:/home/adi/Desktop/turtlebot3_ws/install/turtlebot3_simulations:/home/adi/Desktop/turtlebot3_ws/install/turtlebot3_gazebo:/home/adi/Desktop/turtlebot3_ws/install/turtlebot3_fake_node:/opt/ros/jazzy CMAKE_PREFIX_PATH=/home/adi/Desktop/RosProjects/install/my_robot_interfaces:/home/adi/Desktop/RosProjects/install/my_robot_bringup:/home/adi/Desktop/RosProjects/install/my_robot_description:/home/adi/Desktop/turtlebot3_ws/install/turtlebot3_simulations:/home/adi/Desktop/turtlebot3_ws/install/turtlebot3_gazebo:/home/adi/Desktop/turtlebot3_ws/install/turtlebot3_fake_node:/opt/ros/jazzy/opt/gz_sim_vendor:/opt/ros/jazzy/opt/gz_sensors_vendor:/opt/ros/jazzy/opt/gz_physics_vendor:/opt/ros/jazzy/opt/sdformat_vendor:/opt/ros/jazzy/opt/gz_gui_vendor:/opt/ros/jazzy/opt/gz_transport_vendor:/opt/ros/jazzy/opt/gz_rendering_vendor:/opt/ros/jazzy/opt/gz_plugin_vendor:/opt/ros/jazzy/opt/gz_fuel_tools_vendor:/opt/ros/jazzy/opt/gz_msgs_vendor:/opt/ros/jazzy/opt/gz_common_vendor:/opt/ros/jazzy/opt/gz_math_vendor:/opt/ros/jazzy/opt/gz_utils_vendor:/opt/ros/jazzy/opt/gz_tools_vendor:/opt/ros/jazzy/opt/gz_ogre_next_vendor:/opt/ros/jazzy/opt/gz_dartsim_vendor:/opt/ros/jazzy/opt/gz_cmake_vendor:/home/adi/Desktop/RosProjects/install/my_py_pkg:/opt/ros/jazzy DEBUGINFOD_URLS=https://debuginfod.ubuntu.com /usr/bin/cmake --build /home/adi/Desktop/RosProjects/build/my_robot_bringup -- -j12 -l12
[9.905s] DEBUG:colcon.colcon_core.event_handler.log_command:Invoked command in '/home/adi/Desktop/RosProjects/build/my_robot_bringup' returned '0': AMENT_PREFIX_PATH=/home/adi/Desktop/RosProjects/install/my_py_pkg:/home/adi/Desktop/RosProjects/install/my_robot_bringup:/home/adi/Desktop/RosProjects/install/my_robot_interfaces:/home/adi/Desktop/RosProjects/install/my_robot_description:/home/adi/Desktop/turtlebot3_ws/install/turtlebot3_simulations:/home/adi/Desktop/turtlebot3_ws/install/turtlebot3_gazebo:/home/adi/Desktop/turtlebot3_ws/install/turtlebot3_fake_node:/opt/ros/jazzy CMAKE_PREFIX_PATH=/home/adi/Desktop/RosProjects/install/my_robot_interfaces:/home/adi/Desktop/RosProjects/install/my_robot_bringup:/home/adi/Desktop/RosProjects/install/my_robot_description:/home/adi/Desktop/turtlebot3_ws/install/turtlebot3_simulations:/home/adi/Desktop/turtlebot3_ws/install/turtlebot3_gazebo:/home/adi/Desktop/turtlebot3_ws/install/turtlebot3_fake_node:/opt/ros/jazzy/opt/gz_sim_vendor:/opt/ros/jazzy/opt/gz_sensors_vendor:/opt/ros/jazzy/opt/gz_physics_vendor:/opt/ros/jazzy/opt/sdformat_vendor:/opt/ros/jazzy/opt/gz_gui_vendor:/opt/ros/jazzy/opt/gz_transport_vendor:/opt/ros/jazzy/opt/gz_rendering_vendor:/opt/ros/jazzy/opt/gz_plugin_vendor:/opt/ros/jazzy/opt/gz_fuel_tools_vendor:/opt/ros/jazzy/opt/gz_msgs_vendor:/opt/ros/jazzy/opt/gz_common_vendor:/opt/ros/jazzy/opt/gz_math_vendor:/opt/ros/jazzy/opt/gz_utils_vendor:/opt/ros/jazzy/opt/gz_tools_vendor:/opt/ros/jazzy/opt/gz_ogre_next_vendor:/opt/ros/jazzy/opt/gz_dartsim_vendor:/opt/ros/jazzy/opt/gz_cmake_vendor:/home/adi/Desktop/RosProjects/install/my_py_pkg:/opt/ros/jazzy DEBUGINFOD_URLS=https://debuginfod.ubuntu.com /usr/bin/cmake --build /home/adi/Desktop/RosProjects/build/my_robot_bringup -- -j12 -l12
[9.906s] DEBUG:colcon.colcon_core.event_handler.log_command:Invoking command in '/home/adi/Desktop/RosProjects/build/my_robot_bringup': AMENT_PREFIX_PATH=/home/adi/Desktop/RosProjects/install/my_py_pkg:/home/adi/Desktop/RosProjects/install/my_robot_bringup:/home/adi/Desktop/RosProjects/install/my_robot_interfaces:/home/adi/Desktop/RosProjects/install/my_robot_description:/home/adi/Desktop/turtlebot3_ws/install/turtlebot3_simulations:/home/adi/Desktop/turtlebot3_ws/install/turtlebot3_gazebo:/home/adi/Desktop/turtlebot3_ws/install/turtlebot3_fake_node:/opt/ros/jazzy CMAKE_PREFIX_PATH=/home/adi/Desktop/RosProjects/install/my_robot_interfaces:/home/adi/Desktop/RosProjects/install/my_robot_bringup:/home/adi/Desktop/RosProjects/install/my_robot_description:/home/adi/Desktop/turtlebot3_ws/install/turtlebot3_simulations:/home/adi/Desktop/turtlebot3_ws/install/turtlebot3_gazebo:/home/adi/Desktop/turtlebot3_ws/install/turtlebot3_fake_node:/opt/ros/jazzy/opt/gz_sim_vendor:/opt/ros/jazzy/opt/gz_sensors_vendor:/opt/ros/jazzy/opt/gz_physics_vendor:/opt/ros/jazzy/opt/sdformat_vendor:/opt/ros/jazzy/opt/gz_gui_vendor:/opt/ros/jazzy/opt/gz_transport_vendor:/opt/ros/jazzy/opt/gz_rendering_vendor:/opt/ros/jazzy/opt/gz_plugin_vendor:/opt/ros/jazzy/opt/gz_fuel_tools_vendor:/opt/ros/jazzy/opt/gz_msgs_vendor:/opt/ros/jazzy/opt/gz_common_vendor:/opt/ros/jazzy/opt/gz_math_vendor:/opt/ros/jazzy/opt/gz_utils_vendor:/opt/ros/jazzy/opt/gz_tools_vendor:/opt/ros/jazzy/opt/gz_ogre_next_vendor:/opt/ros/jazzy/opt/gz_dartsim_vendor:/opt/ros/jazzy/opt/gz_cmake_vendor:/home/adi/Desktop/RosProjects/install/my_py_pkg:/opt/ros/jazzy DEBUGINFOD_URLS=https://debuginfod.ubuntu.com /usr/bin/cmake --install /home/adi/Desktop/RosProjects/build/my_robot_bringup
[9.915s] Level 1:colcon.colcon_core.environment:create_environment_scripts_only(my_robot_bringup)
[9.915s] DEBUG:colcon.colcon_core.event_handler.log_command:Invoked command in '/home/adi/Desktop/RosProjects/build/my_robot_bringup' returned '0': AMENT_PREFIX_PATH=/home/adi/Desktop/RosProjects/install/my_py_pkg:/home/adi/Desktop/RosProjects/install/my_robot_bringup:/home/adi/Desktop/RosProjects/install/my_robot_interfaces:/home/adi/Desktop/RosProjects/install/my_robot_description:/home/adi/Desktop/turtlebot3_ws/install/turtlebot3_simulations:/home/adi/Desktop/turtlebot3_ws/install/turtlebot3_gazebo:/home/adi/Desktop/turtlebot3_ws/install/turtlebot3_fake_node:/opt/ros/jazzy CMAKE_PREFIX_PATH=/home/adi/Desktop/RosProjects/install/my_robot_interfaces:/home/adi/Desktop/RosProjects/install/my_robot_bringup:/home/adi/Desktop/RosProjects/install/my_robot_description:/home/adi/Desktop/turtlebot3_ws/install/turtlebot3_simulations:/home/adi/Desktop/turtlebot3_ws/install/turtlebot3_gazebo:/home/adi/Desktop/turtlebot3_ws/install/turtlebot3_fake_node:/opt/ros/jazzy/opt/gz_sim_vendor:/opt/ros/jazzy/opt/gz_sensors_vendor:/opt/ros/jazzy/opt/gz_physics_vendor:/opt/ros/jazzy/opt/sdformat_vendor:/opt/ros/jazzy/opt/gz_gui_vendor:/opt/ros/jazzy/opt/gz_transport_vendor:/opt/ros/jazzy/opt/gz_rendering_vendor:/opt/ros/jazzy/opt/gz_plugin_vendor:/opt/ros/jazzy/opt/gz_fuel_tools_vendor:/opt/ros/jazzy/opt/gz_msgs_vendor:/opt/ros/jazzy/opt/gz_common_vendor:/opt/ros/jazzy/opt/gz_math_vendor:/opt/ros/jazzy/opt/gz_utils_vendor:/opt/ros/jazzy/opt/gz_tools_vendor:/opt/ros/jazzy/opt/gz_ogre_next_vendor:/opt/ros/jazzy/opt/gz_dartsim_vendor:/opt/ros/jazzy/opt/gz_cmake_vendor:/home/adi/Desktop/RosProjects/install/my_py_pkg:/opt/ros/jazzy DEBUGINFOD_URLS=https://debuginfod.ubuntu.com /usr/bin/cmake --install /home/adi/Desktop/RosProjects/build/my_robot_bringup
[9.915s] Level 1:colcon.colcon_core.environment:checking '/home/adi/Desktop/RosProjects/install/my_robot_bringup' for CMake module files
[9.916s] Level 1:colcon.colcon_core.environment:checking '/home/adi/Desktop/RosProjects/install/my_robot_bringup' for CMake config files
[9.916s] Level 1:colcon.colcon_core.shell:create_environment_hook('my_robot_bringup', 'cmake_prefix_path')
[9.916s] INFO:colcon.colcon_core.shell:Creating environment hook '/home/adi/Desktop/RosProjects/install/my_robot_bringup/share/my_robot_bringup/hook/cmake_prefix_path.ps1'
[9.916s] INFO:colcon.colcon_core.shell:Creating environment descriptor '/home/adi/Desktop/RosProjects/install/my_robot_bringup/share/my_robot_bringup/hook/cmake_prefix_path.dsv'
[9.916s] INFO:colcon.colcon_core.shell:Creating environment hook '/home/adi/Desktop/RosProjects/install/my_robot_bringup/share/my_robot_bringup/hook/cmake_prefix_path.sh'
[9.917s] Level 1:colcon.colcon_core.environment:checking '/home/adi/Desktop/RosProjects/install/my_robot_bringup/bin'
[9.917s] Level 1:colcon.colcon_core.environment:checking '/home/adi/Desktop/RosProjects/install/my_robot_bringup/lib/pkgconfig/my_robot_bringup.pc'
[9.917s] Level 1:colcon.colcon_core.environment:checking '/home/adi/Desktop/RosProjects/install/my_robot_bringup/lib/python3.12/site-packages'
[9.917s] Level 1:colcon.colcon_core.environment:checking '/home/adi/Desktop/RosProjects/install/my_robot_bringup/bin'
[9.917s] INFO:colcon.colcon_core.shell:Creating package script '/home/adi/Desktop/RosProjects/install/my_robot_bringup/share/my_robot_bringup/package.ps1'
[9.918s] INFO:colcon.colcon_core.shell:Creating package descriptor '/home/adi/Desktop/RosProjects/install/my_robot_bringup/share/my_robot_bringup/package.dsv'
[9.918s] INFO:colcon.colcon_core.shell:Creating package script '/home/adi/Desktop/RosProjects/install/my_robot_bringup/share/my_robot_bringup/package.sh'
[9.918s] INFO:colcon.colcon_core.shell:Creating package script '/home/adi/Desktop/RosProjects/install/my_robot_bringup/share/my_robot_bringup/package.bash'
[9.919s] INFO:colcon.colcon_core.shell:Creating package script '/home/adi/Desktop/RosProjects/install/my_robot_bringup/share/my_robot_bringup/package.zsh'
[9.919s] Level 1:colcon.colcon_core.environment:create_file_with_runtime_dependencies(/home/adi/Desktop/RosProjects/install/my_robot_bringup/share/colcon-core/packages/my_robot_bringup)
[9.919s] Level 1:colcon.colcon_core.environment:create_environment_scripts_only(my_robot_bringup)
[9.919s] Level 1:colcon.colcon_core.environment:checking '/home/adi/Desktop/RosProjects/install/my_robot_bringup' for CMake module files
[9.920s] Level 1:colcon.colcon_core.environment:checking '/home/adi/Desktop/RosProjects/install/my_robot_bringup' for CMake config files
[9.920s] Level 1:colcon.colcon_core.shell:create_environment_hook('my_robot_bringup', 'cmake_prefix_path')
[9.920s] INFO:colcon.colcon_core.shell:Creating environment hook '/home/adi/Desktop/RosProjects/install/my_robot_bringup/share/my_robot_bringup/hook/cmake_prefix_path.ps1'
[9.920s] INFO:colcon.colcon_core.shell:Creating environment descriptor '/home/adi/Desktop/RosProjects/install/my_robot_bringup/share/my_robot_bringup/hook/cmake_prefix_path.dsv'
[9.921s] INFO:colcon.colcon_core.shell:Creating environment hook '/home/adi/Desktop/RosProjects/install/my_robot_bringup/share/my_robot_bringup/hook/cmake_prefix_path.sh'
[9.921s] Level 1:colcon.colcon_core.environment:checking '/home/adi/Desktop/RosProjects/install/my_robot_bringup/bin'
[9.921s] Level 1:colcon.colcon_core.environment:checking '/home/adi/Desktop/RosProjects/install/my_robot_bringup/lib/pkgconfig/my_robot_bringup.pc'
[9.921s] Level 1:colcon.colcon_core.environment:checking '/home/adi/Desktop/RosProjects/install/my_robot_bringup/lib/python3.12/site-packages'
[9.921s] Level 1:colcon.colcon_core.environment:checking '/home/adi/Desktop/RosProjects/install/my_robot_bringup/bin'
[9.922s] INFO:colcon.colcon_core.shell:Creating package script '/home/adi/Desktop/RosProjects/install/my_robot_bringup/share/my_robot_bringup/package.ps1'
[9.922s] INFO:colcon.colcon_core.shell:Creating package descriptor '/home/adi/Desktop/RosProjects/install/my_robot_bringup/share/my_robot_bringup/package.dsv'
[9.922s] INFO:colcon.colcon_core.shell:Creating package script '/home/adi/Desktop/RosProjects/install/my_robot_bringup/share/my_robot_bringup/package.sh'
[9.923s] INFO:colcon.colcon_core.shell:Creating package script '/home/adi/Desktop/RosProjects/install/my_robot_bringup/share/my_robot_bringup/package.bash'
[9.923s] INFO:colcon.colcon_core.shell:Creating package script '/home/adi/Desktop/RosProjects/install/my_robot_bringup/share/my_robot_bringup/package.zsh'
[9.923s] Level 1:colcon.colcon_core.environment:create_file_with_runtime_dependencies(/home/adi/Desktop/RosProjects/install/my_robot_bringup/share/colcon-core/packages/my_robot_bringup)
[9.923s] DEBUG:colcon.colcon_parallel_executor.executor.parallel:closing loop
[9.924s] DEBUG:colcon.colcon_parallel_executor.executor.parallel:loop closed
[9.924s] DEBUG:colcon.colcon_parallel_executor.executor.parallel:run_until_complete finished with '0'
[9.924s] DEBUG:colcon.colcon_core.event_reactor:joining thread
[9.929s] INFO:colcon.colcon_core.plugin_system:Skipping extension 'colcon_notification.desktop_notification.terminal_notifier': Not used on non-Darwin systems
[9.929s] INFO:colcon.colcon_core.plugin_system:Skipping extension 'colcon_notification.desktop_notification.win32': Not used on non-Windows systems
[9.929s] INFO:colcon.colcon_notification.desktop_notification:Sending desktop notification using 'notify2'
[9.939s] DEBUG:colcon.colcon_core.event_reactor:joined thread
[9.939s] INFO:colcon.colcon_core.shell:Creating prefix script '/home/adi/Desktop/RosProjects/install/local_setup.ps1'
[9.940s] INFO:colcon.colcon_core.shell:Creating prefix util module '/home/adi/Desktop/RosProjects/install/_local_setup_util_ps1.py'
[9.940s] INFO:colcon.colcon_core.shell:Creating prefix chain script '/home/adi/Desktop/RosProjects/install/setup.ps1'
[9.941s] INFO:colcon.colcon_core.shell:Creating prefix script '/home/adi/Desktop/RosProjects/install/local_setup.sh'
[9.942s] INFO:colcon.colcon_core.shell:Creating prefix util module '/home/adi/Desktop/RosProjects/install/_local_setup_util_sh.py'
[9.942s] INFO:colcon.colcon_core.shell:Creating prefix chain script '/home/adi/Desktop/RosProjects/install/setup.sh'
[9.943s] INFO:colcon.colcon_core.shell:Creating prefix script '/home/adi/Desktop/RosProjects/install/local_setup.bash'
[9.943s] INFO:colcon.colcon_core.shell:Creating prefix chain script '/home/adi/Desktop/RosProjects/install/setup.bash'
[9.944s] INFO:colcon.colcon_core.shell:Creating prefix script '/home/adi/Desktop/RosProjects/install/local_setup.zsh'
[9.945s] INFO:colcon.colcon_core.shell:Creating prefix chain script '/home/adi/Desktop/RosProjects/install/setup.zsh'
