/home/adi/Desktop/RosProjects/install/my_py_pkg/lib/python3.12/site-packages/my_py_pkg/hardware_status_publisher.py
/home/adi/Desktop/RosProjects/install/my_py_pkg/lib/python3.12/site-packages/my_py_pkg/PredatorTurtle.py
/home/adi/Desktop/RosProjects/install/my_py_pkg/lib/python3.12/site-packages/my_py_pkg/number_counter.py
/home/adi/Desktop/RosProjects/install/my_py_pkg/lib/python3.12/site-packages/my_py_pkg/reset_counter.py
/home/adi/Desktop/RosProjects/install/my_py_pkg/lib/python3.12/site-packages/my_py_pkg/add_two_ints_client.py
/home/adi/Desktop/RosProjects/install/my_py_pkg/lib/python3.12/site-packages/my_py_pkg/my_first_node.py
/home/adi/Desktop/RosProjects/install/my_py_pkg/lib/python3.12/site-packages/my_py_pkg/add_two_ints_server.py
/home/adi/Desktop/RosProjects/install/my_py_pkg/lib/python3.12/site-packages/my_py_pkg/smartphone.py
/home/adi/Desktop/RosProjects/install/my_py_pkg/lib/python3.12/site-packages/my_py_pkg/battery_monitor.py
/home/adi/Desktop/RosProjects/install/my_py_pkg/lib/python3.12/site-packages/my_py_pkg/__init__.py
/home/adi/Desktop/RosProjects/install/my_py_pkg/lib/python3.12/site-packages/my_py_pkg/number_publisher.py
/home/adi/Desktop/RosProjects/install/my_py_pkg/lib/python3.12/site-packages/my_py_pkg/template_python_node.py
/home/adi/Desktop/RosProjects/install/my_py_pkg/lib/python3.12/site-packages/my_py_pkg/PreyTurtle.py
/home/adi/Desktop/RosProjects/install/my_py_pkg/lib/python3.12/site-packages/my_py_pkg/add_two_ints_client_no_oop.py
/home/adi/Desktop/RosProjects/install/my_py_pkg/lib/python3.12/site-packages/my_py_pkg/led_panel_node.py
/home/adi/Desktop/RosProjects/install/my_py_pkg/lib/python3.12/site-packages/my_py_pkg/battery_charge_status.py
/home/adi/Desktop/RosProjects/install/my_py_pkg/lib/python3.12/site-packages/my_py_pkg/robot_news_station.py
/home/adi/Desktop/RosProjects/install/my_py_pkg/lib/python3.12/site-packages/my_py_pkg/__pycache__/hardware_status_publisher.cpython-312.pyc
/home/adi/Desktop/RosProjects/install/my_py_pkg/lib/python3.12/site-packages/my_py_pkg/__pycache__/PredatorTurtle.cpython-312.pyc
/home/adi/Desktop/RosProjects/install/my_py_pkg/lib/python3.12/site-packages/my_py_pkg/__pycache__/number_counter.cpython-312.pyc
/home/adi/Desktop/RosProjects/install/my_py_pkg/lib/python3.12/site-packages/my_py_pkg/__pycache__/reset_counter.cpython-312.pyc
/home/adi/Desktop/RosProjects/install/my_py_pkg/lib/python3.12/site-packages/my_py_pkg/__pycache__/add_two_ints_client.cpython-312.pyc
/home/adi/Desktop/RosProjects/install/my_py_pkg/lib/python3.12/site-packages/my_py_pkg/__pycache__/my_first_node.cpython-312.pyc
/home/adi/Desktop/RosProjects/install/my_py_pkg/lib/python3.12/site-packages/my_py_pkg/__pycache__/add_two_ints_server.cpython-312.pyc
/home/adi/Desktop/RosProjects/install/my_py_pkg/lib/python3.12/site-packages/my_py_pkg/__pycache__/smartphone.cpython-312.pyc
/home/adi/Desktop/RosProjects/install/my_py_pkg/lib/python3.12/site-packages/my_py_pkg/__pycache__/battery_monitor.cpython-312.pyc
/home/adi/Desktop/RosProjects/install/my_py_pkg/lib/python3.12/site-packages/my_py_pkg/__pycache__/__init__.cpython-312.pyc
/home/adi/Desktop/RosProjects/install/my_py_pkg/lib/python3.12/site-packages/my_py_pkg/__pycache__/number_publisher.cpython-312.pyc
/home/adi/Desktop/RosProjects/install/my_py_pkg/lib/python3.12/site-packages/my_py_pkg/__pycache__/template_python_node.cpython-312.pyc
/home/adi/Desktop/RosProjects/install/my_py_pkg/lib/python3.12/site-packages/my_py_pkg/__pycache__/PreyTurtle.cpython-312.pyc
/home/adi/Desktop/RosProjects/install/my_py_pkg/lib/python3.12/site-packages/my_py_pkg/__pycache__/add_two_ints_client_no_oop.cpython-312.pyc
/home/adi/Desktop/RosProjects/install/my_py_pkg/lib/python3.12/site-packages/my_py_pkg/__pycache__/led_panel_node.cpython-312.pyc
/home/adi/Desktop/RosProjects/install/my_py_pkg/lib/python3.12/site-packages/my_py_pkg/__pycache__/battery_charge_status.cpython-312.pyc
/home/adi/Desktop/RosProjects/install/my_py_pkg/lib/python3.12/site-packages/my_py_pkg/__pycache__/robot_news_station.cpython-312.pyc
/home/adi/Desktop/RosProjects/install/my_py_pkg/share/ament_index/resource_index/packages/my_py_pkg
/home/adi/Desktop/RosProjects/install/my_py_pkg/share/my_py_pkg/package.xml
/home/adi/Desktop/RosProjects/install/my_py_pkg/lib/python3.12/site-packages/my_py_pkg-0.0.0-py3.12.egg-info/requires.txt
/home/adi/Desktop/RosProjects/install/my_py_pkg/lib/python3.12/site-packages/my_py_pkg-0.0.0-py3.12.egg-info/zip-safe
/home/adi/Desktop/RosProjects/install/my_py_pkg/lib/python3.12/site-packages/my_py_pkg-0.0.0-py3.12.egg-info/top_level.txt
/home/adi/Desktop/RosProjects/install/my_py_pkg/lib/python3.12/site-packages/my_py_pkg-0.0.0-py3.12.egg-info/PKG-INFO
/home/adi/Desktop/RosProjects/install/my_py_pkg/lib/python3.12/site-packages/my_py_pkg-0.0.0-py3.12.egg-info/SOURCES.txt
/home/adi/Desktop/RosProjects/install/my_py_pkg/lib/python3.12/site-packages/my_py_pkg-0.0.0-py3.12.egg-info/dependency_links.txt
/home/adi/Desktop/RosProjects/install/my_py_pkg/lib/python3.12/site-packages/my_py_pkg-0.0.0-py3.12.egg-info/entry_points.txt
/home/adi/Desktop/RosProjects/install/my_py_pkg/lib/my_py_pkg/PredatorTurtle
/home/adi/Desktop/RosProjects/install/my_py_pkg/lib/my_py_pkg/PreyTurtle
/home/adi/Desktop/RosProjects/install/my_py_pkg/lib/my_py_pkg/add_two_ints_client
/home/adi/Desktop/RosProjects/install/my_py_pkg/lib/my_py_pkg/add_two_ints_client_no_oop
/home/adi/Desktop/RosProjects/install/my_py_pkg/lib/my_py_pkg/add_two_ints_server
/home/adi/Desktop/RosProjects/install/my_py_pkg/lib/my_py_pkg/battery_charge_status
/home/adi/Desktop/RosProjects/install/my_py_pkg/lib/my_py_pkg/battery_monitor
/home/adi/Desktop/RosProjects/install/my_py_pkg/lib/my_py_pkg/hardware_status_publisher
/home/adi/Desktop/RosProjects/install/my_py_pkg/lib/my_py_pkg/led_panel_node
/home/adi/Desktop/RosProjects/install/my_py_pkg/lib/my_py_pkg/number_counter
/home/adi/Desktop/RosProjects/install/my_py_pkg/lib/my_py_pkg/number_publisher
/home/adi/Desktop/RosProjects/install/my_py_pkg/lib/my_py_pkg/py_node
/home/adi/Desktop/RosProjects/install/my_py_pkg/lib/my_py_pkg/robot_news_station
/home/adi/Desktop/RosProjects/install/my_py_pkg/lib/my_py_pkg/smartphone
