[0.151s] DEBUG:colcon:Command line arguments: ['/usr/bin/colcon', 'build']
[0.151s] DEBUG:colcon:Parsed command line arguments: Namespace(log_base=None, log_level=None, verb_name='build', build_base='build', install_base='install', merge_install=False, symlink_install=False, test_result_base=None, continue_on_error=False, executor='parallel', parallel_workers=4, event_handlers=None, ignore_user_meta=False, metas=['./colcon.meta'], base_paths=['.'], packages_ignore=None, packages_ignore_regex=None, paths=None, packages_up_to=None, packages_up_to_regex=None, packages_above=None, packages_above_and_dependencies=None, packages_above_depth=None, packages_select_by_dep=None, packages_skip_by_dep=None, packages_skip_up_to=None, packages_select_build_failed=False, packages_skip_build_finished=False, packages_select_test_failures=False, packages_skip_test_passed=False, packages_select=None, packages_skip=None, packages_select_regex=None, packages_skip_regex=None, packages_start=None, packages_end=None, allow_overriding=[], cmake_args=None, cmake_target=None, cmake_target_skip_unavailable=False, cmake_clean_cache=False, cmake_clean_first=False, cmake_force_configure=False, ament_cmake_args=None, catkin_cmake_args=None, catkin_skip_building_tests=False, mixin_files=None, mixin=None, verb_parser=<colcon_mixin.mixin.mixin_argument.MixinArgumentDecorator object at 0x7d76f0084380>, verb_extension=<colcon_core.verb.build.BuildVerb object at 0x7d76f0067590>, main=<bound method BuildVerb.main of <colcon_core.verb.build.BuildVerb object at 0x7d76f0067590>>, mixin_verb=('build',))
[0.197s] Level 1:colcon.colcon_core.package_discovery:discover_packages(colcon_meta) check parameters
[0.197s] Level 1:colcon.colcon_core.package_discovery:discover_packages(recursive) check parameters
[0.197s] Level 1:colcon.colcon_core.package_discovery:discover_packages(ignore) check parameters
[0.198s] Level 1:colcon.colcon_core.package_discovery:discover_packages(path) check parameters
[0.198s] Level 1:colcon.colcon_core.package_discovery:discover_packages(colcon_meta) discover
[0.198s] Level 1:colcon.colcon_core.package_discovery:discover_packages(recursive) discover
[0.198s] INFO:colcon.colcon_core.package_discovery:Crawling recursively for packages in '/home/adi/RosProjects'
[0.198s] Level 1:colcon.colcon_core.package_identification:_identify(.) by extensions ['ignore', 'ignore_ament_install']
[0.198s] Level 1:colcon.colcon_core.package_identification:_identify(.) by extension 'ignore'
[0.198s] Level 1:colcon.colcon_core.package_identification:_identify(.) by extension 'ignore_ament_install'
[0.198s] Level 1:colcon.colcon_core.package_identification:_identify(.) by extensions ['colcon_pkg']
[0.198s] Level 1:colcon.colcon_core.package_identification:_identify(.) by extension 'colcon_pkg'
[0.198s] Level 1:colcon.colcon_core.package_identification:_identify(.) by extensions ['colcon_meta']
[0.198s] Level 1:colcon.colcon_core.package_identification:_identify(.) by extension 'colcon_meta'
[0.198s] Level 1:colcon.colcon_core.package_identification:_identify(.) by extensions ['ros']
[0.198s] Level 1:colcon.colcon_core.package_identification:_identify(.) by extension 'ros'
[0.225s] Level 1:colcon.colcon_core.package_identification:_identify(.) by extensions ['cmake', 'python']
[0.225s] Level 1:colcon.colcon_core.package_identification:_identify(.) by extension 'cmake'
[0.225s] Level 1:colcon.colcon_core.package_identification:_identify(.) by extension 'python'
[0.225s] Level 1:colcon.colcon_core.package_identification:_identify(.) by extensions ['python_setup_py']
[0.225s] Level 1:colcon.colcon_core.package_identification:_identify(.) by extension 'python_setup_py'
[0.225s] Level 1:colcon.colcon_core.package_identification:_identify(build) by extensions ['ignore', 'ignore_ament_install']
[0.225s] Level 1:colcon.colcon_core.package_identification:_identify(build) by extension 'ignore'
[0.225s] Level 1:colcon.colcon_core.package_identification:_identify(build) ignored
[0.226s] Level 1:colcon.colcon_core.package_identification:_identify(install) by extensions ['ignore', 'ignore_ament_install']
[0.226s] Level 1:colcon.colcon_core.package_identification:_identify(install) by extension 'ignore'
[0.226s] Level 1:colcon.colcon_core.package_identification:_identify(install) ignored
[0.226s] Level 1:colcon.colcon_core.package_identification:_identify(log) by extensions ['ignore', 'ignore_ament_install']
[0.226s] Level 1:colcon.colcon_core.package_identification:_identify(log) by extension 'ignore'
[0.226s] Level 1:colcon.colcon_core.package_identification:_identify(log) ignored
[0.226s] Level 1:colcon.colcon_core.package_identification:_identify(my_py_pkg) by extensions ['ignore', 'ignore_ament_install']
[0.226s] Level 1:colcon.colcon_core.package_identification:_identify(my_py_pkg) by extension 'ignore'
[0.226s] Level 1:colcon.colcon_core.package_identification:_identify(my_py_pkg) by extension 'ignore_ament_install'
[0.226s] Level 1:colcon.colcon_core.package_identification:_identify(my_py_pkg) by extensions ['colcon_pkg']
[0.226s] Level 1:colcon.colcon_core.package_identification:_identify(my_py_pkg) by extension 'colcon_pkg'
[0.226s] Level 1:colcon.colcon_core.package_identification:_identify(my_py_pkg) by extensions ['colcon_meta']
[0.226s] Level 1:colcon.colcon_core.package_identification:_identify(my_py_pkg) by extension 'colcon_meta'
[0.226s] Level 1:colcon.colcon_core.package_identification:_identify(my_py_pkg) by extensions ['ros']
[0.226s] Level 1:colcon.colcon_core.package_identification:_identify(my_py_pkg) by extension 'ros'
[0.226s] Level 1:colcon.colcon_core.package_identification:_identify(my_py_pkg) by extensions ['cmake', 'python']
[0.226s] Level 1:colcon.colcon_core.package_identification:_identify(my_py_pkg) by extension 'cmake'
[0.227s] Level 1:colcon.colcon_core.package_identification:_identify(my_py_pkg) by extension 'python'
[0.227s] Level 1:colcon.colcon_core.package_identification:_identify(my_py_pkg) by extensions ['python_setup_py']
[0.227s] Level 1:colcon.colcon_core.package_identification:_identify(my_py_pkg) by extension 'python_setup_py'
[0.227s] Level 1:colcon.colcon_core.package_identification:_identify(my_py_pkg/my_py_pkg) by extensions ['ignore', 'ignore_ament_install']
[0.227s] Level 1:colcon.colcon_core.package_identification:_identify(my_py_pkg/my_py_pkg) by extension 'ignore'
[0.227s] Level 1:colcon.colcon_core.package_identification:_identify(my_py_pkg/my_py_pkg) by extension 'ignore_ament_install'
[0.227s] Level 1:colcon.colcon_core.package_identification:_identify(my_py_pkg/my_py_pkg) by extensions ['colcon_pkg']
[0.227s] Level 1:colcon.colcon_core.package_identification:_identify(my_py_pkg/my_py_pkg) by extension 'colcon_pkg'
[0.227s] Level 1:colcon.colcon_core.package_identification:_identify(my_py_pkg/my_py_pkg) by extensions ['colcon_meta']
[0.227s] Level 1:colcon.colcon_core.package_identification:_identify(my_py_pkg/my_py_pkg) by extension 'colcon_meta'
[0.227s] Level 1:colcon.colcon_core.package_identification:_identify(my_py_pkg/my_py_pkg) by extensions ['ros']
[0.227s] Level 1:colcon.colcon_core.package_identification:_identify(my_py_pkg/my_py_pkg) by extension 'ros'
[0.228s] Level 1:colcon.colcon_core.package_identification:_identify(my_py_pkg/my_py_pkg) by extensions ['cmake', 'python']
[0.228s] Level 1:colcon.colcon_core.package_identification:_identify(my_py_pkg/my_py_pkg) by extension 'cmake'
[0.228s] Level 1:colcon.colcon_core.package_identification:_identify(my_py_pkg/my_py_pkg) by extension 'python'
[0.228s] Level 1:colcon.colcon_core.package_identification:_identify(my_py_pkg/my_py_pkg) by extensions ['python_setup_py']
[0.228s] Level 1:colcon.colcon_core.package_identification:_identify(my_py_pkg/my_py_pkg) by extension 'python_setup_py'
[0.228s] Level 1:colcon.colcon_core.package_identification:_identify(src) by extensions ['ignore', 'ignore_ament_install']
[0.228s] Level 1:colcon.colcon_core.package_identification:_identify(src) by extension 'ignore'
[0.228s] Level 1:colcon.colcon_core.package_identification:_identify(src) by extension 'ignore_ament_install'
[0.228s] Level 1:colcon.colcon_core.package_identification:_identify(src) by extensions ['colcon_pkg']
[0.228s] Level 1:colcon.colcon_core.package_identification:_identify(src) by extension 'colcon_pkg'
[0.228s] Level 1:colcon.colcon_core.package_identification:_identify(src) by extensions ['colcon_meta']
[0.228s] Level 1:colcon.colcon_core.package_identification:_identify(src) by extension 'colcon_meta'
[0.228s] Level 1:colcon.colcon_core.package_identification:_identify(src) by extensions ['ros']
[0.228s] Level 1:colcon.colcon_core.package_identification:_identify(src) by extension 'ros'
[0.229s] Level 1:colcon.colcon_core.package_identification:_identify(src) by extensions ['cmake', 'python']
[0.229s] Level 1:colcon.colcon_core.package_identification:_identify(src) by extension 'cmake'
[0.229s] Level 1:colcon.colcon_core.package_identification:_identify(src) by extension 'python'
[0.229s] Level 1:colcon.colcon_core.package_identification:_identify(src) by extensions ['python_setup_py']
[0.229s] Level 1:colcon.colcon_core.package_identification:_identify(src) by extension 'python_setup_py'
[0.229s] Level 1:colcon.colcon_core.package_identification:_identify(src/my_py_pkg) by extensions ['ignore', 'ignore_ament_install']
[0.229s] Level 1:colcon.colcon_core.package_identification:_identify(src/my_py_pkg) by extension 'ignore'
[0.229s] Level 1:colcon.colcon_core.package_identification:_identify(src/my_py_pkg) by extension 'ignore_ament_install'
[0.229s] Level 1:colcon.colcon_core.package_identification:_identify(src/my_py_pkg) by extensions ['colcon_pkg']
[0.229s] Level 1:colcon.colcon_core.package_identification:_identify(src/my_py_pkg) by extension 'colcon_pkg'
[0.229s] Level 1:colcon.colcon_core.package_identification:_identify(src/my_py_pkg) by extensions ['colcon_meta']
[0.229s] Level 1:colcon.colcon_core.package_identification:_identify(src/my_py_pkg) by extension 'colcon_meta'
[0.229s] Level 1:colcon.colcon_core.package_identification:_identify(src/my_py_pkg) by extensions ['ros']
[0.229s] Level 1:colcon.colcon_core.package_identification:_identify(src/my_py_pkg) by extension 'ros'
[0.233s] DEBUG:colcon.colcon_core.package_identification:Package 'src/my_py_pkg' with type 'ros.ament_python' and name 'my_py_pkg'
[0.234s] Level 1:colcon.colcon_core.package_identification:_identify(src/my_robot_bringup) by extensions ['ignore', 'ignore_ament_install']
[0.234s] Level 1:colcon.colcon_core.package_identification:_identify(src/my_robot_bringup) by extension 'ignore'
[0.234s] Level 1:colcon.colcon_core.package_identification:_identify(src/my_robot_bringup) by extension 'ignore_ament_install'
[0.234s] Level 1:colcon.colcon_core.package_identification:_identify(src/my_robot_bringup) by extensions ['colcon_pkg']
[0.234s] Level 1:colcon.colcon_core.package_identification:_identify(src/my_robot_bringup) by extension 'colcon_pkg'
[0.234s] Level 1:colcon.colcon_core.package_identification:_identify(src/my_robot_bringup) by extensions ['colcon_meta']
[0.234s] Level 1:colcon.colcon_core.package_identification:_identify(src/my_robot_bringup) by extension 'colcon_meta'
[0.234s] Level 1:colcon.colcon_core.package_identification:_identify(src/my_robot_bringup) by extensions ['ros']
[0.234s] Level 1:colcon.colcon_core.package_identification:_identify(src/my_robot_bringup) by extension 'ros'
[0.235s] DEBUG:colcon.colcon_core.package_identification:Package 'src/my_robot_bringup' with type 'ros.ament_cmake' and name 'my_robot_bringup'
[0.235s] Level 1:colcon.colcon_core.package_identification:_identify(src/my_robot_description) by extensions ['ignore', 'ignore_ament_install']
[0.235s] Level 1:colcon.colcon_core.package_identification:_identify(src/my_robot_description) by extension 'ignore'
[0.235s] Level 1:colcon.colcon_core.package_identification:_identify(src/my_robot_description) by extension 'ignore_ament_install'
[0.235s] Level 1:colcon.colcon_core.package_identification:_identify(src/my_robot_description) by extensions ['colcon_pkg']
[0.235s] Level 1:colcon.colcon_core.package_identification:_identify(src/my_robot_description) by extension 'colcon_pkg'
[0.235s] Level 1:colcon.colcon_core.package_identification:_identify(src/my_robot_description) by extensions ['colcon_meta']
[0.235s] Level 1:colcon.colcon_core.package_identification:_identify(src/my_robot_description) by extension 'colcon_meta'
[0.235s] Level 1:colcon.colcon_core.package_identification:_identify(src/my_robot_description) by extensions ['ros']
[0.235s] Level 1:colcon.colcon_core.package_identification:_identify(src/my_robot_description) by extension 'ros'
[0.235s] DEBUG:colcon.colcon_core.package_identification:Package 'src/my_robot_description' with type 'ros.ament_cmake' and name 'my_robot_description'
[0.235s] Level 1:colcon.colcon_core.package_identification:_identify(src/my_robot_interfaces) by extensions ['ignore', 'ignore_ament_install']
[0.236s] Level 1:colcon.colcon_core.package_identification:_identify(src/my_robot_interfaces) by extension 'ignore'
[0.236s] Level 1:colcon.colcon_core.package_identification:_identify(src/my_robot_interfaces) by extension 'ignore_ament_install'
[0.236s] Level 1:colcon.colcon_core.package_identification:_identify(src/my_robot_interfaces) by extensions ['colcon_pkg']
[0.236s] Level 1:colcon.colcon_core.package_identification:_identify(src/my_robot_interfaces) by extension 'colcon_pkg'
[0.236s] Level 1:colcon.colcon_core.package_identification:_identify(src/my_robot_interfaces) by extensions ['colcon_meta']
[0.236s] Level 1:colcon.colcon_core.package_identification:_identify(src/my_robot_interfaces) by extension 'colcon_meta'
[0.236s] Level 1:colcon.colcon_core.package_identification:_identify(src/my_robot_interfaces) by extensions ['ros']
[0.236s] Level 1:colcon.colcon_core.package_identification:_identify(src/my_robot_interfaces) by extension 'ros'
[0.236s] DEBUG:colcon.colcon_core.package_identification:Package 'src/my_robot_interfaces' with type 'ros.ament_cmake' and name 'my_robot_interfaces'
[0.236s] Level 1:colcon.colcon_core.package_discovery:discover_packages(recursive) using defaults
[0.236s] Level 1:colcon.colcon_core.package_discovery:discover_packages(ignore) discover
[0.236s] Level 1:colcon.colcon_core.package_discovery:discover_packages(ignore) using defaults
[0.236s] Level 1:colcon.colcon_core.package_discovery:discover_packages(path) discover
[0.236s] Level 1:colcon.colcon_core.package_discovery:discover_packages(path) using defaults
[0.260s] Level 1:colcon.colcon_core.package_discovery:discover_packages(prefix_path) check parameters
[0.260s] Level 1:colcon.colcon_core.package_discovery:discover_packages(prefix_path) discover
[0.264s] DEBUG:colcon.colcon_installed_package_information.package_discovery:Found 4 installed packages in /home/adi/RosProjects/install
[0.266s] DEBUG:colcon.colcon_installed_package_information.package_discovery:Found 319 installed packages in /opt/ros/jazzy
[0.269s] Level 1:colcon.colcon_core.package_discovery:discover_packages(prefix_path) using defaults
[0.325s] Level 5:colcon.colcon_core.verb:set package 'my_robot_description' build argument 'cmake_args' from command line to 'None'
[0.325s] Level 5:colcon.colcon_core.verb:set package 'my_robot_description' build argument 'cmake_target' from command line to 'None'
[0.325s] Level 5:colcon.colcon_core.verb:set package 'my_robot_description' build argument 'cmake_target_skip_unavailable' from command line to 'False'
[0.325s] Level 5:colcon.colcon_core.verb:set package 'my_robot_description' build argument 'cmake_clean_cache' from command line to 'False'
[0.325s] Level 5:colcon.colcon_core.verb:set package 'my_robot_description' build argument 'cmake_clean_first' from command line to 'False'
[0.325s] Level 5:colcon.colcon_core.verb:set package 'my_robot_description' build argument 'cmake_force_configure' from command line to 'False'
[0.325s] Level 5:colcon.colcon_core.verb:set package 'my_robot_description' build argument 'ament_cmake_args' from command line to 'None'
[0.326s] Level 5:colcon.colcon_core.verb:set package 'my_robot_description' build argument 'catkin_cmake_args' from command line to 'None'
[0.326s] Level 5:colcon.colcon_core.verb:set package 'my_robot_description' build argument 'catkin_skip_building_tests' from command line to 'False'
[0.326s] DEBUG:colcon.colcon_core.verb:Building package 'my_robot_description' with the following arguments: {'ament_cmake_args': None, 'build_base': '/home/adi/RosProjects/build/my_robot_description', 'catkin_cmake_args': None, 'catkin_skip_building_tests': False, 'cmake_args': None, 'cmake_clean_cache': False, 'cmake_clean_first': False, 'cmake_force_configure': False, 'cmake_target': None, 'cmake_target_skip_unavailable': False, 'install_base': '/home/adi/RosProjects/install/my_robot_description', 'merge_install': False, 'path': '/home/adi/RosProjects/src/my_robot_description', 'symlink_install': False, 'test_result_base': None}
[0.326s] Level 5:colcon.colcon_core.verb:set package 'my_robot_interfaces' build argument 'cmake_args' from command line to 'None'
[0.326s] Level 5:colcon.colcon_core.verb:set package 'my_robot_interfaces' build argument 'cmake_target' from command line to 'None'
[0.326s] Level 5:colcon.colcon_core.verb:set package 'my_robot_interfaces' build argument 'cmake_target_skip_unavailable' from command line to 'False'
[0.326s] Level 5:colcon.colcon_core.verb:set package 'my_robot_interfaces' build argument 'cmake_clean_cache' from command line to 'False'
[0.326s] Level 5:colcon.colcon_core.verb:set package 'my_robot_interfaces' build argument 'cmake_clean_first' from command line to 'False'
[0.326s] Level 5:colcon.colcon_core.verb:set package 'my_robot_interfaces' build argument 'cmake_force_configure' from command line to 'False'
[0.326s] Level 5:colcon.colcon_core.verb:set package 'my_robot_interfaces' build argument 'ament_cmake_args' from command line to 'None'
[0.326s] Level 5:colcon.colcon_core.verb:set package 'my_robot_interfaces' build argument 'catkin_cmake_args' from command line to 'None'
[0.326s] Level 5:colcon.colcon_core.verb:set package 'my_robot_interfaces' build argument 'catkin_skip_building_tests' from command line to 'False'
[0.327s] DEBUG:colcon.colcon_core.verb:Building package 'my_robot_interfaces' with the following arguments: {'ament_cmake_args': None, 'build_base': '/home/adi/RosProjects/build/my_robot_interfaces', 'catkin_cmake_args': None, 'catkin_skip_building_tests': False, 'cmake_args': None, 'cmake_clean_cache': False, 'cmake_clean_first': False, 'cmake_force_configure': False, 'cmake_target': None, 'cmake_target_skip_unavailable': False, 'install_base': '/home/adi/RosProjects/install/my_robot_interfaces', 'merge_install': False, 'path': '/home/adi/RosProjects/src/my_robot_interfaces', 'symlink_install': False, 'test_result_base': None}
[0.327s] Level 5:colcon.colcon_core.verb:set package 'my_py_pkg' build argument 'cmake_args' from command line to 'None'
[0.327s] Level 5:colcon.colcon_core.verb:set package 'my_py_pkg' build argument 'cmake_target' from command line to 'None'
[0.328s] Level 5:colcon.colcon_core.verb:set package 'my_py_pkg' build argument 'cmake_target_skip_unavailable' from command line to 'False'
[0.328s] Level 5:colcon.colcon_core.verb:set package 'my_py_pkg' build argument 'cmake_clean_cache' from command line to 'False'
[0.328s] Level 5:colcon.colcon_core.verb:set package 'my_py_pkg' build argument 'cmake_clean_first' from command line to 'False'
[0.328s] Level 5:colcon.colcon_core.verb:set package 'my_py_pkg' build argument 'cmake_force_configure' from command line to 'False'
[0.328s] Level 5:colcon.colcon_core.verb:set package 'my_py_pkg' build argument 'ament_cmake_args' from command line to 'None'
[0.328s] Level 5:colcon.colcon_core.verb:set package 'my_py_pkg' build argument 'catkin_cmake_args' from command line to 'None'
[0.328s] Level 5:colcon.colcon_core.verb:set package 'my_py_pkg' build argument 'catkin_skip_building_tests' from command line to 'False'
[0.328s] DEBUG:colcon.colcon_core.verb:Building package 'my_py_pkg' with the following arguments: {'ament_cmake_args': None, 'build_base': '/home/adi/RosProjects/build/my_py_pkg', 'catkin_cmake_args': None, 'catkin_skip_building_tests': False, 'cmake_args': None, 'cmake_clean_cache': False, 'cmake_clean_first': False, 'cmake_force_configure': False, 'cmake_target': None, 'cmake_target_skip_unavailable': False, 'install_base': '/home/adi/RosProjects/install/my_py_pkg', 'merge_install': False, 'path': '/home/adi/RosProjects/src/my_py_pkg', 'symlink_install': False, 'test_result_base': None}
[0.329s] Level 5:colcon.colcon_core.verb:set package 'my_robot_bringup' build argument 'cmake_args' from command line to 'None'
[0.329s] Level 5:colcon.colcon_core.verb:set package 'my_robot_bringup' build argument 'cmake_target' from command line to 'None'
[0.330s] Level 5:colcon.colcon_core.verb:set package 'my_robot_bringup' build argument 'cmake_target_skip_unavailable' from command line to 'False'
[0.330s] Level 5:colcon.colcon_core.verb:set package 'my_robot_bringup' build argument 'cmake_clean_cache' from command line to 'False'
[0.330s] Level 5:colcon.colcon_core.verb:set package 'my_robot_bringup' build argument 'cmake_clean_first' from command line to 'False'
[0.330s] Level 5:colcon.colcon_core.verb:set package 'my_robot_bringup' build argument 'cmake_force_configure' from command line to 'False'
[0.330s] Level 5:colcon.colcon_core.verb:set package 'my_robot_bringup' build argument 'ament_cmake_args' from command line to 'None'
[0.330s] Level 5:colcon.colcon_core.verb:set package 'my_robot_bringup' build argument 'catkin_cmake_args' from command line to 'None'
[0.330s] Level 5:colcon.colcon_core.verb:set package 'my_robot_bringup' build argument 'catkin_skip_building_tests' from command line to 'False'
[0.330s] DEBUG:colcon.colcon_core.verb:Building package 'my_robot_bringup' with the following arguments: {'ament_cmake_args': None, 'build_base': '/home/adi/RosProjects/build/my_robot_bringup', 'catkin_cmake_args': None, 'catkin_skip_building_tests': False, 'cmake_args': None, 'cmake_clean_cache': False, 'cmake_clean_first': False, 'cmake_force_configure': False, 'cmake_target': None, 'cmake_target_skip_unavailable': False, 'install_base': '/home/adi/RosProjects/install/my_robot_bringup', 'merge_install': False, 'path': '/home/adi/RosProjects/src/my_robot_bringup', 'symlink_install': False, 'test_result_base': None}
[0.331s] INFO:colcon.colcon_core.executor:Executing jobs using 'parallel' executor
[0.332s] DEBUG:colcon.colcon_parallel_executor.executor.parallel:run_until_complete
[0.332s] INFO:colcon.colcon_ros.task.ament_cmake.build:Building ROS package in '/home/adi/RosProjects/src/my_robot_interfaces' with build type 'ament_cmake'
[0.332s] INFO:colcon.colcon_cmake.task.cmake.build:Building CMake package in '/home/adi/RosProjects/src/my_robot_interfaces'
[0.335s] INFO:colcon.colcon_core.plugin_system:Skipping extension 'colcon_core.shell.bat': Not used on non-Windows systems
[0.336s] INFO:colcon.colcon_core.shell:Skip shell extension 'powershell' for command environment: Not usable outside of PowerShell
[0.336s] DEBUG:colcon.colcon_core.shell:Skip shell extension 'dsv' for command environment
[0.342s] INFO:colcon.colcon_ros.task.ament_cmake.build:Building ROS package in '/home/adi/RosProjects/src/my_robot_description' with build type 'ament_cmake'
[0.342s] INFO:colcon.colcon_cmake.task.cmake.build:Building CMake package in '/home/adi/RosProjects/src/my_robot_description'
[0.342s] INFO:colcon.colcon_core.shell:Skip shell extension 'powershell' for command environment: Not usable outside of PowerShell
[0.342s] DEBUG:colcon.colcon_core.shell:Skip shell extension 'dsv' for command environment
[0.353s] DEBUG:colcon.colcon_core.event_handler.log_command:Invoking command in '/home/adi/RosProjects/build/my_robot_interfaces': CMAKE_PREFIX_PATH=${CMAKE_PREFIX_PATH}:/home/adi/RosProjects/install/my_py_pkg:/opt/ros/jazzy DEBUGINFOD_URLS=https://debuginfod.ubuntu.com /usr/bin/cmake --build /home/adi/RosProjects/build/my_robot_interfaces -- -j4 -l4
[0.371s] DEBUG:colcon.colcon_core.event_handler.log_command:Invoking command in '/home/adi/RosProjects/build/my_robot_description': CMAKE_PREFIX_PATH=${CMAKE_PREFIX_PATH}:/home/adi/RosProjects/install/my_py_pkg:/opt/ros/jazzy DEBUGINFOD_URLS=https://debuginfod.ubuntu.com /usr/bin/cmake --build /home/adi/RosProjects/build/my_robot_description -- -j4 -l4
[0.473s] DEBUG:colcon.colcon_core.event_handler.log_command:Invoked command in '/home/adi/RosProjects/build/my_robot_description' returned '0': CMAKE_PREFIX_PATH=${CMAKE_PREFIX_PATH}:/home/adi/RosProjects/install/my_py_pkg:/opt/ros/jazzy DEBUGINFOD_URLS=https://debuginfod.ubuntu.com /usr/bin/cmake --build /home/adi/RosProjects/build/my_robot_description -- -j4 -l4
[0.486s] DEBUG:colcon.colcon_core.event_handler.log_command:Invoking command in '/home/adi/RosProjects/build/my_robot_description': CMAKE_PREFIX_PATH=${CMAKE_PREFIX_PATH}:/home/adi/RosProjects/install/my_py_pkg:/opt/ros/jazzy DEBUGINFOD_URLS=https://debuginfod.ubuntu.com /usr/bin/cmake --install /home/adi/RosProjects/build/my_robot_description
[0.504s] Level 1:colcon.colcon_core.environment:create_environment_scripts_only(my_robot_description)
[0.506s] Level 1:colcon.colcon_core.environment:checking '/home/adi/RosProjects/install/my_robot_description' for CMake module files
[0.506s] DEBUG:colcon.colcon_core.event_handler.log_command:Invoked command in '/home/adi/RosProjects/build/my_robot_description' returned '0': CMAKE_PREFIX_PATH=${CMAKE_PREFIX_PATH}:/home/adi/RosProjects/install/my_py_pkg:/opt/ros/jazzy DEBUGINFOD_URLS=https://debuginfod.ubuntu.com /usr/bin/cmake --install /home/adi/RosProjects/build/my_robot_description
[0.507s] Level 1:colcon.colcon_core.environment:checking '/home/adi/RosProjects/install/my_robot_description' for CMake config files
[0.507s] Level 1:colcon.colcon_core.shell:create_environment_hook('my_robot_description', 'cmake_prefix_path')
[0.507s] INFO:colcon.colcon_core.shell:Creating environment hook '/home/adi/RosProjects/install/my_robot_description/share/my_robot_description/hook/cmake_prefix_path.ps1'
[0.508s] INFO:colcon.colcon_core.shell:Creating environment descriptor '/home/adi/RosProjects/install/my_robot_description/share/my_robot_description/hook/cmake_prefix_path.dsv'
[0.509s] INFO:colcon.colcon_core.shell:Creating environment hook '/home/adi/RosProjects/install/my_robot_description/share/my_robot_description/hook/cmake_prefix_path.sh'
[0.510s] Level 1:colcon.colcon_core.environment:checking '/home/adi/RosProjects/install/my_robot_description/bin'
[0.510s] Level 1:colcon.colcon_core.environment:checking '/home/adi/RosProjects/install/my_robot_description/lib/pkgconfig/my_robot_description.pc'
[0.510s] Level 1:colcon.colcon_core.environment:checking '/home/adi/RosProjects/install/my_robot_description/lib/python3.12/site-packages'
[0.510s] Level 1:colcon.colcon_core.environment:checking '/home/adi/RosProjects/install/my_robot_description/bin'
[0.511s] INFO:colcon.colcon_core.shell:Creating package script '/home/adi/RosProjects/install/my_robot_description/share/my_robot_description/package.ps1'
[0.512s] INFO:colcon.colcon_core.shell:Creating package descriptor '/home/adi/RosProjects/install/my_robot_description/share/my_robot_description/package.dsv'
[0.512s] INFO:colcon.colcon_core.shell:Creating package script '/home/adi/RosProjects/install/my_robot_description/share/my_robot_description/package.sh'
[0.513s] INFO:colcon.colcon_core.shell:Creating package script '/home/adi/RosProjects/install/my_robot_description/share/my_robot_description/package.bash'
[0.514s] INFO:colcon.colcon_core.shell:Creating package script '/home/adi/RosProjects/install/my_robot_description/share/my_robot_description/package.zsh'
[0.515s] Level 1:colcon.colcon_core.environment:create_file_with_runtime_dependencies(/home/adi/RosProjects/install/my_robot_description/share/colcon-core/packages/my_robot_description)
[0.515s] Level 1:colcon.colcon_core.environment:create_environment_scripts_only(my_robot_description)
[0.515s] Level 1:colcon.colcon_core.environment:checking '/home/adi/RosProjects/install/my_robot_description' for CMake module files
[0.516s] Level 1:colcon.colcon_core.environment:checking '/home/adi/RosProjects/install/my_robot_description' for CMake config files
[0.516s] Level 1:colcon.colcon_core.shell:create_environment_hook('my_robot_description', 'cmake_prefix_path')
[0.516s] INFO:colcon.colcon_core.shell:Creating environment hook '/home/adi/RosProjects/install/my_robot_description/share/my_robot_description/hook/cmake_prefix_path.ps1'
[0.516s] INFO:colcon.colcon_core.shell:Creating environment descriptor '/home/adi/RosProjects/install/my_robot_description/share/my_robot_description/hook/cmake_prefix_path.dsv'
[0.517s] INFO:colcon.colcon_core.shell:Creating environment hook '/home/adi/RosProjects/install/my_robot_description/share/my_robot_description/hook/cmake_prefix_path.sh'
[0.518s] Level 1:colcon.colcon_core.environment:checking '/home/adi/RosProjects/install/my_robot_description/bin'
[0.518s] Level 1:colcon.colcon_core.environment:checking '/home/adi/RosProjects/install/my_robot_description/lib/pkgconfig/my_robot_description.pc'
[0.518s] Level 1:colcon.colcon_core.environment:checking '/home/adi/RosProjects/install/my_robot_description/lib/python3.12/site-packages'
[0.519s] Level 1:colcon.colcon_core.environment:checking '/home/adi/RosProjects/install/my_robot_description/bin'
[0.519s] INFO:colcon.colcon_core.shell:Creating package script '/home/adi/RosProjects/install/my_robot_description/share/my_robot_description/package.ps1'
[0.519s] INFO:colcon.colcon_core.shell:Creating package descriptor '/home/adi/RosProjects/install/my_robot_description/share/my_robot_description/package.dsv'
[0.520s] INFO:colcon.colcon_core.shell:Creating package script '/home/adi/RosProjects/install/my_robot_description/share/my_robot_description/package.sh'
[0.520s] INFO:colcon.colcon_core.shell:Creating package script '/home/adi/RosProjects/install/my_robot_description/share/my_robot_description/package.bash'
[0.521s] INFO:colcon.colcon_core.shell:Creating package script '/home/adi/RosProjects/install/my_robot_description/share/my_robot_description/package.zsh'
[0.521s] Level 1:colcon.colcon_core.environment:create_file_with_runtime_dependencies(/home/adi/RosProjects/install/my_robot_description/share/colcon-core/packages/my_robot_description)
[1.569s] DEBUG:colcon.colcon_core.event_handler.log_command:Invoked command in '/home/adi/RosProjects/build/my_robot_interfaces' returned '0': CMAKE_PREFIX_PATH=${CMAKE_PREFIX_PATH}:/home/adi/RosProjects/install/my_py_pkg:/opt/ros/jazzy DEBUGINFOD_URLS=https://debuginfod.ubuntu.com /usr/bin/cmake --build /home/adi/RosProjects/build/my_robot_interfaces -- -j4 -l4
[1.570s] DEBUG:colcon.colcon_core.event_handler.log_command:Invoking command in '/home/adi/RosProjects/build/my_robot_interfaces': CMAKE_PREFIX_PATH=${CMAKE_PREFIX_PATH}:/home/adi/RosProjects/install/my_py_pkg:/opt/ros/jazzy DEBUGINFOD_URLS=https://debuginfod.ubuntu.com /usr/bin/cmake --install /home/adi/RosProjects/build/my_robot_interfaces
[1.676s] Level 1:colcon.colcon_core.environment:create_environment_scripts_only(my_robot_interfaces)
[1.677s] Level 1:colcon.colcon_core.environment:checking '/home/adi/RosProjects/install/my_robot_interfaces' for CMake module files
[1.678s] DEBUG:colcon.colcon_core.event_handler.log_command:Invoked command in '/home/adi/RosProjects/build/my_robot_interfaces' returned '0': CMAKE_PREFIX_PATH=${CMAKE_PREFIX_PATH}:/home/adi/RosProjects/install/my_py_pkg:/opt/ros/jazzy DEBUGINFOD_URLS=https://debuginfod.ubuntu.com /usr/bin/cmake --install /home/adi/RosProjects/build/my_robot_interfaces
[1.678s] Level 1:colcon.colcon_core.environment:checking '/home/adi/RosProjects/install/my_robot_interfaces' for CMake config files
[1.678s] Level 1:colcon.colcon_core.shell:create_environment_hook('my_robot_interfaces', 'cmake_prefix_path')
[1.679s] INFO:colcon.colcon_core.shell:Creating environment hook '/home/adi/RosProjects/install/my_robot_interfaces/share/my_robot_interfaces/hook/cmake_prefix_path.ps1'
[1.679s] INFO:colcon.colcon_core.shell:Creating environment descriptor '/home/adi/RosProjects/install/my_robot_interfaces/share/my_robot_interfaces/hook/cmake_prefix_path.dsv'
[1.680s] INFO:colcon.colcon_core.shell:Creating environment hook '/home/adi/RosProjects/install/my_robot_interfaces/share/my_robot_interfaces/hook/cmake_prefix_path.sh'
[1.681s] Level 1:colcon.colcon_core.environment:checking '/home/adi/RosProjects/install/my_robot_interfaces/lib'
[1.681s] Level 1:colcon.colcon_core.shell:create_environment_hook('my_robot_interfaces', 'ld_library_path_lib')
[1.682s] INFO:colcon.colcon_core.shell:Creating environment hook '/home/adi/RosProjects/install/my_robot_interfaces/share/my_robot_interfaces/hook/ld_library_path_lib.ps1'
[1.683s] INFO:colcon.colcon_core.shell:Creating environment descriptor '/home/adi/RosProjects/install/my_robot_interfaces/share/my_robot_interfaces/hook/ld_library_path_lib.dsv'
[1.683s] INFO:colcon.colcon_core.shell:Creating environment hook '/home/adi/RosProjects/install/my_robot_interfaces/share/my_robot_interfaces/hook/ld_library_path_lib.sh'
[1.684s] Level 1:colcon.colcon_core.environment:checking '/home/adi/RosProjects/install/my_robot_interfaces/bin'
[1.684s] Level 1:colcon.colcon_core.environment:checking '/home/adi/RosProjects/install/my_robot_interfaces/lib/pkgconfig/my_robot_interfaces.pc'
[1.684s] Level 1:colcon.colcon_core.environment:checking '/home/adi/RosProjects/install/my_robot_interfaces/lib/python3.12/site-packages'
[1.684s] Level 1:colcon.colcon_core.shell:create_environment_hook('my_robot_interfaces', 'pythonpath')
[1.685s] INFO:colcon.colcon_core.shell:Creating environment hook '/home/adi/RosProjects/install/my_robot_interfaces/share/my_robot_interfaces/hook/pythonpath.ps1'
[1.685s] INFO:colcon.colcon_core.shell:Creating environment descriptor '/home/adi/RosProjects/install/my_robot_interfaces/share/my_robot_interfaces/hook/pythonpath.dsv'
[1.686s] INFO:colcon.colcon_core.shell:Creating environment hook '/home/adi/RosProjects/install/my_robot_interfaces/share/my_robot_interfaces/hook/pythonpath.sh'
[1.686s] Level 1:colcon.colcon_core.environment:checking '/home/adi/RosProjects/install/my_robot_interfaces/bin'
[1.687s] INFO:colcon.colcon_core.shell:Creating package script '/home/adi/RosProjects/install/my_robot_interfaces/share/my_robot_interfaces/package.ps1'
[1.687s] INFO:colcon.colcon_core.shell:Creating package descriptor '/home/adi/RosProjects/install/my_robot_interfaces/share/my_robot_interfaces/package.dsv'
[1.688s] INFO:colcon.colcon_core.shell:Creating package script '/home/adi/RosProjects/install/my_robot_interfaces/share/my_robot_interfaces/package.sh'
[1.689s] INFO:colcon.colcon_core.shell:Creating package script '/home/adi/RosProjects/install/my_robot_interfaces/share/my_robot_interfaces/package.bash'
[1.690s] INFO:colcon.colcon_core.shell:Creating package script '/home/adi/RosProjects/install/my_robot_interfaces/share/my_robot_interfaces/package.zsh'
[1.690s] Level 1:colcon.colcon_core.environment:create_file_with_runtime_dependencies(/home/adi/RosProjects/install/my_robot_interfaces/share/colcon-core/packages/my_robot_interfaces)
[1.691s] Level 1:colcon.colcon_core.environment:create_environment_scripts_only(my_robot_interfaces)
[1.691s] Level 1:colcon.colcon_core.environment:checking '/home/adi/RosProjects/install/my_robot_interfaces' for CMake module files
[1.692s] Level 1:colcon.colcon_core.environment:checking '/home/adi/RosProjects/install/my_robot_interfaces' for CMake config files
[1.692s] Level 1:colcon.colcon_core.shell:create_environment_hook('my_robot_interfaces', 'cmake_prefix_path')
[1.692s] INFO:colcon.colcon_core.shell:Creating environment hook '/home/adi/RosProjects/install/my_robot_interfaces/share/my_robot_interfaces/hook/cmake_prefix_path.ps1'
[1.693s] INFO:colcon.colcon_core.shell:Creating environment descriptor '/home/adi/RosProjects/install/my_robot_interfaces/share/my_robot_interfaces/hook/cmake_prefix_path.dsv'
[1.694s] INFO:colcon.colcon_core.shell:Creating environment hook '/home/adi/RosProjects/install/my_robot_interfaces/share/my_robot_interfaces/hook/cmake_prefix_path.sh'
[1.695s] Level 1:colcon.colcon_core.environment:checking '/home/adi/RosProjects/install/my_robot_interfaces/lib'
[1.695s] Level 1:colcon.colcon_core.shell:create_environment_hook('my_robot_interfaces', 'ld_library_path_lib')
[1.696s] INFO:colcon.colcon_core.shell:Creating environment hook '/home/adi/RosProjects/install/my_robot_interfaces/share/my_robot_interfaces/hook/ld_library_path_lib.ps1'
[1.696s] INFO:colcon.colcon_core.shell:Creating environment descriptor '/home/adi/RosProjects/install/my_robot_interfaces/share/my_robot_interfaces/hook/ld_library_path_lib.dsv'
[1.697s] INFO:colcon.colcon_core.shell:Creating environment hook '/home/adi/RosProjects/install/my_robot_interfaces/share/my_robot_interfaces/hook/ld_library_path_lib.sh'
[1.697s] Level 1:colcon.colcon_core.environment:checking '/home/adi/RosProjects/install/my_robot_interfaces/bin'
[1.697s] Level 1:colcon.colcon_core.environment:checking '/home/adi/RosProjects/install/my_robot_interfaces/lib/pkgconfig/my_robot_interfaces.pc'
[1.698s] Level 1:colcon.colcon_core.environment:checking '/home/adi/RosProjects/install/my_robot_interfaces/lib/python3.12/site-packages'
[1.698s] Level 1:colcon.colcon_core.shell:create_environment_hook('my_robot_interfaces', 'pythonpath')
[1.698s] INFO:colcon.colcon_core.shell:Creating environment hook '/home/adi/RosProjects/install/my_robot_interfaces/share/my_robot_interfaces/hook/pythonpath.ps1'
[1.699s] INFO:colcon.colcon_core.shell:Creating environment descriptor '/home/adi/RosProjects/install/my_robot_interfaces/share/my_robot_interfaces/hook/pythonpath.dsv'
[1.699s] INFO:colcon.colcon_core.shell:Creating environment hook '/home/adi/RosProjects/install/my_robot_interfaces/share/my_robot_interfaces/hook/pythonpath.sh'
[1.700s] Level 1:colcon.colcon_core.environment:checking '/home/adi/RosProjects/install/my_robot_interfaces/bin'
[1.701s] INFO:colcon.colcon_core.shell:Creating package script '/home/adi/RosProjects/install/my_robot_interfaces/share/my_robot_interfaces/package.ps1'
[1.701s] INFO:colcon.colcon_core.shell:Creating package descriptor '/home/adi/RosProjects/install/my_robot_interfaces/share/my_robot_interfaces/package.dsv'
[1.702s] INFO:colcon.colcon_core.shell:Creating package script '/home/adi/RosProjects/install/my_robot_interfaces/share/my_robot_interfaces/package.sh'
[1.703s] INFO:colcon.colcon_core.shell:Creating package script '/home/adi/RosProjects/install/my_robot_interfaces/share/my_robot_interfaces/package.bash'
[1.704s] INFO:colcon.colcon_core.shell:Creating package script '/home/adi/RosProjects/install/my_robot_interfaces/share/my_robot_interfaces/package.zsh'
[1.704s] Level 1:colcon.colcon_core.environment:create_file_with_runtime_dependencies(/home/adi/RosProjects/install/my_robot_interfaces/share/colcon-core/packages/my_robot_interfaces)
[1.708s] INFO:colcon.colcon_ros.task.ament_python.build:Building ROS package in '/home/adi/RosProjects/src/my_py_pkg' with build type 'ament_python'
[1.709s] Level 1:colcon.colcon_core.shell:create_environment_hook('my_py_pkg', 'ament_prefix_path')
[1.709s] INFO:colcon.colcon_core.shell:Creating environment hook '/home/adi/RosProjects/install/my_py_pkg/share/my_py_pkg/hook/ament_prefix_path.ps1'
[1.712s] INFO:colcon.colcon_core.shell:Creating environment descriptor '/home/adi/RosProjects/install/my_py_pkg/share/my_py_pkg/hook/ament_prefix_path.dsv'
[1.713s] INFO:colcon.colcon_core.shell:Creating environment hook '/home/adi/RosProjects/install/my_py_pkg/share/my_py_pkg/hook/ament_prefix_path.sh'
[1.714s] INFO:colcon.colcon_core.shell:Skip shell extension 'powershell' for command environment: Not usable outside of PowerShell
[1.714s] DEBUG:colcon.colcon_core.shell:Skip shell extension 'dsv' for command environment
[2.070s] INFO:colcon.colcon_core.task.python.build:Building Python package in '/home/adi/RosProjects/src/my_py_pkg'
[2.071s] INFO:colcon.colcon_core.shell:Skip shell extension 'powershell' for command environment: Not usable outside of PowerShell
[2.071s] DEBUG:colcon.colcon_core.shell:Skip shell extension 'dsv' for command environment
[2.909s] DEBUG:colcon.colcon_core.event_handler.log_command:Invoking command in '/home/adi/RosProjects/src/my_py_pkg': CMAKE_PREFIX_PATH=/home/adi/RosProjects/install/my_robot_interfaces:/home/adi/RosProjects/install/my_robot_bringup:/home/adi/RosProjects/install/my_robot_description:/opt/ros/jazzy/opt/gz_sim_vendor:/opt/ros/jazzy/opt/gz_sensors_vendor:/opt/ros/jazzy/opt/gz_physics_vendor:/opt/ros/jazzy/opt/sdformat_vendor:/opt/ros/jazzy/opt/gz_gui_vendor:/opt/ros/jazzy/opt/gz_transport_vendor:/opt/ros/jazzy/opt/gz_rendering_vendor:/opt/ros/jazzy/opt/gz_plugin_vendor:/opt/ros/jazzy/opt/gz_fuel_tools_vendor:/opt/ros/jazzy/opt/gz_msgs_vendor:/opt/ros/jazzy/opt/gz_common_vendor:/opt/ros/jazzy/opt/gz_math_vendor:/opt/ros/jazzy/opt/gz_utils_vendor:/opt/ros/jazzy/opt/gz_tools_vendor:/opt/ros/jazzy/opt/gz_ogre_next_vendor:/opt/ros/jazzy/opt/gz_dartsim_vendor:/opt/ros/jazzy/opt/gz_cmake_vendor DEBUGINFOD_URLS=https://debuginfod.ubuntu.com PYTHONPATH=/home/adi/RosProjects/build/my_py_pkg/prefix_override:/usr/lib/python3/dist-packages/colcon_core/task/python/colcon_distutils_commands:/home/adi/RosProjects/install/my_py_pkg/lib/python3.12/site-packages:/home/adi/RosProjects/install/my_robot_interfaces/lib/python3.12/site-packages:/home/adi/RosProjects/install/my_py_pkg/lib/python3.12/site-packages:/opt/ros/jazzy/lib/python3.12/site-packages /usr/bin/python3 -W ignore:setup.py install is deprecated -W ignore:easy_install command is deprecated setup.py egg_info --egg-base ../../build/my_py_pkg build --build-base /home/adi/RosProjects/build/my_py_pkg/build install --record /home/adi/RosProjects/build/my_py_pkg/install.log --single-version-externally-managed install_data
[3.644s] Level 1:colcon.colcon_core.environment:checking '/home/adi/RosProjects/install/my_py_pkg' for CMake module files
[3.644s] Level 1:colcon.colcon_core.environment:checking '/home/adi/RosProjects/install/my_py_pkg' for CMake config files
[3.645s] Level 1:colcon.colcon_core.environment:checking '/home/adi/RosProjects/install/my_py_pkg/lib'
[3.645s] Level 1:colcon.colcon_core.environment:checking '/home/adi/RosProjects/install/my_py_pkg/bin'
[3.645s] Level 1:colcon.colcon_core.environment:checking '/home/adi/RosProjects/install/my_py_pkg/lib/pkgconfig/my_py_pkg.pc'
[3.645s] Level 1:colcon.colcon_core.environment:checking '/home/adi/RosProjects/install/my_py_pkg/lib/python3.12/site-packages'
[3.645s] Level 1:colcon.colcon_core.shell:create_environment_hook('my_py_pkg', 'pythonpath')
[3.645s] INFO:colcon.colcon_core.shell:Creating environment hook '/home/adi/RosProjects/install/my_py_pkg/share/my_py_pkg/hook/pythonpath.ps1'
[3.650s] DEBUG:colcon.colcon_core.event_handler.log_command:Invoked command in '/home/adi/RosProjects/src/my_py_pkg' returned '0': CMAKE_PREFIX_PATH=/home/adi/RosProjects/install/my_robot_interfaces:/home/adi/RosProjects/install/my_robot_bringup:/home/adi/RosProjects/install/my_robot_description:/opt/ros/jazzy/opt/gz_sim_vendor:/opt/ros/jazzy/opt/gz_sensors_vendor:/opt/ros/jazzy/opt/gz_physics_vendor:/opt/ros/jazzy/opt/sdformat_vendor:/opt/ros/jazzy/opt/gz_gui_vendor:/opt/ros/jazzy/opt/gz_transport_vendor:/opt/ros/jazzy/opt/gz_rendering_vendor:/opt/ros/jazzy/opt/gz_plugin_vendor:/opt/ros/jazzy/opt/gz_fuel_tools_vendor:/opt/ros/jazzy/opt/gz_msgs_vendor:/opt/ros/jazzy/opt/gz_common_vendor:/opt/ros/jazzy/opt/gz_math_vendor:/opt/ros/jazzy/opt/gz_utils_vendor:/opt/ros/jazzy/opt/gz_tools_vendor:/opt/ros/jazzy/opt/gz_ogre_next_vendor:/opt/ros/jazzy/opt/gz_dartsim_vendor:/opt/ros/jazzy/opt/gz_cmake_vendor DEBUGINFOD_URLS=https://debuginfod.ubuntu.com PYTHONPATH=/home/adi/RosProjects/build/my_py_pkg/prefix_override:/usr/lib/python3/dist-packages/colcon_core/task/python/colcon_distutils_commands:/home/adi/RosProjects/install/my_py_pkg/lib/python3.12/site-packages:/home/adi/RosProjects/install/my_robot_interfaces/lib/python3.12/site-packages:/home/adi/RosProjects/install/my_py_pkg/lib/python3.12/site-packages:/opt/ros/jazzy/lib/python3.12/site-packages /usr/bin/python3 -W ignore:setup.py install is deprecated -W ignore:easy_install command is deprecated setup.py egg_info --egg-base ../../build/my_py_pkg build --build-base /home/adi/RosProjects/build/my_py_pkg/build install --record /home/adi/RosProjects/build/my_py_pkg/install.log --single-version-externally-managed install_data
[3.651s] INFO:colcon.colcon_core.shell:Creating environment descriptor '/home/adi/RosProjects/install/my_py_pkg/share/my_py_pkg/hook/pythonpath.dsv'
[3.652s] INFO:colcon.colcon_core.shell:Creating environment hook '/home/adi/RosProjects/install/my_py_pkg/share/my_py_pkg/hook/pythonpath.sh'
[3.653s] Level 1:colcon.colcon_core.environment:checking '/home/adi/RosProjects/install/my_py_pkg/bin'
[3.653s] Level 1:colcon.colcon_core.environment:create_environment_scripts_only(my_py_pkg)
[3.654s] INFO:colcon.colcon_core.shell:Creating package script '/home/adi/RosProjects/install/my_py_pkg/share/my_py_pkg/package.ps1'
[3.656s] INFO:colcon.colcon_core.shell:Creating package descriptor '/home/adi/RosProjects/install/my_py_pkg/share/my_py_pkg/package.dsv'
[3.656s] INFO:colcon.colcon_core.shell:Creating package script '/home/adi/RosProjects/install/my_py_pkg/share/my_py_pkg/package.sh'
[3.657s] INFO:colcon.colcon_core.shell:Creating package script '/home/adi/RosProjects/install/my_py_pkg/share/my_py_pkg/package.bash'
[3.663s] INFO:colcon.colcon_core.shell:Creating package script '/home/adi/RosProjects/install/my_py_pkg/share/my_py_pkg/package.zsh'
[3.664s] Level 1:colcon.colcon_core.environment:create_file_with_runtime_dependencies(/home/adi/RosProjects/install/my_py_pkg/share/colcon-core/packages/my_py_pkg)
[3.665s] INFO:colcon.colcon_ros.task.ament_cmake.build:Building ROS package in '/home/adi/RosProjects/src/my_robot_bringup' with build type 'ament_cmake'
[3.665s] INFO:colcon.colcon_cmake.task.cmake.build:Building CMake package in '/home/adi/RosProjects/src/my_robot_bringup'
[3.665s] INFO:colcon.colcon_core.shell:Skip shell extension 'powershell' for command environment: Not usable outside of PowerShell
[3.665s] DEBUG:colcon.colcon_core.shell:Skip shell extension 'dsv' for command environment
[3.692s] DEBUG:colcon.colcon_core.event_handler.log_command:Invoking command in '/home/adi/RosProjects/build/my_robot_bringup': AMENT_PREFIX_PATH=/home/adi/RosProjects/install/my_py_pkg:/home/adi/RosProjects/install/my_robot_bringup:/home/adi/RosProjects/install/my_robot_interfaces:/home/adi/RosProjects/install/my_robot_description:/opt/ros/jazzy CMAKE_PREFIX_PATH=/home/adi/RosProjects/install/my_robot_interfaces:/home/adi/RosProjects/install/my_robot_bringup:/home/adi/RosProjects/install/my_robot_description:/opt/ros/jazzy/opt/gz_sim_vendor:/opt/ros/jazzy/opt/gz_sensors_vendor:/opt/ros/jazzy/opt/gz_physics_vendor:/opt/ros/jazzy/opt/sdformat_vendor:/opt/ros/jazzy/opt/gz_gui_vendor:/opt/ros/jazzy/opt/gz_transport_vendor:/opt/ros/jazzy/opt/gz_rendering_vendor:/opt/ros/jazzy/opt/gz_plugin_vendor:/opt/ros/jazzy/opt/gz_fuel_tools_vendor:/opt/ros/jazzy/opt/gz_msgs_vendor:/opt/ros/jazzy/opt/gz_common_vendor:/opt/ros/jazzy/opt/gz_math_vendor:/opt/ros/jazzy/opt/gz_utils_vendor:/opt/ros/jazzy/opt/gz_tools_vendor:/opt/ros/jazzy/opt/gz_ogre_next_vendor:/opt/ros/jazzy/opt/gz_dartsim_vendor:/opt/ros/jazzy/opt/gz_cmake_vendor:/home/adi/RosProjects/install/my_py_pkg:/opt/ros/jazzy DEBUGINFOD_URLS=https://debuginfod.ubuntu.com /usr/bin/cmake --build /home/adi/RosProjects/build/my_robot_bringup -- -j4 -l4
[3.777s] DEBUG:colcon.colcon_core.event_handler.log_command:Invoked command in '/home/adi/RosProjects/build/my_robot_bringup' returned '0': AMENT_PREFIX_PATH=/home/adi/RosProjects/install/my_py_pkg:/home/adi/RosProjects/install/my_robot_bringup:/home/adi/RosProjects/install/my_robot_interfaces:/home/adi/RosProjects/install/my_robot_description:/opt/ros/jazzy CMAKE_PREFIX_PATH=/home/adi/RosProjects/install/my_robot_interfaces:/home/adi/RosProjects/install/my_robot_bringup:/home/adi/RosProjects/install/my_robot_description:/opt/ros/jazzy/opt/gz_sim_vendor:/opt/ros/jazzy/opt/gz_sensors_vendor:/opt/ros/jazzy/opt/gz_physics_vendor:/opt/ros/jazzy/opt/sdformat_vendor:/opt/ros/jazzy/opt/gz_gui_vendor:/opt/ros/jazzy/opt/gz_transport_vendor:/opt/ros/jazzy/opt/gz_rendering_vendor:/opt/ros/jazzy/opt/gz_plugin_vendor:/opt/ros/jazzy/opt/gz_fuel_tools_vendor:/opt/ros/jazzy/opt/gz_msgs_vendor:/opt/ros/jazzy/opt/gz_common_vendor:/opt/ros/jazzy/opt/gz_math_vendor:/opt/ros/jazzy/opt/gz_utils_vendor:/opt/ros/jazzy/opt/gz_tools_vendor:/opt/ros/jazzy/opt/gz_ogre_next_vendor:/opt/ros/jazzy/opt/gz_dartsim_vendor:/opt/ros/jazzy/opt/gz_cmake_vendor:/home/adi/RosProjects/install/my_py_pkg:/opt/ros/jazzy DEBUGINFOD_URLS=https://debuginfod.ubuntu.com /usr/bin/cmake --build /home/adi/RosProjects/build/my_robot_bringup -- -j4 -l4
[3.783s] DEBUG:colcon.colcon_core.event_handler.log_command:Invoking command in '/home/adi/RosProjects/build/my_robot_bringup': AMENT_PREFIX_PATH=/home/adi/RosProjects/install/my_py_pkg:/home/adi/RosProjects/install/my_robot_bringup:/home/adi/RosProjects/install/my_robot_interfaces:/home/adi/RosProjects/install/my_robot_description:/opt/ros/jazzy CMAKE_PREFIX_PATH=/home/adi/RosProjects/install/my_robot_interfaces:/home/adi/RosProjects/install/my_robot_bringup:/home/adi/RosProjects/install/my_robot_description:/opt/ros/jazzy/opt/gz_sim_vendor:/opt/ros/jazzy/opt/gz_sensors_vendor:/opt/ros/jazzy/opt/gz_physics_vendor:/opt/ros/jazzy/opt/sdformat_vendor:/opt/ros/jazzy/opt/gz_gui_vendor:/opt/ros/jazzy/opt/gz_transport_vendor:/opt/ros/jazzy/opt/gz_rendering_vendor:/opt/ros/jazzy/opt/gz_plugin_vendor:/opt/ros/jazzy/opt/gz_fuel_tools_vendor:/opt/ros/jazzy/opt/gz_msgs_vendor:/opt/ros/jazzy/opt/gz_common_vendor:/opt/ros/jazzy/opt/gz_math_vendor:/opt/ros/jazzy/opt/gz_utils_vendor:/opt/ros/jazzy/opt/gz_tools_vendor:/opt/ros/jazzy/opt/gz_ogre_next_vendor:/opt/ros/jazzy/opt/gz_dartsim_vendor:/opt/ros/jazzy/opt/gz_cmake_vendor:/home/adi/RosProjects/install/my_py_pkg:/opt/ros/jazzy DEBUGINFOD_URLS=https://debuginfod.ubuntu.com /usr/bin/cmake --install /home/adi/RosProjects/build/my_robot_bringup
[3.811s] Level 1:colcon.colcon_core.environment:create_environment_scripts_only(my_robot_bringup)
[3.811s] Level 1:colcon.colcon_core.environment:checking '/home/adi/RosProjects/install/my_robot_bringup' for CMake module files
[3.811s] DEBUG:colcon.colcon_core.event_handler.log_command:Invoked command in '/home/adi/RosProjects/build/my_robot_bringup' returned '0': AMENT_PREFIX_PATH=/home/adi/RosProjects/install/my_py_pkg:/home/adi/RosProjects/install/my_robot_bringup:/home/adi/RosProjects/install/my_robot_interfaces:/home/adi/RosProjects/install/my_robot_description:/opt/ros/jazzy CMAKE_PREFIX_PATH=/home/adi/RosProjects/install/my_robot_interfaces:/home/adi/RosProjects/install/my_robot_bringup:/home/adi/RosProjects/install/my_robot_description:/opt/ros/jazzy/opt/gz_sim_vendor:/opt/ros/jazzy/opt/gz_sensors_vendor:/opt/ros/jazzy/opt/gz_physics_vendor:/opt/ros/jazzy/opt/sdformat_vendor:/opt/ros/jazzy/opt/gz_gui_vendor:/opt/ros/jazzy/opt/gz_transport_vendor:/opt/ros/jazzy/opt/gz_rendering_vendor:/opt/ros/jazzy/opt/gz_plugin_vendor:/opt/ros/jazzy/opt/gz_fuel_tools_vendor:/opt/ros/jazzy/opt/gz_msgs_vendor:/opt/ros/jazzy/opt/gz_common_vendor:/opt/ros/jazzy/opt/gz_math_vendor:/opt/ros/jazzy/opt/gz_utils_vendor:/opt/ros/jazzy/opt/gz_tools_vendor:/opt/ros/jazzy/opt/gz_ogre_next_vendor:/opt/ros/jazzy/opt/gz_dartsim_vendor:/opt/ros/jazzy/opt/gz_cmake_vendor:/home/adi/RosProjects/install/my_py_pkg:/opt/ros/jazzy DEBUGINFOD_URLS=https://debuginfod.ubuntu.com /usr/bin/cmake --install /home/adi/RosProjects/build/my_robot_bringup
[3.812s] Level 1:colcon.colcon_core.environment:checking '/home/adi/RosProjects/install/my_robot_bringup' for CMake config files
[3.812s] Level 1:colcon.colcon_core.shell:create_environment_hook('my_robot_bringup', 'cmake_prefix_path')
[3.812s] INFO:colcon.colcon_core.shell:Creating environment hook '/home/adi/RosProjects/install/my_robot_bringup/share/my_robot_bringup/hook/cmake_prefix_path.ps1'
[3.813s] INFO:colcon.colcon_core.shell:Creating environment descriptor '/home/adi/RosProjects/install/my_robot_bringup/share/my_robot_bringup/hook/cmake_prefix_path.dsv'
[3.813s] INFO:colcon.colcon_core.shell:Creating environment hook '/home/adi/RosProjects/install/my_robot_bringup/share/my_robot_bringup/hook/cmake_prefix_path.sh'
[3.814s] Level 1:colcon.colcon_core.environment:checking '/home/adi/RosProjects/install/my_robot_bringup/bin'
[3.814s] Level 1:colcon.colcon_core.environment:checking '/home/adi/RosProjects/install/my_robot_bringup/lib/pkgconfig/my_robot_bringup.pc'
[3.815s] Level 1:colcon.colcon_core.environment:checking '/home/adi/RosProjects/install/my_robot_bringup/lib/python3.12/site-packages'
[3.816s] Level 1:colcon.colcon_core.environment:checking '/home/adi/RosProjects/install/my_robot_bringup/bin'
[3.816s] INFO:colcon.colcon_core.shell:Creating package script '/home/adi/RosProjects/install/my_robot_bringup/share/my_robot_bringup/package.ps1'
[3.817s] INFO:colcon.colcon_core.shell:Creating package descriptor '/home/adi/RosProjects/install/my_robot_bringup/share/my_robot_bringup/package.dsv'
[3.818s] INFO:colcon.colcon_core.shell:Creating package script '/home/adi/RosProjects/install/my_robot_bringup/share/my_robot_bringup/package.sh'
[3.818s] INFO:colcon.colcon_core.shell:Creating package script '/home/adi/RosProjects/install/my_robot_bringup/share/my_robot_bringup/package.bash'
[3.819s] INFO:colcon.colcon_core.shell:Creating package script '/home/adi/RosProjects/install/my_robot_bringup/share/my_robot_bringup/package.zsh'
[3.819s] Level 1:colcon.colcon_core.environment:create_file_with_runtime_dependencies(/home/adi/RosProjects/install/my_robot_bringup/share/colcon-core/packages/my_robot_bringup)
[3.820s] Level 1:colcon.colcon_core.environment:create_environment_scripts_only(my_robot_bringup)
[3.820s] Level 1:colcon.colcon_core.environment:checking '/home/adi/RosProjects/install/my_robot_bringup' for CMake module files
[3.821s] Level 1:colcon.colcon_core.environment:checking '/home/adi/RosProjects/install/my_robot_bringup' for CMake config files
[3.821s] Level 1:colcon.colcon_core.shell:create_environment_hook('my_robot_bringup', 'cmake_prefix_path')
[3.821s] INFO:colcon.colcon_core.shell:Creating environment hook '/home/adi/RosProjects/install/my_robot_bringup/share/my_robot_bringup/hook/cmake_prefix_path.ps1'
[3.822s] INFO:colcon.colcon_core.shell:Creating environment descriptor '/home/adi/RosProjects/install/my_robot_bringup/share/my_robot_bringup/hook/cmake_prefix_path.dsv'
[3.822s] INFO:colcon.colcon_core.shell:Creating environment hook '/home/adi/RosProjects/install/my_robot_bringup/share/my_robot_bringup/hook/cmake_prefix_path.sh'
[3.824s] Level 1:colcon.colcon_core.environment:checking '/home/adi/RosProjects/install/my_robot_bringup/bin'
[3.824s] Level 1:colcon.colcon_core.environment:checking '/home/adi/RosProjects/install/my_robot_bringup/lib/pkgconfig/my_robot_bringup.pc'
[3.824s] Level 1:colcon.colcon_core.environment:checking '/home/adi/RosProjects/install/my_robot_bringup/lib/python3.12/site-packages'
[3.825s] Level 1:colcon.colcon_core.environment:checking '/home/adi/RosProjects/install/my_robot_bringup/bin'
[3.825s] INFO:colcon.colcon_core.shell:Creating package script '/home/adi/RosProjects/install/my_robot_bringup/share/my_robot_bringup/package.ps1'
[3.826s] INFO:colcon.colcon_core.shell:Creating package descriptor '/home/adi/RosProjects/install/my_robot_bringup/share/my_robot_bringup/package.dsv'
[3.827s] INFO:colcon.colcon_core.shell:Creating package script '/home/adi/RosProjects/install/my_robot_bringup/share/my_robot_bringup/package.sh'
[3.828s] INFO:colcon.colcon_core.shell:Creating package script '/home/adi/RosProjects/install/my_robot_bringup/share/my_robot_bringup/package.bash'
[3.830s] INFO:colcon.colcon_core.shell:Creating package script '/home/adi/RosProjects/install/my_robot_bringup/share/my_robot_bringup/package.zsh'
[3.831s] Level 1:colcon.colcon_core.environment:create_file_with_runtime_dependencies(/home/adi/RosProjects/install/my_robot_bringup/share/colcon-core/packages/my_robot_bringup)
[3.831s] DEBUG:colcon.colcon_parallel_executor.executor.parallel:closing loop
[3.831s] DEBUG:colcon.colcon_parallel_executor.executor.parallel:loop closed
[3.831s] DEBUG:colcon.colcon_parallel_executor.executor.parallel:run_until_complete finished with '0'
[3.831s] DEBUG:colcon.colcon_core.event_reactor:joining thread
[3.839s] INFO:colcon.colcon_core.plugin_system:Skipping extension 'colcon_notification.desktop_notification.terminal_notifier': Not used on non-Darwin systems
[3.839s] INFO:colcon.colcon_core.plugin_system:Skipping extension 'colcon_notification.desktop_notification.win32': Not used on non-Windows systems
[3.839s] INFO:colcon.colcon_notification.desktop_notification:Sending desktop notification using 'notify2'
[3.862s] DEBUG:colcon.colcon_core.event_reactor:joined thread
[3.863s] INFO:colcon.colcon_core.shell:Creating prefix script '/home/adi/RosProjects/install/local_setup.ps1'
[3.864s] INFO:colcon.colcon_core.shell:Creating prefix util module '/home/adi/RosProjects/install/_local_setup_util_ps1.py'
[3.865s] INFO:colcon.colcon_core.shell:Creating prefix chain script '/home/adi/RosProjects/install/setup.ps1'
[3.868s] INFO:colcon.colcon_core.shell:Creating prefix script '/home/adi/RosProjects/install/local_setup.sh'
[3.873s] INFO:colcon.colcon_core.shell:Creating prefix util module '/home/adi/RosProjects/install/_local_setup_util_sh.py'
[3.876s] INFO:colcon.colcon_core.shell:Creating prefix chain script '/home/adi/RosProjects/install/setup.sh'
[3.879s] INFO:colcon.colcon_core.shell:Creating prefix script '/home/adi/RosProjects/install/local_setup.bash'
[3.879s] INFO:colcon.colcon_core.shell:Creating prefix chain script '/home/adi/RosProjects/install/setup.bash'
[3.881s] INFO:colcon.colcon_core.shell:Creating prefix script '/home/adi/RosProjects/install/local_setup.zsh'
[3.881s] INFO:colcon.colcon_core.shell:Creating prefix chain script '/home/adi/RosProjects/install/setup.zsh'
