[0.014s] Invoking command in '/home/adi/RosProjects/build/my_robot_interfaces': CMAKE_PREFIX_PATH=${CMAKE_PREFIX_PATH}:/home/adi/RosProjects/install/my_py_pkg:/home/adi/install/my_py_pkg:/opt/ros/jazzy DEBUGINFOD_URLS=https://debuginfod.ubuntu.com /usr/bin/cmake /home/adi/RosProjects/src/my_robot_interfaces -DCMAKE_INSTALL_PREFIX=/home/adi/RosProjects/install/my_robot_interfaces
[0.067s] -- The C compiler identification is GNU 13.3.0
[0.115s] -- The CXX compiler identification is GNU 13.3.0
[0.128s] -- Detecting C compiler ABI info
[0.206s] -- Detecting C compiler ABI info - done
[0.214s] -- Check for working C compiler: /usr/bin/cc - skipped
[0.214s] -- Detecting C compile features
[0.214s] -- Detecting C compile features - done
[0.223s] -- Detecting CXX compiler ABI info
[0.315s] -- Detecting CXX compiler ABI info - done
[0.323s] -- Check for working CXX compiler: /usr/bin/c++ - skipped
[0.323s] -- Detecting CXX compile features
[0.324s] -- Detecting CXX compile features - done
[0.328s] -- Found ament_cmake: 2.5.4 (/opt/ros/jazzy/share/ament_cmake/cmake)
[0.486s] -- Found Python3: /usr/bin/python3 (found version "3.12.3") found components: Interpreter 
[0.603s] -- Found rosidl_default_generators: 1.6.0 (/opt/ros/jazzy/share/rosidl_default_generators/cmake)
[0.611s] -- Using all available rosidl_typesupport_c: rosidl_typesupport_fastrtps_c;rosidl_typesupport_introspection_c
[0.676s] -- Using all available rosidl_typesupport_cpp: rosidl_typesupport_fastrtps_cpp;rosidl_typesupport_introspection_cpp
[0.726s] -- Found rosidl_adapter: 4.6.6 (/opt/ros/jazzy/share/rosidl_adapter/cmake)
[1.354s] -- Found ament_cmake_ros: 0.12.0 (/opt/ros/jazzy/share/ament_cmake_ros/cmake)
[1.736s] -- Using all available rosidl_typesupport_c: rosidl_typesupport_fastrtps_c;rosidl_typesupport_introspection_c
[2.251s] -- Using all available rosidl_typesupport_cpp: rosidl_typesupport_fastrtps_cpp;rosidl_typesupport_introspection_cpp
[2.254s] -- Found python_cmake_module: 0.11.1 (/opt/ros/jazzy/share/python_cmake_module/cmake)
[2.378s] -- Found PythonExtra: /usr/bin/python3  
[2.762s] -- Found Python3: /usr/bin/python3 (found version "3.12.3") found components: Interpreter Development NumPy Development.Module Development.Embed 
[2.799s] -- Configuring done (2.8s)
[2.840s] -- Generating done (0.0s)
[2.851s] -- Build files have been written to: /home/adi/RosProjects/build/my_robot_interfaces
[2.860s] Invoked command in '/home/adi/RosProjects/build/my_robot_interfaces' returned '0': CMAKE_PREFIX_PATH=${CMAKE_PREFIX_PATH}:/home/adi/RosProjects/install/my_py_pkg:/home/adi/install/my_py_pkg:/opt/ros/jazzy DEBUGINFOD_URLS=https://debuginfod.ubuntu.com /usr/bin/cmake /home/adi/RosProjects/src/my_robot_interfaces -DCMAKE_INSTALL_PREFIX=/home/adi/RosProjects/install/my_robot_interfaces
[2.861s] Invoking command in '/home/adi/RosProjects/build/my_robot_interfaces': CMAKE_PREFIX_PATH=${CMAKE_PREFIX_PATH}:/home/adi/RosProjects/install/my_py_pkg:/home/adi/install/my_py_pkg:/opt/ros/jazzy DEBUGINFOD_URLS=https://debuginfod.ubuntu.com /usr/bin/cmake --build /home/adi/RosProjects/build/my_robot_interfaces -- -j4 -l4
[2.908s] [  1%] [34m[1mGenerating type hashes for ROS interfaces[0m
[2.917s] [  1%] Built target ament_cmake_python_copy_my_robot_interfaces
[3.143s] running egg_info
[3.143s] creating my_robot_interfaces.egg-info
[3.164s] writing my_robot_interfaces.egg-info/PKG-INFO
[3.164s] writing dependency_links to my_robot_interfaces.egg-info/dependency_links.txt
[3.164s] writing top-level names to my_robot_interfaces.egg-info/top_level.txt
[3.165s] writing manifest file 'my_robot_interfaces.egg-info/SOURCES.txt'
[3.198s] [  1%] Built target my_robot_interfaces__rosidl_generator_type_description
[3.208s] [  2%] [34m[1mGenerating C code for ROS interfaces[0m
[3.221s] [  3%] [34m[1mGenerating C++ code for ROS interfaces[0m
[3.230s] reading manifest file 'my_robot_interfaces.egg-info/SOURCES.txt'
[3.231s] writing manifest file 'my_robot_interfaces.egg-info/SOURCES.txt'
[3.263s] [  3%] Built target ament_cmake_python_build_my_robot_interfaces_egg
[3.984s] [  3%] Built target my_robot_interfaces__cpp
[4.097s] [  8%] [32mBuilding C object CMakeFiles/my_robot_interfaces__rosidl_generator_c.dir/rosidl_generator_c/my_robot_interfaces/msg/detail/hardware_status__type_support.c.o[0m
[4.097s] [  8%] [32mBuilding C object CMakeFiles/my_robot_interfaces__rosidl_generator_c.dir/rosidl_generator_c/my_robot_interfaces/msg/detail/hardware_status__functions.c.o[0m
[4.098s] [  8%] [32mBuilding C object CMakeFiles/my_robot_interfaces__rosidl_generator_c.dir/rosidl_generator_c/my_robot_interfaces/srv/detail/compute_rectangle_area__description.c.o[0m
[4.098s] [  8%] [32mBuilding C object CMakeFiles/my_robot_interfaces__rosidl_generator_c.dir/rosidl_generator_c/my_robot_interfaces/msg/detail/hardware_status__description.c.o[0m
[4.127s] [  9%] [32mBuilding C object CMakeFiles/my_robot_interfaces__rosidl_generator_c.dir/rosidl_generator_c/my_robot_interfaces/srv/detail/compute_rectangle_area__functions.c.o[0m
[4.138s] [ 10%] [32mBuilding C object CMakeFiles/my_robot_interfaces__rosidl_generator_c.dir/rosidl_generator_c/my_robot_interfaces/srv/detail/compute_rectangle_area__type_support.c.o[0m
[4.144s] [ 11%] [32mBuilding C object CMakeFiles/my_robot_interfaces__rosidl_generator_c.dir/rosidl_generator_c/my_robot_interfaces/msg/detail/battery_status__description.c.o[0m
[4.145s] [ 13%] [32mBuilding C object CMakeFiles/my_robot_interfaces__rosidl_generator_c.dir/rosidl_generator_c/my_robot_interfaces/msg/detail/battery_status__functions.c.o[0m
[4.172s] [ 14%] [32mBuilding C object CMakeFiles/my_robot_interfaces__rosidl_generator_c.dir/rosidl_generator_c/my_robot_interfaces/msg/detail/battery_status__type_support.c.o[0m
[4.180s] [ 15%] [32mBuilding C object CMakeFiles/my_robot_interfaces__rosidl_generator_c.dir/rosidl_generator_c/my_robot_interfaces/srv/detail/set_led_status__description.c.o[0m
[4.189s] [ 16%] [32mBuilding C object CMakeFiles/my_robot_interfaces__rosidl_generator_c.dir/rosidl_generator_c/my_robot_interfaces/srv/detail/set_led_status__functions.c.o[0m
[4.196s] [ 17%] [32mBuilding C object CMakeFiles/my_robot_interfaces__rosidl_generator_c.dir/rosidl_generator_c/my_robot_interfaces/srv/detail/set_led_status__type_support.c.o[0m
[4.203s] [ 19%] [32mBuilding C object CMakeFiles/my_robot_interfaces__rosidl_generator_c.dir/rosidl_generator_c/my_robot_interfaces/action/detail/predator_movement__description.c.o[0m
[4.238s] [ 20%] [32mBuilding C object CMakeFiles/my_robot_interfaces__rosidl_generator_c.dir/rosidl_generator_c/my_robot_interfaces/action/detail/predator_movement__functions.c.o[0m
[4.242s] [ 21%] [32mBuilding C object CMakeFiles/my_robot_interfaces__rosidl_generator_c.dir/rosidl_generator_c/my_robot_interfaces/action/detail/predator_movement__type_support.c.o[0m
[4.269s] [ 22%] [32mBuilding C object CMakeFiles/my_robot_interfaces__rosidl_generator_c.dir/rosidl_generator_c/my_robot_interfaces/srv/detail/spawn_turtle__description.c.o[0m
[4.297s] [ 23%] [32mBuilding C object CMakeFiles/my_robot_interfaces__rosidl_generator_c.dir/rosidl_generator_c/my_robot_interfaces/srv/detail/spawn_turtle__functions.c.o[0m
[4.297s] [ 25%] [32mBuilding C object CMakeFiles/my_robot_interfaces__rosidl_generator_c.dir/rosidl_generator_c/my_robot_interfaces/srv/detail/spawn_turtle__type_support.c.o[0m
[4.406s] [ 26%] [32m[1mLinking C shared library libmy_robot_interfaces__rosidl_generator_c.so[0m
[4.444s] [ 26%] Built target my_robot_interfaces__rosidl_generator_c
[4.457s] [ 28%] [34m[1mGenerating C++ type support dispatch for ROS interfaces[0m
[4.457s] [ 29%] [34m[1mGenerating C type support for eProsima Fast-RTPS[0m
[4.458s] [ 30%] [34m[1mGenerating C introspection for ROS interfaces[0m
[4.458s] [ 30%] [34m[1mGenerating C++ introspection for ROS interfaces[0m
[4.932s] [ 32%] [32mBuilding CXX object CMakeFiles/my_robot_interfaces__rosidl_typesupport_cpp.dir/rosidl_typesupport_cpp/my_robot_interfaces/msg/hardware_status__type_support.cpp.o[0m
[5.063s] [ 33%] [32mBuilding CXX object CMakeFiles/my_robot_interfaces__rosidl_typesupport_introspection_cpp.dir/rosidl_typesupport_introspection_cpp/my_robot_interfaces/msg/detail/hardware_status__type_support.cpp.o[0m
[5.141s] [ 34%] [32mBuilding C object CMakeFiles/my_robot_interfaces__rosidl_typesupport_introspection_c.dir/rosidl_typesupport_introspection_c/my_robot_interfaces/msg/detail/hardware_status__type_support.c.o[0m
[5.179s] [ 35%] [32mBuilding C object CMakeFiles/my_robot_interfaces__rosidl_typesupport_introspection_c.dir/rosidl_typesupport_introspection_c/my_robot_interfaces/srv/detail/compute_rectangle_area__type_support.c.o[0m
[5.222s] [ 36%] [32mBuilding C object CMakeFiles/my_robot_interfaces__rosidl_typesupport_introspection_c.dir/rosidl_typesupport_introspection_c/my_robot_interfaces/msg/detail/battery_status__type_support.c.o[0m
[5.241s] [ 38%] [32mBuilding CXX object CMakeFiles/my_robot_interfaces__rosidl_typesupport_cpp.dir/rosidl_typesupport_cpp/my_robot_interfaces/srv/compute_rectangle_area__type_support.cpp.o[0m
[5.264s] [ 39%] [32mBuilding C object CMakeFiles/my_robot_interfaces__rosidl_typesupport_introspection_c.dir/rosidl_typesupport_introspection_c/my_robot_interfaces/srv/detail/set_led_status__type_support.c.o[0m
[5.309s] [ 40%] [32mBuilding C object CMakeFiles/my_robot_interfaces__rosidl_typesupport_introspection_c.dir/rosidl_typesupport_introspection_c/my_robot_interfaces/action/detail/predator_movement__type_support.c.o[0m
[5.371s] [ 41%] [32mBuilding C object CMakeFiles/my_robot_interfaces__rosidl_typesupport_introspection_c.dir/rosidl_typesupport_introspection_c/my_robot_interfaces/srv/detail/spawn_turtle__type_support.c.o[0m
[5.403s] [ 42%] [32mBuilding CXX object CMakeFiles/my_robot_interfaces__rosidl_typesupport_introspection_cpp.dir/rosidl_typesupport_introspection_cpp/my_robot_interfaces/srv/detail/compute_rectangle_area__type_support.cpp.o[0m
[5.421s] [ 44%] [32m[1mLinking C shared library libmy_robot_interfaces__rosidl_typesupport_introspection_c.so[0m
[5.455s] [ 44%] Built target my_robot_interfaces__rosidl_typesupport_introspection_c
[5.467s] [ 45%] [32mBuilding CXX object CMakeFiles/my_robot_interfaces__rosidl_typesupport_cpp.dir/rosidl_typesupport_cpp/my_robot_interfaces/msg/battery_status__type_support.cpp.o[0m
[5.472s] [ 46%] [32mBuilding CXX object CMakeFiles/my_robot_interfaces__rosidl_typesupport_fastrtps_c.dir/rosidl_typesupport_fastrtps_c/my_robot_interfaces/msg/detail/hardware_status__type_support_c.cpp.o[0m
[5.651s] [ 47%] [32mBuilding CXX object CMakeFiles/my_robot_interfaces__rosidl_typesupport_introspection_cpp.dir/rosidl_typesupport_introspection_cpp/my_robot_interfaces/msg/detail/battery_status__type_support.cpp.o[0m
[5.790s] [ 48%] [32mBuilding CXX object CMakeFiles/my_robot_interfaces__rosidl_typesupport_cpp.dir/rosidl_typesupport_cpp/my_robot_interfaces/srv/set_led_status__type_support.cpp.o[0m
[5.852s] [ 50%] [34m[1mGenerating C type support dispatch for ROS interfaces[0m
[5.938s] [ 51%] [32mBuilding CXX object CMakeFiles/my_robot_interfaces__rosidl_typesupport_fastrtps_c.dir/rosidl_typesupport_fastrtps_c/my_robot_interfaces/srv/detail/compute_rectangle_area__type_support_c.cpp.o[0m
[5.959s] [ 52%] [32mBuilding CXX object CMakeFiles/my_robot_interfaces__rosidl_typesupport_introspection_cpp.dir/rosidl_typesupport_introspection_cpp/my_robot_interfaces/srv/detail/set_led_status__type_support.cpp.o[0m
[6.198s] [ 53%] [32mBuilding CXX object CMakeFiles/my_robot_interfaces__rosidl_typesupport_cpp.dir/rosidl_typesupport_cpp/my_robot_interfaces/action/predator_movement__type_support.cpp.o[0m
[6.352s] [ 54%] [32mBuilding CXX object CMakeFiles/my_robot_interfaces__rosidl_typesupport_c.dir/rosidl_typesupport_c/my_robot_interfaces/msg/hardware_status__type_support.cpp.o[0m
[6.403s] [ 55%] [32mBuilding CXX object CMakeFiles/my_robot_interfaces__rosidl_typesupport_c.dir/rosidl_typesupport_c/my_robot_interfaces/srv/compute_rectangle_area__type_support.cpp.o[0m
[6.435s] [ 57%] [32mBuilding CXX object CMakeFiles/my_robot_interfaces__rosidl_typesupport_fastrtps_c.dir/rosidl_typesupport_fastrtps_c/my_robot_interfaces/msg/detail/battery_status__type_support_c.cpp.o[0m
[6.457s] [ 58%] [32mBuilding CXX object CMakeFiles/my_robot_interfaces__rosidl_typesupport_c.dir/rosidl_typesupport_c/my_robot_interfaces/msg/battery_status__type_support.cpp.o[0m
[6.470s] [ 59%] [32mBuilding CXX object CMakeFiles/my_robot_interfaces__rosidl_typesupport_introspection_cpp.dir/rosidl_typesupport_introspection_cpp/my_robot_interfaces/action/detail/predator_movement__type_support.cpp.o[0m
[6.507s] [ 60%] [32mBuilding CXX object CMakeFiles/my_robot_interfaces__rosidl_typesupport_c.dir/rosidl_typesupport_c/my_robot_interfaces/srv/set_led_status__type_support.cpp.o[0m
[6.547s] [ 61%] [32mBuilding CXX object CMakeFiles/my_robot_interfaces__rosidl_typesupport_c.dir/rosidl_typesupport_c/my_robot_interfaces/action/predator_movement__type_support.cpp.o[0m
[6.601s] [ 63%] [32mBuilding CXX object CMakeFiles/my_robot_interfaces__rosidl_typesupport_c.dir/rosidl_typesupport_c/my_robot_interfaces/srv/spawn_turtle__type_support.cpp.o[0m
[6.653s] [ 64%] [32m[1mLinking CXX shared library libmy_robot_interfaces__rosidl_typesupport_c.so[0m
[6.705s] [ 64%] Built target my_robot_interfaces__rosidl_typesupport_c
[6.713s] [ 65%] [32mBuilding CXX object CMakeFiles/my_robot_interfaces__rosidl_typesupport_cpp.dir/rosidl_typesupport_cpp/my_robot_interfaces/srv/spawn_turtle__type_support.cpp.o[0m
[6.899s] [ 66%] [32mBuilding CXX object CMakeFiles/my_robot_interfaces__rosidl_typesupport_fastrtps_c.dir/rosidl_typesupport_fastrtps_c/my_robot_interfaces/srv/detail/set_led_status__type_support_c.cpp.o[0m
[6.925s] [ 67%] [32mBuilding CXX object CMakeFiles/my_robot_interfaces__rosidl_typesupport_introspection_cpp.dir/rosidl_typesupport_introspection_cpp/my_robot_interfaces/srv/detail/spawn_turtle__type_support.cpp.o[0m
[7.129s] [ 69%] [32m[1mLinking CXX shared library libmy_robot_interfaces__rosidl_typesupport_cpp.so[0m
[7.223s] [ 70%] [32mBuilding CXX object CMakeFiles/my_robot_interfaces__rosidl_typesupport_fastrtps_c.dir/rosidl_typesupport_fastrtps_c/my_robot_interfaces/action/detail/predator_movement__type_support_c.cpp.o[0m
[7.224s] [ 70%] Built target my_robot_interfaces__rosidl_typesupport_cpp
[7.238s] [ 71%] [34m[1mGenerating C++ type support for eProsima Fast-RTPS[0m
[7.369s] [ 72%] [32m[1mLinking CXX shared library libmy_robot_interfaces__rosidl_typesupport_introspection_cpp.so[0m
[7.389s] [ 73%] [32mBuilding CXX object CMakeFiles/my_robot_interfaces__rosidl_typesupport_fastrtps_c.dir/rosidl_typesupport_fastrtps_c/my_robot_interfaces/srv/detail/spawn_turtle__type_support_c.cpp.o[0m
[7.454s] [ 73%] Built target my_robot_interfaces__rosidl_typesupport_introspection_cpp
[7.870s] [ 75%] [32m[1mLinking CXX shared library libmy_robot_interfaces__rosidl_typesupport_fastrtps_c.so[0m
[7.943s] [ 75%] Built target my_robot_interfaces__rosidl_typesupport_fastrtps_c
[8.045s] [ 78%] [32mBuilding CXX object CMakeFiles/my_robot_interfaces__rosidl_typesupport_fastrtps_cpp.dir/rosidl_typesupport_fastrtps_cpp/my_robot_interfaces/srv/detail/dds_fastrtps/set_led_status__type_support.cpp.o[0m
[8.045s] [ 78%] [32mBuilding CXX object CMakeFiles/my_robot_interfaces__rosidl_typesupport_fastrtps_cpp.dir/rosidl_typesupport_fastrtps_cpp/my_robot_interfaces/msg/detail/dds_fastrtps/hardware_status__type_support.cpp.o[0m
[8.045s] [ 79%] [32mBuilding CXX object CMakeFiles/my_robot_interfaces__rosidl_typesupport_fastrtps_cpp.dir/rosidl_typesupport_fastrtps_cpp/my_robot_interfaces/srv/detail/dds_fastrtps/compute_rectangle_area__type_support.cpp.o[0m
[8.045s] [ 78%] [32mBuilding CXX object CMakeFiles/my_robot_interfaces__rosidl_typesupport_fastrtps_cpp.dir/rosidl_typesupport_fastrtps_cpp/my_robot_interfaces/msg/detail/dds_fastrtps/battery_status__type_support.cpp.o[0m
[8.498s] [ 80%] [32mBuilding CXX object CMakeFiles/my_robot_interfaces__rosidl_typesupport_fastrtps_cpp.dir/rosidl_typesupport_fastrtps_cpp/my_robot_interfaces/action/detail/dds_fastrtps/predator_movement__type_support.cpp.o[0m
[8.504s] [ 82%] [32mBuilding CXX object CMakeFiles/my_robot_interfaces__rosidl_typesupport_fastrtps_cpp.dir/rosidl_typesupport_fastrtps_cpp/my_robot_interfaces/srv/detail/dds_fastrtps/spawn_turtle__type_support.cpp.o[0m
[9.390s] [ 83%] [32m[1mLinking CXX shared library libmy_robot_interfaces__rosidl_typesupport_fastrtps_cpp.so[0m
[9.463s] [ 83%] Built target my_robot_interfaces__rosidl_typesupport_fastrtps_cpp
[9.483s] [ 83%] Built target my_robot_interfaces
[9.503s] [ 84%] [34m[1mGenerating Python code for ROS interfaces[0m
[10.645s] [ 84%] Built target my_robot_interfaces__py
[10.665s] [ 88%] [32mBuilding C object CMakeFiles/my_robot_interfaces__rosidl_generator_py.dir/rosidl_generator_py/my_robot_interfaces/srv/_compute_rectangle_area_s.c.o[0m
[10.666s] [ 88%] [32mBuilding C object CMakeFiles/my_robot_interfaces__rosidl_generator_py.dir/rosidl_generator_py/my_robot_interfaces/msg/_hardware_status_s.c.o[0m
[10.666s] [ 88%] [32mBuilding C object CMakeFiles/my_robot_interfaces__rosidl_generator_py.dir/rosidl_generator_py/my_robot_interfaces/msg/_battery_status_s.c.o[0m
[10.666s] [ 89%] [32mBuilding C object CMakeFiles/my_robot_interfaces__rosidl_generator_py.dir/rosidl_generator_py/my_robot_interfaces/srv/_set_led_status_s.c.o[0m
[10.788s] [ 90%] [32mBuilding C object CMakeFiles/my_robot_interfaces__rosidl_generator_py.dir/rosidl_generator_py/my_robot_interfaces/srv/_spawn_turtle_s.c.o[0m
[10.790s] [ 91%] [32mBuilding C object CMakeFiles/my_robot_interfaces__rosidl_generator_py.dir/rosidl_generator_py/my_robot_interfaces/action/_predator_movement_s.c.o[0m
[10.969s] [ 92%] [32m[1mLinking C shared library libmy_robot_interfaces__rosidl_generator_py.so[0m
[11.016s] [ 92%] Built target my_robot_interfaces__rosidl_generator_py
[11.039s] [ 94%] [32mBuilding C object CMakeFiles/my_robot_interfaces_s__rosidl_typesupport_introspection_c.dir/rosidl_generator_py/my_robot_interfaces/_my_robot_interfaces_s.ep.rosidl_typesupport_introspection_c.c.o[0m
[11.039s] [ 96%] [32mBuilding C object CMakeFiles/my_robot_interfaces_s__rosidl_typesupport_fastrtps_c.dir/rosidl_generator_py/my_robot_interfaces/_my_robot_interfaces_s.ep.rosidl_typesupport_fastrtps_c.c.o[0m
[11.039s] [ 96%] [32mBuilding C object CMakeFiles/my_robot_interfaces_s__rosidl_typesupport_c.dir/rosidl_generator_py/my_robot_interfaces/_my_robot_interfaces_s.ep.rosidl_typesupport_c.c.o[0m
[11.195s] [ 97%] [32m[1mLinking C shared module rosidl_generator_py/my_robot_interfaces/my_robot_interfaces_s__rosidl_typesupport_c.so[0m
[11.202s] [ 98%] [32m[1mLinking C shared module rosidl_generator_py/my_robot_interfaces/my_robot_interfaces_s__rosidl_typesupport_fastrtps_c.so[0m
[11.203s] [100%] [32m[1mLinking C shared module rosidl_generator_py/my_robot_interfaces/my_robot_interfaces_s__rosidl_typesupport_introspection_c.so[0m
[11.234s] [100%] Built target my_robot_interfaces_s__rosidl_typesupport_c
[11.239s] [100%] Built target my_robot_interfaces_s__rosidl_typesupport_introspection_c
[11.240s] [100%] Built target my_robot_interfaces_s__rosidl_typesupport_fastrtps_c
[11.252s] Invoked command in '/home/adi/RosProjects/build/my_robot_interfaces' returned '0': CMAKE_PREFIX_PATH=${CMAKE_PREFIX_PATH}:/home/adi/RosProjects/install/my_py_pkg:/home/adi/install/my_py_pkg:/opt/ros/jazzy DEBUGINFOD_URLS=https://debuginfod.ubuntu.com /usr/bin/cmake --build /home/adi/RosProjects/build/my_robot_interfaces -- -j4 -l4
[11.254s] Invoking command in '/home/adi/RosProjects/build/my_robot_interfaces': CMAKE_PREFIX_PATH=${CMAKE_PREFIX_PATH}:/home/adi/RosProjects/install/my_py_pkg:/home/adi/install/my_py_pkg:/opt/ros/jazzy DEBUGINFOD_URLS=https://debuginfod.ubuntu.com /usr/bin/cmake --install /home/adi/RosProjects/build/my_robot_interfaces
[11.262s] -- Install configuration: ""
[11.262s] -- Installing: /home/adi/RosProjects/install/my_robot_interfaces/share/ament_index/resource_index/rosidl_interfaces/my_robot_interfaces
[11.262s] -- Installing: /home/adi/RosProjects/install/my_robot_interfaces/share/my_robot_interfaces/msg/HardwareStatus.json
[11.262s] -- Installing: /home/adi/RosProjects/install/my_robot_interfaces/share/my_robot_interfaces/srv/ComputeRectangleArea.json
[11.262s] -- Installing: /home/adi/RosProjects/install/my_robot_interfaces/share/my_robot_interfaces/msg/BatteryStatus.json
[11.263s] -- Installing: /home/adi/RosProjects/install/my_robot_interfaces/share/my_robot_interfaces/srv/SetLedStatus.json
[11.263s] -- Installing: /home/adi/RosProjects/install/my_robot_interfaces/share/my_robot_interfaces/action/PredatorMovement.json
[11.263s] -- Installing: /home/adi/RosProjects/install/my_robot_interfaces/share/my_robot_interfaces/srv/SpawnTurtle.json
[11.263s] -- Installing: /home/adi/RosProjects/install/my_robot_interfaces/include/my_robot_interfaces/my_robot_interfaces
[11.263s] -- Installing: /home/adi/RosProjects/install/my_robot_interfaces/include/my_robot_interfaces/my_robot_interfaces/action
[11.264s] -- Installing: /home/adi/RosProjects/install/my_robot_interfaces/include/my_robot_interfaces/my_robot_interfaces/action/detail
[11.264s] -- Installing: /home/adi/RosProjects/install/my_robot_interfaces/include/my_robot_interfaces/my_robot_interfaces/action/detail/predator_movement__functions.c
[11.264s] -- Installing: /home/adi/RosProjects/install/my_robot_interfaces/include/my_robot_interfaces/my_robot_interfaces/action/detail/predator_movement__functions.h
[11.264s] -- Installing: /home/adi/RosProjects/install/my_robot_interfaces/include/my_robot_interfaces/my_robot_interfaces/action/detail/predator_movement__struct.h
[11.264s] -- Installing: /home/adi/RosProjects/install/my_robot_interfaces/include/my_robot_interfaces/my_robot_interfaces/action/detail/predator_movement__type_support.h
[11.264s] -- Installing: /home/adi/RosProjects/install/my_robot_interfaces/include/my_robot_interfaces/my_robot_interfaces/action/detail/predator_movement__description.c
[11.264s] -- Installing: /home/adi/RosProjects/install/my_robot_interfaces/include/my_robot_interfaces/my_robot_interfaces/action/detail/predator_movement__type_support.c
[11.265s] -- Installing: /home/adi/RosProjects/install/my_robot_interfaces/include/my_robot_interfaces/my_robot_interfaces/action/predator_movement.h
[11.265s] -- Installing: /home/adi/RosProjects/install/my_robot_interfaces/include/my_robot_interfaces/my_robot_interfaces/srv
[11.265s] -- Installing: /home/adi/RosProjects/install/my_robot_interfaces/include/my_robot_interfaces/my_robot_interfaces/srv/detail
[11.265s] -- Installing: /home/adi/RosProjects/install/my_robot_interfaces/include/my_robot_interfaces/my_robot_interfaces/srv/detail/spawn_turtle__struct.h
[11.265s] -- Installing: /home/adi/RosProjects/install/my_robot_interfaces/include/my_robot_interfaces/my_robot_interfaces/srv/detail/spawn_turtle__type_support.c
[11.265s] -- Installing: /home/adi/RosProjects/install/my_robot_interfaces/include/my_robot_interfaces/my_robot_interfaces/srv/detail/spawn_turtle__type_support.h
[11.266s] -- Installing: /home/adi/RosProjects/install/my_robot_interfaces/include/my_robot_interfaces/my_robot_interfaces/srv/detail/spawn_turtle__functions.c
[11.266s] -- Installing: /home/adi/RosProjects/install/my_robot_interfaces/include/my_robot_interfaces/my_robot_interfaces/srv/detail/compute_rectangle_area__description.c
[11.266s] -- Installing: /home/adi/RosProjects/install/my_robot_interfaces/include/my_robot_interfaces/my_robot_interfaces/srv/detail/set_led_status__description.c
[11.266s] -- Installing: /home/adi/RosProjects/install/my_robot_interfaces/include/my_robot_interfaces/my_robot_interfaces/srv/detail/compute_rectangle_area__type_support.h
[11.266s] -- Installing: /home/adi/RosProjects/install/my_robot_interfaces/include/my_robot_interfaces/my_robot_interfaces/srv/detail/spawn_turtle__description.c
[11.266s] -- Installing: /home/adi/RosProjects/install/my_robot_interfaces/include/my_robot_interfaces/my_robot_interfaces/srv/detail/set_led_status__type_support.h
[11.266s] -- Installing: /home/adi/RosProjects/install/my_robot_interfaces/include/my_robot_interfaces/my_robot_interfaces/srv/detail/set_led_status__struct.h
[11.267s] -- Installing: /home/adi/RosProjects/install/my_robot_interfaces/include/my_robot_interfaces/my_robot_interfaces/srv/detail/compute_rectangle_area__type_support.c
[11.267s] -- Installing: /home/adi/RosProjects/install/my_robot_interfaces/include/my_robot_interfaces/my_robot_interfaces/srv/detail/set_led_status__functions.h
[11.267s] -- Installing: /home/adi/RosProjects/install/my_robot_interfaces/include/my_robot_interfaces/my_robot_interfaces/srv/detail/compute_rectangle_area__functions.c
[11.267s] -- Installing: /home/adi/RosProjects/install/my_robot_interfaces/include/my_robot_interfaces/my_robot_interfaces/srv/detail/spawn_turtle__functions.h
[11.267s] -- Installing: /home/adi/RosProjects/install/my_robot_interfaces/include/my_robot_interfaces/my_robot_interfaces/srv/detail/compute_rectangle_area__struct.h
[11.267s] -- Installing: /home/adi/RosProjects/install/my_robot_interfaces/include/my_robot_interfaces/my_robot_interfaces/srv/detail/compute_rectangle_area__functions.h
[11.268s] -- Installing: /home/adi/RosProjects/install/my_robot_interfaces/include/my_robot_interfaces/my_robot_interfaces/srv/detail/set_led_status__functions.c
[11.268s] -- Installing: /home/adi/RosProjects/install/my_robot_interfaces/include/my_robot_interfaces/my_robot_interfaces/srv/detail/set_led_status__type_support.c
[11.268s] -- Installing: /home/adi/RosProjects/install/my_robot_interfaces/include/my_robot_interfaces/my_robot_interfaces/srv/set_led_status.h
[11.268s] -- Installing: /home/adi/RosProjects/install/my_robot_interfaces/include/my_robot_interfaces/my_robot_interfaces/srv/spawn_turtle.h
[11.268s] -- Installing: /home/adi/RosProjects/install/my_robot_interfaces/include/my_robot_interfaces/my_robot_interfaces/srv/compute_rectangle_area.h
[11.268s] -- Installing: /home/adi/RosProjects/install/my_robot_interfaces/include/my_robot_interfaces/my_robot_interfaces/msg
[11.268s] -- Installing: /home/adi/RosProjects/install/my_robot_interfaces/include/my_robot_interfaces/my_robot_interfaces/msg/detail
[11.269s] -- Installing: /home/adi/RosProjects/install/my_robot_interfaces/include/my_robot_interfaces/my_robot_interfaces/msg/detail/battery_status__struct.h
[11.269s] -- Installing: /home/adi/RosProjects/install/my_robot_interfaces/include/my_robot_interfaces/my_robot_interfaces/msg/detail/battery_status__type_support.c
[11.269s] -- Installing: /home/adi/RosProjects/install/my_robot_interfaces/include/my_robot_interfaces/my_robot_interfaces/msg/detail/hardware_status__description.c
[11.269s] -- Installing: /home/adi/RosProjects/install/my_robot_interfaces/include/my_robot_interfaces/my_robot_interfaces/msg/detail/battery_status__description.c
[11.269s] -- Installing: /home/adi/RosProjects/install/my_robot_interfaces/include/my_robot_interfaces/my_robot_interfaces/msg/detail/hardware_status__functions.h
[11.270s] -- Installing: /home/adi/RosProjects/install/my_robot_interfaces/include/my_robot_interfaces/my_robot_interfaces/msg/detail/hardware_status__functions.c
[11.270s] -- Installing: /home/adi/RosProjects/install/my_robot_interfaces/include/my_robot_interfaces/my_robot_interfaces/msg/detail/battery_status__functions.h
[11.270s] -- Installing: /home/adi/RosProjects/install/my_robot_interfaces/include/my_robot_interfaces/my_robot_interfaces/msg/detail/hardware_status__struct.h
[11.270s] -- Installing: /home/adi/RosProjects/install/my_robot_interfaces/include/my_robot_interfaces/my_robot_interfaces/msg/detail/hardware_status__type_support.c
[11.270s] -- Installing: /home/adi/RosProjects/install/my_robot_interfaces/include/my_robot_interfaces/my_robot_interfaces/msg/detail/battery_status__type_support.h
[11.270s] -- Installing: /home/adi/RosProjects/install/my_robot_interfaces/include/my_robot_interfaces/my_robot_interfaces/msg/detail/hardware_status__type_support.h
[11.270s] -- Installing: /home/adi/RosProjects/install/my_robot_interfaces/include/my_robot_interfaces/my_robot_interfaces/msg/detail/battery_status__functions.c
[11.270s] -- Installing: /home/adi/RosProjects/install/my_robot_interfaces/include/my_robot_interfaces/my_robot_interfaces/msg/battery_status.h
[11.270s] -- Installing: /home/adi/RosProjects/install/my_robot_interfaces/include/my_robot_interfaces/my_robot_interfaces/msg/hardware_status.h
[11.271s] -- Installing: /home/adi/RosProjects/install/my_robot_interfaces/include/my_robot_interfaces/my_robot_interfaces/msg/rosidl_generator_c__visibility_control.h
[11.271s] -- Installing: /home/adi/RosProjects/install/my_robot_interfaces/share/my_robot_interfaces/environment/library_path.sh
[11.271s] -- Installing: /home/adi/RosProjects/install/my_robot_interfaces/share/my_robot_interfaces/environment/library_path.dsv
[11.271s] -- Installing: /home/adi/RosProjects/install/my_robot_interfaces/lib/libmy_robot_interfaces__rosidl_generator_c.so
[11.271s] -- Set non-toolchain portion of runtime path of "/home/adi/RosProjects/install/my_robot_interfaces/lib/libmy_robot_interfaces__rosidl_generator_c.so" to ""
[11.271s] -- Up-to-date: /home/adi/RosProjects/install/my_robot_interfaces/include/my_robot_interfaces/my_robot_interfaces
[11.271s] -- Up-to-date: /home/adi/RosProjects/install/my_robot_interfaces/include/my_robot_interfaces/my_robot_interfaces/action
[11.271s] -- Up-to-date: /home/adi/RosProjects/install/my_robot_interfaces/include/my_robot_interfaces/my_robot_interfaces/action/detail
[11.271s] -- Installing: /home/adi/RosProjects/install/my_robot_interfaces/include/my_robot_interfaces/my_robot_interfaces/action/detail/predator_movement__rosidl_typesupport_fastrtps_c.h
[11.271s] -- Up-to-date: /home/adi/RosProjects/install/my_robot_interfaces/include/my_robot_interfaces/my_robot_interfaces/srv
[11.272s] -- Up-to-date: /home/adi/RosProjects/install/my_robot_interfaces/include/my_robot_interfaces/my_robot_interfaces/srv/detail
[11.272s] -- Installing: /home/adi/RosProjects/install/my_robot_interfaces/include/my_robot_interfaces/my_robot_interfaces/srv/detail/set_led_status__rosidl_typesupport_fastrtps_c.h
[11.272s] -- Installing: /home/adi/RosProjects/install/my_robot_interfaces/include/my_robot_interfaces/my_robot_interfaces/srv/detail/spawn_turtle__rosidl_typesupport_fastrtps_c.h
[11.272s] -- Installing: /home/adi/RosProjects/install/my_robot_interfaces/include/my_robot_interfaces/my_robot_interfaces/srv/detail/compute_rectangle_area__rosidl_typesupport_fastrtps_c.h
[11.272s] -- Up-to-date: /home/adi/RosProjects/install/my_robot_interfaces/include/my_robot_interfaces/my_robot_interfaces/msg
[11.272s] -- Up-to-date: /home/adi/RosProjects/install/my_robot_interfaces/include/my_robot_interfaces/my_robot_interfaces/msg/detail
[11.273s] -- Installing: /home/adi/RosProjects/install/my_robot_interfaces/include/my_robot_interfaces/my_robot_interfaces/msg/detail/hardware_status__rosidl_typesupport_fastrtps_c.h
[11.273s] -- Installing: /home/adi/RosProjects/install/my_robot_interfaces/include/my_robot_interfaces/my_robot_interfaces/msg/detail/battery_status__rosidl_typesupport_fastrtps_c.h
[11.273s] -- Installing: /home/adi/RosProjects/install/my_robot_interfaces/include/my_robot_interfaces/my_robot_interfaces/msg/rosidl_typesupport_fastrtps_c__visibility_control.h
[11.273s] -- Installing: /home/adi/RosProjects/install/my_robot_interfaces/lib/libmy_robot_interfaces__rosidl_typesupport_fastrtps_c.so
[11.273s] -- Set non-toolchain portion of runtime path of "/home/adi/RosProjects/install/my_robot_interfaces/lib/libmy_robot_interfaces__rosidl_typesupport_fastrtps_c.so" to ""
[11.273s] -- Up-to-date: /home/adi/RosProjects/install/my_robot_interfaces/include/my_robot_interfaces/my_robot_interfaces
[11.273s] -- Up-to-date: /home/adi/RosProjects/install/my_robot_interfaces/include/my_robot_interfaces/my_robot_interfaces/action
[11.273s] -- Up-to-date: /home/adi/RosProjects/install/my_robot_interfaces/include/my_robot_interfaces/my_robot_interfaces/action/detail
[11.274s] -- Installing: /home/adi/RosProjects/install/my_robot_interfaces/include/my_robot_interfaces/my_robot_interfaces/action/detail/predator_movement__rosidl_typesupport_introspection_c.h
[11.274s] -- Installing: /home/adi/RosProjects/install/my_robot_interfaces/include/my_robot_interfaces/my_robot_interfaces/action/detail/predator_movement__type_support.c
[11.274s] -- Up-to-date: /home/adi/RosProjects/install/my_robot_interfaces/include/my_robot_interfaces/my_robot_interfaces/srv
[11.274s] -- Up-to-date: /home/adi/RosProjects/install/my_robot_interfaces/include/my_robot_interfaces/my_robot_interfaces/srv/detail
[11.274s] -- Up-to-date: /home/adi/RosProjects/install/my_robot_interfaces/include/my_robot_interfaces/my_robot_interfaces/srv/detail/spawn_turtle__type_support.c
[11.274s] -- Installing: /home/adi/RosProjects/install/my_robot_interfaces/include/my_robot_interfaces/my_robot_interfaces/srv/detail/compute_rectangle_area__type_support.c
[11.274s] -- Installing: /home/adi/RosProjects/install/my_robot_interfaces/include/my_robot_interfaces/my_robot_interfaces/srv/detail/compute_rectangle_area__rosidl_typesupport_introspection_c.h
[11.275s] -- Installing: /home/adi/RosProjects/install/my_robot_interfaces/include/my_robot_interfaces/my_robot_interfaces/srv/detail/spawn_turtle__rosidl_typesupport_introspection_c.h
[11.275s] -- Installing: /home/adi/RosProjects/install/my_robot_interfaces/include/my_robot_interfaces/my_robot_interfaces/srv/detail/set_led_status__rosidl_typesupport_introspection_c.h
[11.275s] -- Installing: /home/adi/RosProjects/install/my_robot_interfaces/include/my_robot_interfaces/my_robot_interfaces/srv/detail/set_led_status__type_support.c
[11.275s] -- Up-to-date: /home/adi/RosProjects/install/my_robot_interfaces/include/my_robot_interfaces/my_robot_interfaces/msg
[11.275s] -- Up-to-date: /home/adi/RosProjects/install/my_robot_interfaces/include/my_robot_interfaces/my_robot_interfaces/msg/detail
[11.275s] -- Installing: /home/adi/RosProjects/install/my_robot_interfaces/include/my_robot_interfaces/my_robot_interfaces/msg/detail/battery_status__type_support.c
[11.275s] -- Installing: /home/adi/RosProjects/install/my_robot_interfaces/include/my_robot_interfaces/my_robot_interfaces/msg/detail/hardware_status__rosidl_typesupport_introspection_c.h
[11.276s] -- Installing: /home/adi/RosProjects/install/my_robot_interfaces/include/my_robot_interfaces/my_robot_interfaces/msg/detail/hardware_status__type_support.c
[11.276s] -- Installing: /home/adi/RosProjects/install/my_robot_interfaces/include/my_robot_interfaces/my_robot_interfaces/msg/detail/battery_status__rosidl_typesupport_introspection_c.h
[11.276s] -- Installing: /home/adi/RosProjects/install/my_robot_interfaces/include/my_robot_interfaces/my_robot_interfaces/msg/rosidl_typesupport_introspection_c__visibility_control.h
[11.276s] -- Installing: /home/adi/RosProjects/install/my_robot_interfaces/lib/libmy_robot_interfaces__rosidl_typesupport_introspection_c.so
[11.276s] -- Set non-toolchain portion of runtime path of "/home/adi/RosProjects/install/my_robot_interfaces/lib/libmy_robot_interfaces__rosidl_typesupport_introspection_c.so" to ""
[11.276s] -- Installing: /home/adi/RosProjects/install/my_robot_interfaces/lib/libmy_robot_interfaces__rosidl_typesupport_c.so
[11.277s] -- Set non-toolchain portion of runtime path of "/home/adi/RosProjects/install/my_robot_interfaces/lib/libmy_robot_interfaces__rosidl_typesupport_c.so" to ""
[11.277s] -- Up-to-date: /home/adi/RosProjects/install/my_robot_interfaces/include/my_robot_interfaces/my_robot_interfaces
[11.277s] -- Up-to-date: /home/adi/RosProjects/install/my_robot_interfaces/include/my_robot_interfaces/my_robot_interfaces/action
[11.277s] -- Up-to-date: /home/adi/RosProjects/install/my_robot_interfaces/include/my_robot_interfaces/my_robot_interfaces/action/detail
[11.277s] -- Installing: /home/adi/RosProjects/install/my_robot_interfaces/include/my_robot_interfaces/my_robot_interfaces/action/detail/predator_movement__traits.hpp
[11.277s] -- Installing: /home/adi/RosProjects/install/my_robot_interfaces/include/my_robot_interfaces/my_robot_interfaces/action/detail/predator_movement__type_support.hpp
[11.277s] -- Installing: /home/adi/RosProjects/install/my_robot_interfaces/include/my_robot_interfaces/my_robot_interfaces/action/detail/predator_movement__builder.hpp
[11.277s] -- Installing: /home/adi/RosProjects/install/my_robot_interfaces/include/my_robot_interfaces/my_robot_interfaces/action/detail/predator_movement__struct.hpp
[11.278s] -- Installing: /home/adi/RosProjects/install/my_robot_interfaces/include/my_robot_interfaces/my_robot_interfaces/action/predator_movement.hpp
[11.278s] -- Up-to-date: /home/adi/RosProjects/install/my_robot_interfaces/include/my_robot_interfaces/my_robot_interfaces/srv
[11.278s] -- Installing: /home/adi/RosProjects/install/my_robot_interfaces/include/my_robot_interfaces/my_robot_interfaces/srv/spawn_turtle.hpp
[11.278s] -- Installing: /home/adi/RosProjects/install/my_robot_interfaces/include/my_robot_interfaces/my_robot_interfaces/srv/compute_rectangle_area.hpp
[11.278s] -- Up-to-date: /home/adi/RosProjects/install/my_robot_interfaces/include/my_robot_interfaces/my_robot_interfaces/srv/detail
[11.279s] -- Installing: /home/adi/RosProjects/install/my_robot_interfaces/include/my_robot_interfaces/my_robot_interfaces/srv/detail/compute_rectangle_area__builder.hpp
[11.279s] -- Installing: /home/adi/RosProjects/install/my_robot_interfaces/include/my_robot_interfaces/my_robot_interfaces/srv/detail/spawn_turtle__struct.hpp
[11.279s] -- Installing: /home/adi/RosProjects/install/my_robot_interfaces/include/my_robot_interfaces/my_robot_interfaces/srv/detail/compute_rectangle_area__traits.hpp
[11.279s] -- Installing: /home/adi/RosProjects/install/my_robot_interfaces/include/my_robot_interfaces/my_robot_interfaces/srv/detail/spawn_turtle__type_support.hpp
[11.279s] -- Installing: /home/adi/RosProjects/install/my_robot_interfaces/include/my_robot_interfaces/my_robot_interfaces/srv/detail/set_led_status__builder.hpp
[11.279s] -- Installing: /home/adi/RosProjects/install/my_robot_interfaces/include/my_robot_interfaces/my_robot_interfaces/srv/detail/set_led_status__type_support.hpp
[11.279s] -- Installing: /home/adi/RosProjects/install/my_robot_interfaces/include/my_robot_interfaces/my_robot_interfaces/srv/detail/compute_rectangle_area__struct.hpp
[11.279s] -- Installing: /home/adi/RosProjects/install/my_robot_interfaces/include/my_robot_interfaces/my_robot_interfaces/srv/detail/set_led_status__struct.hpp
[11.279s] -- Installing: /home/adi/RosProjects/install/my_robot_interfaces/include/my_robot_interfaces/my_robot_interfaces/srv/detail/spawn_turtle__traits.hpp
[11.280s] -- Installing: /home/adi/RosProjects/install/my_robot_interfaces/include/my_robot_interfaces/my_robot_interfaces/srv/detail/set_led_status__traits.hpp
[11.280s] -- Installing: /home/adi/RosProjects/install/my_robot_interfaces/include/my_robot_interfaces/my_robot_interfaces/srv/detail/spawn_turtle__builder.hpp
[11.280s] -- Installing: /home/adi/RosProjects/install/my_robot_interfaces/include/my_robot_interfaces/my_robot_interfaces/srv/detail/compute_rectangle_area__type_support.hpp
[11.280s] -- Installing: /home/adi/RosProjects/install/my_robot_interfaces/include/my_robot_interfaces/my_robot_interfaces/srv/set_led_status.hpp
[11.280s] -- Up-to-date: /home/adi/RosProjects/install/my_robot_interfaces/include/my_robot_interfaces/my_robot_interfaces/msg
[11.280s] -- Installing: /home/adi/RosProjects/install/my_robot_interfaces/include/my_robot_interfaces/my_robot_interfaces/msg/hardware_status.hpp
[11.280s] -- Up-to-date: /home/adi/RosProjects/install/my_robot_interfaces/include/my_robot_interfaces/my_robot_interfaces/msg/detail
[11.281s] -- Installing: /home/adi/RosProjects/install/my_robot_interfaces/include/my_robot_interfaces/my_robot_interfaces/msg/detail/hardware_status__struct.hpp
[11.281s] -- Installing: /home/adi/RosProjects/install/my_robot_interfaces/include/my_robot_interfaces/my_robot_interfaces/msg/detail/hardware_status__type_support.hpp
[11.281s] -- Installing: /home/adi/RosProjects/install/my_robot_interfaces/include/my_robot_interfaces/my_robot_interfaces/msg/detail/hardware_status__traits.hpp
[11.281s] -- Installing: /home/adi/RosProjects/install/my_robot_interfaces/include/my_robot_interfaces/my_robot_interfaces/msg/detail/hardware_status__builder.hpp
[11.281s] -- Installing: /home/adi/RosProjects/install/my_robot_interfaces/include/my_robot_interfaces/my_robot_interfaces/msg/detail/battery_status__type_support.hpp
[11.281s] -- Installing: /home/adi/RosProjects/install/my_robot_interfaces/include/my_robot_interfaces/my_robot_interfaces/msg/detail/battery_status__traits.hpp
[11.281s] -- Installing: /home/adi/RosProjects/install/my_robot_interfaces/include/my_robot_interfaces/my_robot_interfaces/msg/detail/battery_status__struct.hpp
[11.282s] -- Installing: /home/adi/RosProjects/install/my_robot_interfaces/include/my_robot_interfaces/my_robot_interfaces/msg/detail/battery_status__builder.hpp
[11.282s] -- Installing: /home/adi/RosProjects/install/my_robot_interfaces/include/my_robot_interfaces/my_robot_interfaces/msg/battery_status.hpp
[11.282s] -- Installing: /home/adi/RosProjects/install/my_robot_interfaces/include/my_robot_interfaces/my_robot_interfaces/msg/rosidl_generator_cpp__visibility_control.hpp
[11.282s] -- Up-to-date: /home/adi/RosProjects/install/my_robot_interfaces/include/my_robot_interfaces/my_robot_interfaces
[11.282s] -- Up-to-date: /home/adi/RosProjects/install/my_robot_interfaces/include/my_robot_interfaces/my_robot_interfaces/action
[11.282s] -- Up-to-date: /home/adi/RosProjects/install/my_robot_interfaces/include/my_robot_interfaces/my_robot_interfaces/action/detail
[11.282s] -- Installing: /home/adi/RosProjects/install/my_robot_interfaces/include/my_robot_interfaces/my_robot_interfaces/action/detail/dds_fastrtps
[11.282s] -- Installing: /home/adi/RosProjects/install/my_robot_interfaces/include/my_robot_interfaces/my_robot_interfaces/action/detail/predator_movement__rosidl_typesupport_fastrtps_cpp.hpp
[11.282s] -- Up-to-date: /home/adi/RosProjects/install/my_robot_interfaces/include/my_robot_interfaces/my_robot_interfaces/srv
[11.283s] -- Up-to-date: /home/adi/RosProjects/install/my_robot_interfaces/include/my_robot_interfaces/my_robot_interfaces/srv/detail
[11.283s] -- Installing: /home/adi/RosProjects/install/my_robot_interfaces/include/my_robot_interfaces/my_robot_interfaces/srv/detail/dds_fastrtps
[11.283s] -- Installing: /home/adi/RosProjects/install/my_robot_interfaces/include/my_robot_interfaces/my_robot_interfaces/srv/detail/compute_rectangle_area__rosidl_typesupport_fastrtps_cpp.hpp
[11.283s] -- Installing: /home/adi/RosProjects/install/my_robot_interfaces/include/my_robot_interfaces/my_robot_interfaces/srv/detail/set_led_status__rosidl_typesupport_fastrtps_cpp.hpp
[11.283s] -- Installing: /home/adi/RosProjects/install/my_robot_interfaces/include/my_robot_interfaces/my_robot_interfaces/srv/detail/spawn_turtle__rosidl_typesupport_fastrtps_cpp.hpp
[11.283s] -- Up-to-date: /home/adi/RosProjects/install/my_robot_interfaces/include/my_robot_interfaces/my_robot_interfaces/msg
[11.283s] -- Up-to-date: /home/adi/RosProjects/install/my_robot_interfaces/include/my_robot_interfaces/my_robot_interfaces/msg/detail
[11.284s] -- Installing: /home/adi/RosProjects/install/my_robot_interfaces/include/my_robot_interfaces/my_robot_interfaces/msg/detail/dds_fastrtps
[11.284s] -- Installing: /home/adi/RosProjects/install/my_robot_interfaces/include/my_robot_interfaces/my_robot_interfaces/msg/detail/battery_status__rosidl_typesupport_fastrtps_cpp.hpp
[11.284s] -- Installing: /home/adi/RosProjects/install/my_robot_interfaces/include/my_robot_interfaces/my_robot_interfaces/msg/detail/hardware_status__rosidl_typesupport_fastrtps_cpp.hpp
[11.284s] -- Installing: /home/adi/RosProjects/install/my_robot_interfaces/include/my_robot_interfaces/my_robot_interfaces/msg/rosidl_typesupport_fastrtps_cpp__visibility_control.h
[11.284s] -- Installing: /home/adi/RosProjects/install/my_robot_interfaces/lib/libmy_robot_interfaces__rosidl_typesupport_fastrtps_cpp.so
[11.284s] -- Set non-toolchain portion of runtime path of "/home/adi/RosProjects/install/my_robot_interfaces/lib/libmy_robot_interfaces__rosidl_typesupport_fastrtps_cpp.so" to ""
[11.285s] -- Up-to-date: /home/adi/RosProjects/install/my_robot_interfaces/include/my_robot_interfaces/my_robot_interfaces
[11.285s] -- Up-to-date: /home/adi/RosProjects/install/my_robot_interfaces/include/my_robot_interfaces/my_robot_interfaces/action
[11.285s] -- Up-to-date: /home/adi/RosProjects/install/my_robot_interfaces/include/my_robot_interfaces/my_robot_interfaces/action/detail
[11.285s] -- Installing: /home/adi/RosProjects/install/my_robot_interfaces/include/my_robot_interfaces/my_robot_interfaces/action/detail/predator_movement__rosidl_typesupport_introspection_cpp.hpp
[11.285s] -- Installing: /home/adi/RosProjects/install/my_robot_interfaces/include/my_robot_interfaces/my_robot_interfaces/action/detail/predator_movement__type_support.cpp
[11.285s] -- Up-to-date: /home/adi/RosProjects/install/my_robot_interfaces/include/my_robot_interfaces/my_robot_interfaces/srv
[11.285s] -- Up-to-date: /home/adi/RosProjects/install/my_robot_interfaces/include/my_robot_interfaces/my_robot_interfaces/srv/detail
[11.285s] -- Installing: /home/adi/RosProjects/install/my_robot_interfaces/include/my_robot_interfaces/my_robot_interfaces/srv/detail/set_led_status__rosidl_typesupport_introspection_cpp.hpp
[11.286s] -- Installing: /home/adi/RosProjects/install/my_robot_interfaces/include/my_robot_interfaces/my_robot_interfaces/srv/detail/spawn_turtle__type_support.cpp
[11.286s] -- Installing: /home/adi/RosProjects/install/my_robot_interfaces/include/my_robot_interfaces/my_robot_interfaces/srv/detail/spawn_turtle__rosidl_typesupport_introspection_cpp.hpp
[11.286s] -- Installing: /home/adi/RosProjects/install/my_robot_interfaces/include/my_robot_interfaces/my_robot_interfaces/srv/detail/compute_rectangle_area__rosidl_typesupport_introspection_cpp.hpp
[11.286s] -- Installing: /home/adi/RosProjects/install/my_robot_interfaces/include/my_robot_interfaces/my_robot_interfaces/srv/detail/set_led_status__type_support.cpp
[11.286s] -- Installing: /home/adi/RosProjects/install/my_robot_interfaces/include/my_robot_interfaces/my_robot_interfaces/srv/detail/compute_rectangle_area__type_support.cpp
[11.286s] -- Up-to-date: /home/adi/RosProjects/install/my_robot_interfaces/include/my_robot_interfaces/my_robot_interfaces/msg
[11.286s] -- Up-to-date: /home/adi/RosProjects/install/my_robot_interfaces/include/my_robot_interfaces/my_robot_interfaces/msg/detail
[11.286s] -- Installing: /home/adi/RosProjects/install/my_robot_interfaces/include/my_robot_interfaces/my_robot_interfaces/msg/detail/battery_status__type_support.cpp
[11.286s] -- Installing: /home/adi/RosProjects/install/my_robot_interfaces/include/my_robot_interfaces/my_robot_interfaces/msg/detail/hardware_status__type_support.cpp
[11.286s] -- Installing: /home/adi/RosProjects/install/my_robot_interfaces/include/my_robot_interfaces/my_robot_interfaces/msg/detail/hardware_status__rosidl_typesupport_introspection_cpp.hpp
[11.286s] -- Installing: /home/adi/RosProjects/install/my_robot_interfaces/include/my_robot_interfaces/my_robot_interfaces/msg/detail/battery_status__rosidl_typesupport_introspection_cpp.hpp
[11.286s] -- Installing: /home/adi/RosProjects/install/my_robot_interfaces/lib/libmy_robot_interfaces__rosidl_typesupport_introspection_cpp.so
[11.286s] -- Set non-toolchain portion of runtime path of "/home/adi/RosProjects/install/my_robot_interfaces/lib/libmy_robot_interfaces__rosidl_typesupport_introspection_cpp.so" to ""
[11.286s] -- Installing: /home/adi/RosProjects/install/my_robot_interfaces/lib/libmy_robot_interfaces__rosidl_typesupport_cpp.so
[11.287s] -- Set non-toolchain portion of runtime path of "/home/adi/RosProjects/install/my_robot_interfaces/lib/libmy_robot_interfaces__rosidl_typesupport_cpp.so" to ""
[11.287s] -- Installing: /home/adi/RosProjects/install/my_robot_interfaces/share/my_robot_interfaces/environment/pythonpath.sh
[11.287s] -- Installing: /home/adi/RosProjects/install/my_robot_interfaces/share/my_robot_interfaces/environment/pythonpath.dsv
[11.287s] -- Installing: /home/adi/RosProjects/install/my_robot_interfaces/lib/python3.12/site-packages/my_robot_interfaces-0.0.0-py3.12.egg-info
[11.287s] -- Installing: /home/adi/RosProjects/install/my_robot_interfaces/lib/python3.12/site-packages/my_robot_interfaces-0.0.0-py3.12.egg-info/dependency_links.txt
[11.287s] -- Installing: /home/adi/RosProjects/install/my_robot_interfaces/lib/python3.12/site-packages/my_robot_interfaces-0.0.0-py3.12.egg-info/PKG-INFO
[11.287s] -- Installing: /home/adi/RosProjects/install/my_robot_interfaces/lib/python3.12/site-packages/my_robot_interfaces-0.0.0-py3.12.egg-info/top_level.txt
[11.287s] -- Installing: /home/adi/RosProjects/install/my_robot_interfaces/lib/python3.12/site-packages/my_robot_interfaces-0.0.0-py3.12.egg-info/SOURCES.txt
[11.287s] -- Installing: /home/adi/RosProjects/install/my_robot_interfaces/lib/python3.12/site-packages/my_robot_interfaces
[11.287s] -- Installing: /home/adi/RosProjects/install/my_robot_interfaces/lib/python3.12/site-packages/my_robot_interfaces/__init__.py
[11.287s] -- Installing: /home/adi/RosProjects/install/my_robot_interfaces/lib/python3.12/site-packages/my_robot_interfaces/_my_robot_interfaces_s.ep.rosidl_typesupport_fastrtps_c.c
[11.287s] -- Installing: /home/adi/RosProjects/install/my_robot_interfaces/lib/python3.12/site-packages/my_robot_interfaces/my_robot_interfaces_s__rosidl_typesupport_fastrtps_c.so
[11.287s] -- Installing: /home/adi/RosProjects/install/my_robot_interfaces/lib/python3.12/site-packages/my_robot_interfaces/action
[11.287s] -- Installing: /home/adi/RosProjects/install/my_robot_interfaces/lib/python3.12/site-packages/my_robot_interfaces/action/__init__.py
[11.287s] -- Installing: /home/adi/RosProjects/install/my_robot_interfaces/lib/python3.12/site-packages/my_robot_interfaces/action/_predator_movement_s.c
[11.287s] -- Installing: /home/adi/RosProjects/install/my_robot_interfaces/lib/python3.12/site-packages/my_robot_interfaces/action/_predator_movement.py
[11.287s] -- Installing: /home/adi/RosProjects/install/my_robot_interfaces/lib/python3.12/site-packages/my_robot_interfaces/_my_robot_interfaces_s.ep.rosidl_typesupport_c.c
[11.287s] -- Installing: /home/adi/RosProjects/install/my_robot_interfaces/lib/python3.12/site-packages/my_robot_interfaces/my_robot_interfaces_s__rosidl_typesupport_introspection_c.so
[11.288s] -- Installing: /home/adi/RosProjects/install/my_robot_interfaces/lib/python3.12/site-packages/my_robot_interfaces/srv
[11.288s] -- Installing: /home/adi/RosProjects/install/my_robot_interfaces/lib/python3.12/site-packages/my_robot_interfaces/srv/_compute_rectangle_area_s.c
[11.288s] -- Installing: /home/adi/RosProjects/install/my_robot_interfaces/lib/python3.12/site-packages/my_robot_interfaces/srv/__init__.py
[11.288s] -- Installing: /home/adi/RosProjects/install/my_robot_interfaces/lib/python3.12/site-packages/my_robot_interfaces/srv/_spawn_turtle.py
[11.288s] -- Installing: /home/adi/RosProjects/install/my_robot_interfaces/lib/python3.12/site-packages/my_robot_interfaces/srv/_set_led_status_s.c
[11.288s] -- Installing: /home/adi/RosProjects/install/my_robot_interfaces/lib/python3.12/site-packages/my_robot_interfaces/srv/_set_led_status.py
[11.288s] -- Installing: /home/adi/RosProjects/install/my_robot_interfaces/lib/python3.12/site-packages/my_robot_interfaces/srv/_compute_rectangle_area.py
[11.288s] -- Installing: /home/adi/RosProjects/install/my_robot_interfaces/lib/python3.12/site-packages/my_robot_interfaces/srv/_spawn_turtle_s.c
[11.288s] -- Installing: /home/adi/RosProjects/install/my_robot_interfaces/lib/python3.12/site-packages/my_robot_interfaces/_my_robot_interfaces_s.ep.rosidl_typesupport_introspection_c.c
[11.288s] -- Installing: /home/adi/RosProjects/install/my_robot_interfaces/lib/python3.12/site-packages/my_robot_interfaces/my_robot_interfaces_s__rosidl_typesupport_c.so
[11.288s] -- Installing: /home/adi/RosProjects/install/my_robot_interfaces/lib/python3.12/site-packages/my_robot_interfaces/msg
[11.288s] -- Installing: /home/adi/RosProjects/install/my_robot_interfaces/lib/python3.12/site-packages/my_robot_interfaces/msg/_battery_status.py
[11.288s] -- Installing: /home/adi/RosProjects/install/my_robot_interfaces/lib/python3.12/site-packages/my_robot_interfaces/msg/_battery_status_s.c
[11.288s] -- Installing: /home/adi/RosProjects/install/my_robot_interfaces/lib/python3.12/site-packages/my_robot_interfaces/msg/__init__.py
[11.289s] -- Installing: /home/adi/RosProjects/install/my_robot_interfaces/lib/python3.12/site-packages/my_robot_interfaces/msg/_hardware_status_s.c
[11.289s] -- Installing: /home/adi/RosProjects/install/my_robot_interfaces/lib/python3.12/site-packages/my_robot_interfaces/msg/_hardware_status.py
[11.353s] Listing '/home/adi/RosProjects/install/my_robot_interfaces/lib/python3.12/site-packages/my_robot_interfaces'...
[11.354s] Compiling '/home/adi/RosProjects/install/my_robot_interfaces/lib/python3.12/site-packages/my_robot_interfaces/__init__.py'...
[11.354s] Listing '/home/adi/RosProjects/install/my_robot_interfaces/lib/python3.12/site-packages/my_robot_interfaces/action'...
[11.354s] Compiling '/home/adi/RosProjects/install/my_robot_interfaces/lib/python3.12/site-packages/my_robot_interfaces/action/__init__.py'...
[11.354s] Compiling '/home/adi/RosProjects/install/my_robot_interfaces/lib/python3.12/site-packages/my_robot_interfaces/action/_predator_movement.py'...
[11.354s] Listing '/home/adi/RosProjects/install/my_robot_interfaces/lib/python3.12/site-packages/my_robot_interfaces/msg'...
[11.354s] Compiling '/home/adi/RosProjects/install/my_robot_interfaces/lib/python3.12/site-packages/my_robot_interfaces/msg/__init__.py'...
[11.354s] Compiling '/home/adi/RosProjects/install/my_robot_interfaces/lib/python3.12/site-packages/my_robot_interfaces/msg/_battery_status.py'...
[11.354s] Compiling '/home/adi/RosProjects/install/my_robot_interfaces/lib/python3.12/site-packages/my_robot_interfaces/msg/_hardware_status.py'...
[11.354s] Listing '/home/adi/RosProjects/install/my_robot_interfaces/lib/python3.12/site-packages/my_robot_interfaces/srv'...
[11.354s] Compiling '/home/adi/RosProjects/install/my_robot_interfaces/lib/python3.12/site-packages/my_robot_interfaces/srv/__init__.py'...
[11.354s] Compiling '/home/adi/RosProjects/install/my_robot_interfaces/lib/python3.12/site-packages/my_robot_interfaces/srv/_compute_rectangle_area.py'...
[11.354s] Compiling '/home/adi/RosProjects/install/my_robot_interfaces/lib/python3.12/site-packages/my_robot_interfaces/srv/_set_led_status.py'...
[11.355s] Compiling '/home/adi/RosProjects/install/my_robot_interfaces/lib/python3.12/site-packages/my_robot_interfaces/srv/_spawn_turtle.py'...
[11.360s] -- Installing: /home/adi/RosProjects/install/my_robot_interfaces/lib/python3.12/site-packages/my_robot_interfaces/my_robot_interfaces_s__rosidl_typesupport_fastrtps_c.so
[11.360s] -- Set non-toolchain portion of runtime path of "/home/adi/RosProjects/install/my_robot_interfaces/lib/python3.12/site-packages/my_robot_interfaces/my_robot_interfaces_s__rosidl_typesupport_fastrtps_c.so" to ""
[11.361s] -- Installing: /home/adi/RosProjects/install/my_robot_interfaces/lib/python3.12/site-packages/my_robot_interfaces/my_robot_interfaces_s__rosidl_typesupport_introspection_c.so
[11.361s] -- Set non-toolchain portion of runtime path of "/home/adi/RosProjects/install/my_robot_interfaces/lib/python3.12/site-packages/my_robot_interfaces/my_robot_interfaces_s__rosidl_typesupport_introspection_c.so" to ""
[11.361s] -- Installing: /home/adi/RosProjects/install/my_robot_interfaces/lib/python3.12/site-packages/my_robot_interfaces/my_robot_interfaces_s__rosidl_typesupport_c.so
[11.361s] -- Set non-toolchain portion of runtime path of "/home/adi/RosProjects/install/my_robot_interfaces/lib/python3.12/site-packages/my_robot_interfaces/my_robot_interfaces_s__rosidl_typesupport_c.so" to ""
[11.362s] -- Installing: /home/adi/RosProjects/install/my_robot_interfaces/lib/libmy_robot_interfaces__rosidl_generator_py.so
[11.362s] -- Set non-toolchain portion of runtime path of "/home/adi/RosProjects/install/my_robot_interfaces/lib/libmy_robot_interfaces__rosidl_generator_py.so" to ""
[11.362s] -- Installing: /home/adi/RosProjects/install/my_robot_interfaces/share/my_robot_interfaces/msg/HardwareStatus.idl
[11.362s] -- Installing: /home/adi/RosProjects/install/my_robot_interfaces/share/my_robot_interfaces/srv/ComputeRectangleArea.idl
[11.362s] -- Installing: /home/adi/RosProjects/install/my_robot_interfaces/share/my_robot_interfaces/msg/BatteryStatus.idl
[11.362s] -- Installing: /home/adi/RosProjects/install/my_robot_interfaces/share/my_robot_interfaces/srv/SetLedStatus.idl
[11.362s] -- Installing: /home/adi/RosProjects/install/my_robot_interfaces/share/my_robot_interfaces/action/PredatorMovement.idl
[11.363s] -- Installing: /home/adi/RosProjects/install/my_robot_interfaces/share/my_robot_interfaces/srv/SpawnTurtle.idl
[11.363s] -- Installing: /home/adi/RosProjects/install/my_robot_interfaces/share/my_robot_interfaces/msg/HardwareStatus.msg
[11.363s] -- Installing: /home/adi/RosProjects/install/my_robot_interfaces/share/my_robot_interfaces/srv/ComputeRectangleArea.srv
[11.363s] -- Installing: /home/adi/RosProjects/install/my_robot_interfaces/share/my_robot_interfaces/msg/BatteryStatus.msg
[11.363s] -- Installing: /home/adi/RosProjects/install/my_robot_interfaces/share/my_robot_interfaces/srv/SetLedStatus.srv
[11.363s] -- Installing: /home/adi/RosProjects/install/my_robot_interfaces/share/my_robot_interfaces/action/PredatorMovement.action
[11.363s] -- Installing: /home/adi/RosProjects/install/my_robot_interfaces/share/my_robot_interfaces/srv/SpawnTurtle.srv
[11.364s] -- Installing: /home/adi/RosProjects/install/my_robot_interfaces/share/ament_index/resource_index/package_run_dependencies/my_robot_interfaces
[11.364s] -- Installing: /home/adi/RosProjects/install/my_robot_interfaces/share/ament_index/resource_index/parent_prefix_path/my_robot_interfaces
[11.364s] -- Installing: /home/adi/RosProjects/install/my_robot_interfaces/share/my_robot_interfaces/environment/ament_prefix_path.sh
[11.364s] -- Installing: /home/adi/RosProjects/install/my_robot_interfaces/share/my_robot_interfaces/environment/ament_prefix_path.dsv
[11.364s] -- Installing: /home/adi/RosProjects/install/my_robot_interfaces/share/my_robot_interfaces/environment/path.sh
[11.365s] -- Installing: /home/adi/RosProjects/install/my_robot_interfaces/share/my_robot_interfaces/environment/path.dsv
[11.365s] -- Installing: /home/adi/RosProjects/install/my_robot_interfaces/share/my_robot_interfaces/local_setup.bash
[11.365s] -- Installing: /home/adi/RosProjects/install/my_robot_interfaces/share/my_robot_interfaces/local_setup.sh
[11.365s] -- Installing: /home/adi/RosProjects/install/my_robot_interfaces/share/my_robot_interfaces/local_setup.zsh
[11.365s] -- Installing: /home/adi/RosProjects/install/my_robot_interfaces/share/my_robot_interfaces/local_setup.dsv
[11.365s] -- Installing: /home/adi/RosProjects/install/my_robot_interfaces/share/my_robot_interfaces/package.dsv
[11.369s] -- Installing: /home/adi/RosProjects/install/my_robot_interfaces/share/ament_index/resource_index/packages/my_robot_interfaces
[11.369s] -- Installing: /home/adi/RosProjects/install/my_robot_interfaces/share/my_robot_interfaces/cmake/export_my_robot_interfaces__rosidl_generator_cExport.cmake
[11.370s] -- Installing: /home/adi/RosProjects/install/my_robot_interfaces/share/my_robot_interfaces/cmake/export_my_robot_interfaces__rosidl_generator_cExport-noconfig.cmake
[11.370s] -- Installing: /home/adi/RosProjects/install/my_robot_interfaces/share/my_robot_interfaces/cmake/export_my_robot_interfaces__rosidl_typesupport_fastrtps_cExport.cmake
[11.370s] -- Installing: /home/adi/RosProjects/install/my_robot_interfaces/share/my_robot_interfaces/cmake/export_my_robot_interfaces__rosidl_typesupport_fastrtps_cExport-noconfig.cmake
[11.370s] -- Installing: /home/adi/RosProjects/install/my_robot_interfaces/share/my_robot_interfaces/cmake/my_robot_interfaces__rosidl_typesupport_introspection_cExport.cmake
[11.370s] -- Installing: /home/adi/RosProjects/install/my_robot_interfaces/share/my_robot_interfaces/cmake/my_robot_interfaces__rosidl_typesupport_introspection_cExport-noconfig.cmake
[11.370s] -- Installing: /home/adi/RosProjects/install/my_robot_interfaces/share/my_robot_interfaces/cmake/my_robot_interfaces__rosidl_typesupport_cExport.cmake
[11.371s] -- Installing: /home/adi/RosProjects/install/my_robot_interfaces/share/my_robot_interfaces/cmake/my_robot_interfaces__rosidl_typesupport_cExport-noconfig.cmake
[11.371s] -- Installing: /home/adi/RosProjects/install/my_robot_interfaces/share/my_robot_interfaces/cmake/export_my_robot_interfaces__rosidl_generator_cppExport.cmake
[11.371s] -- Installing: /home/adi/RosProjects/install/my_robot_interfaces/share/my_robot_interfaces/cmake/export_my_robot_interfaces__rosidl_typesupport_fastrtps_cppExport.cmake
[11.371s] -- Installing: /home/adi/RosProjects/install/my_robot_interfaces/share/my_robot_interfaces/cmake/export_my_robot_interfaces__rosidl_typesupport_fastrtps_cppExport-noconfig.cmake
[11.371s] -- Installing: /home/adi/RosProjects/install/my_robot_interfaces/share/my_robot_interfaces/cmake/my_robot_interfaces__rosidl_typesupport_introspection_cppExport.cmake
[11.371s] -- Installing: /home/adi/RosProjects/install/my_robot_interfaces/share/my_robot_interfaces/cmake/my_robot_interfaces__rosidl_typesupport_introspection_cppExport-noconfig.cmake
[11.371s] -- Installing: /home/adi/RosProjects/install/my_robot_interfaces/share/my_robot_interfaces/cmake/my_robot_interfaces__rosidl_typesupport_cppExport.cmake
[11.372s] -- Installing: /home/adi/RosProjects/install/my_robot_interfaces/share/my_robot_interfaces/cmake/my_robot_interfaces__rosidl_typesupport_cppExport-noconfig.cmake
[11.372s] -- Installing: /home/adi/RosProjects/install/my_robot_interfaces/share/my_robot_interfaces/cmake/export_my_robot_interfaces__rosidl_generator_pyExport.cmake
[11.372s] -- Installing: /home/adi/RosProjects/install/my_robot_interfaces/share/my_robot_interfaces/cmake/export_my_robot_interfaces__rosidl_generator_pyExport-noconfig.cmake
[11.372s] -- Installing: /home/adi/RosProjects/install/my_robot_interfaces/share/my_robot_interfaces/cmake/rosidl_cmake-extras.cmake
[11.372s] -- Installing: /home/adi/RosProjects/install/my_robot_interfaces/share/my_robot_interfaces/cmake/ament_cmake_export_dependencies-extras.cmake
[11.372s] -- Installing: /home/adi/RosProjects/install/my_robot_interfaces/share/my_robot_interfaces/cmake/ament_cmake_export_include_directories-extras.cmake
[11.372s] -- Installing: /home/adi/RosProjects/install/my_robot_interfaces/share/my_robot_interfaces/cmake/ament_cmake_export_libraries-extras.cmake
[11.373s] -- Installing: /home/adi/RosProjects/install/my_robot_interfaces/share/my_robot_interfaces/cmake/ament_cmake_export_targets-extras.cmake
[11.373s] -- Installing: /home/adi/RosProjects/install/my_robot_interfaces/share/my_robot_interfaces/cmake/rosidl_cmake_export_typesupport_targets-extras.cmake
[11.373s] -- Installing: /home/adi/RosProjects/install/my_robot_interfaces/share/my_robot_interfaces/cmake/rosidl_cmake_export_typesupport_libraries-extras.cmake
[11.373s] -- Installing: /home/adi/RosProjects/install/my_robot_interfaces/share/my_robot_interfaces/cmake/my_robot_interfacesConfig.cmake
[11.373s] -- Installing: /home/adi/RosProjects/install/my_robot_interfaces/share/my_robot_interfaces/cmake/my_robot_interfacesConfig-version.cmake
[11.373s] -- Installing: /home/adi/RosProjects/install/my_robot_interfaces/share/my_robot_interfaces/package.xml
[11.374s] Invoked command in '/home/adi/RosProjects/build/my_robot_interfaces' returned '0': CMAKE_PREFIX_PATH=${CMAKE_PREFIX_PATH}:/home/adi/RosProjects/install/my_py_pkg:/home/adi/install/my_py_pkg:/opt/ros/jazzy DEBUGINFOD_URLS=https://debuginfod.ubuntu.com /usr/bin/cmake --install /home/adi/RosProjects/build/my_robot_interfaces
