[0.760s] Invoking command in '/home/adi/RosProjects/src/my_py_pkg': CMAKE_PREFIX_PATH=/home/adi/RosProjects/install/my_robot_interfaces:/home/adi/RosProjects/install/my_robot_bringup:/home/adi/RosProjects/install/my_robot_description:/home/adi/install/my_robot_bringup:/home/adi/install/my_robot_interfaces:/home/adi/install/my_robot_description:/opt/ros/jazzy/opt/gz_sim_vendor:/opt/ros/jazzy/opt/gz_sensors_vendor:/opt/ros/jazzy/opt/gz_physics_vendor:/opt/ros/jazzy/opt/sdformat_vendor:/opt/ros/jazzy/opt/gz_gui_vendor:/opt/ros/jazzy/opt/gz_transport_vendor:/opt/ros/jazzy/opt/gz_rendering_vendor:/opt/ros/jazzy/opt/gz_plugin_vendor:/opt/ros/jazzy/opt/gz_fuel_tools_vendor:/opt/ros/jazzy/opt/gz_msgs_vendor:/opt/ros/jazzy/opt/gz_common_vendor:/opt/ros/jazzy/opt/gz_math_vendor:/opt/ros/jazzy/opt/gz_utils_vendor:/opt/ros/jazzy/opt/gz_tools_vendor:/opt/ros/jazzy/opt/gz_ogre_next_vendor:/opt/ros/jazzy/opt/gz_dartsim_vendor:/opt/ros/jazzy/opt/gz_cmake_vendor DEBUGINFOD_URLS=https://debuginfod.ubuntu.com PYTHONPATH=/home/adi/RosProjects/build/my_py_pkg/prefix_override:/usr/lib/python3/dist-packages/colcon_core/task/python/colcon_distutils_commands:/home/adi/RosProjects/install/my_py_pkg/lib/python3.12/site-packages:/home/adi/RosProjects/install/my_robot_interfaces/lib/python3.12/site-packages:/home/adi/RosProjects/install/my_py_pkg/lib/python3.12/site-packages:/home/adi/install/my_py_pkg/lib/python3.12/site-packages:/home/adi/install/my_robot_interfaces/lib/python3.12/site-packages:/opt/ros/jazzy/lib/python3.12/site-packages /usr/bin/python3 -W ignore:setup.py install is deprecated -W ignore:easy_install command is deprecated setup.py egg_info --egg-base ../../build/my_py_pkg build --build-base /home/adi/RosProjects/build/my_py_pkg/build install --record /home/adi/RosProjects/build/my_py_pkg/install.log --single-version-externally-managed install_data
[1.011s] running egg_info
[1.012s] creating ../../build/my_py_pkg/my_py_pkg.egg-info
[1.032s] writing ../../build/my_py_pkg/my_py_pkg.egg-info/PKG-INFO
[1.032s] writing dependency_links to ../../build/my_py_pkg/my_py_pkg.egg-info/dependency_links.txt
[1.032s] writing entry points to ../../build/my_py_pkg/my_py_pkg.egg-info/entry_points.txt
[1.032s] writing requirements to ../../build/my_py_pkg/my_py_pkg.egg-info/requires.txt
[1.033s] writing top-level names to ../../build/my_py_pkg/my_py_pkg.egg-info/top_level.txt
[1.033s] writing manifest file '../../build/my_py_pkg/my_py_pkg.egg-info/SOURCES.txt'
[1.071s] reading manifest file '../../build/my_py_pkg/my_py_pkg.egg-info/SOURCES.txt'
[1.072s] writing manifest file '../../build/my_py_pkg/my_py_pkg.egg-info/SOURCES.txt'
[1.072s] running build
[1.072s] running build_py
[1.073s] creating /home/adi/RosProjects/build/my_py_pkg/build
[1.073s] creating /home/adi/RosProjects/build/my_py_pkg/build/lib
[1.073s] creating /home/adi/RosProjects/build/my_py_pkg/build/lib/my_py_pkg
[1.074s] copying my_py_pkg/my_first_node.py -> /home/adi/RosProjects/build/my_py_pkg/build/lib/my_py_pkg
[1.074s] copying my_py_pkg/battery_monitor.py -> /home/adi/RosProjects/build/my_py_pkg/build/lib/my_py_pkg
[1.074s] copying my_py_pkg/__init__.py -> /home/adi/RosProjects/build/my_py_pkg/build/lib/my_py_pkg
[1.074s] copying my_py_pkg/battery_charge_status.py -> /home/adi/RosProjects/build/my_py_pkg/build/lib/my_py_pkg
[1.074s] copying my_py_pkg/hardware_status_publisher.py -> /home/adi/RosProjects/build/my_py_pkg/build/lib/my_py_pkg
[1.075s] copying my_py_pkg/add_two_ints_client.py -> /home/adi/RosProjects/build/my_py_pkg/build/lib/my_py_pkg
[1.075s] copying my_py_pkg/number_counter.py -> /home/adi/RosProjects/build/my_py_pkg/build/lib/my_py_pkg
[1.075s] copying my_py_pkg/add_two_ints_server.py -> /home/adi/RosProjects/build/my_py_pkg/build/lib/my_py_pkg
[1.075s] copying my_py_pkg/add_two_ints_client_no_oop.py -> /home/adi/RosProjects/build/my_py_pkg/build/lib/my_py_pkg
[1.075s] copying my_py_pkg/number_publisher.py -> /home/adi/RosProjects/build/my_py_pkg/build/lib/my_py_pkg
[1.075s] copying my_py_pkg/PreyTurtle.py -> /home/adi/RosProjects/build/my_py_pkg/build/lib/my_py_pkg
[1.075s] copying my_py_pkg/robot_news_station.py -> /home/adi/RosProjects/build/my_py_pkg/build/lib/my_py_pkg
[1.075s] copying my_py_pkg/template_python_node.py -> /home/adi/RosProjects/build/my_py_pkg/build/lib/my_py_pkg
[1.076s] copying my_py_pkg/reset_counter.py -> /home/adi/RosProjects/build/my_py_pkg/build/lib/my_py_pkg
[1.076s] copying my_py_pkg/PredatorTurtle.py -> /home/adi/RosProjects/build/my_py_pkg/build/lib/my_py_pkg
[1.076s] copying my_py_pkg/smartphone.py -> /home/adi/RosProjects/build/my_py_pkg/build/lib/my_py_pkg
[1.076s] copying my_py_pkg/led_panel_node.py -> /home/adi/RosProjects/build/my_py_pkg/build/lib/my_py_pkg
[1.076s] running install
[1.082s] running install_lib
[1.103s] creating /home/adi/RosProjects/install/my_py_pkg/lib/python3.12/site-packages/my_py_pkg
[1.105s] copying /home/adi/RosProjects/build/my_py_pkg/build/lib/my_py_pkg/my_first_node.py -> /home/adi/RosProjects/install/my_py_pkg/lib/python3.12/site-packages/my_py_pkg
[1.106s] copying /home/adi/RosProjects/build/my_py_pkg/build/lib/my_py_pkg/battery_monitor.py -> /home/adi/RosProjects/install/my_py_pkg/lib/python3.12/site-packages/my_py_pkg
[1.106s] copying /home/adi/RosProjects/build/my_py_pkg/build/lib/my_py_pkg/__init__.py -> /home/adi/RosProjects/install/my_py_pkg/lib/python3.12/site-packages/my_py_pkg
[1.106s] copying /home/adi/RosProjects/build/my_py_pkg/build/lib/my_py_pkg/battery_charge_status.py -> /home/adi/RosProjects/install/my_py_pkg/lib/python3.12/site-packages/my_py_pkg
[1.106s] copying /home/adi/RosProjects/build/my_py_pkg/build/lib/my_py_pkg/hardware_status_publisher.py -> /home/adi/RosProjects/install/my_py_pkg/lib/python3.12/site-packages/my_py_pkg
[1.106s] copying /home/adi/RosProjects/build/my_py_pkg/build/lib/my_py_pkg/add_two_ints_client.py -> /home/adi/RosProjects/install/my_py_pkg/lib/python3.12/site-packages/my_py_pkg
[1.106s] copying /home/adi/RosProjects/build/my_py_pkg/build/lib/my_py_pkg/number_counter.py -> /home/adi/RosProjects/install/my_py_pkg/lib/python3.12/site-packages/my_py_pkg
[1.106s] copying /home/adi/RosProjects/build/my_py_pkg/build/lib/my_py_pkg/add_two_ints_server.py -> /home/adi/RosProjects/install/my_py_pkg/lib/python3.12/site-packages/my_py_pkg
[1.106s] copying /home/adi/RosProjects/build/my_py_pkg/build/lib/my_py_pkg/add_two_ints_client_no_oop.py -> /home/adi/RosProjects/install/my_py_pkg/lib/python3.12/site-packages/my_py_pkg
[1.106s] copying /home/adi/RosProjects/build/my_py_pkg/build/lib/my_py_pkg/number_publisher.py -> /home/adi/RosProjects/install/my_py_pkg/lib/python3.12/site-packages/my_py_pkg
[1.106s] copying /home/adi/RosProjects/build/my_py_pkg/build/lib/my_py_pkg/PreyTurtle.py -> /home/adi/RosProjects/install/my_py_pkg/lib/python3.12/site-packages/my_py_pkg
[1.106s] copying /home/adi/RosProjects/build/my_py_pkg/build/lib/my_py_pkg/robot_news_station.py -> /home/adi/RosProjects/install/my_py_pkg/lib/python3.12/site-packages/my_py_pkg
[1.107s] copying /home/adi/RosProjects/build/my_py_pkg/build/lib/my_py_pkg/template_python_node.py -> /home/adi/RosProjects/install/my_py_pkg/lib/python3.12/site-packages/my_py_pkg
[1.107s] copying /home/adi/RosProjects/build/my_py_pkg/build/lib/my_py_pkg/reset_counter.py -> /home/adi/RosProjects/install/my_py_pkg/lib/python3.12/site-packages/my_py_pkg
[1.107s] copying /home/adi/RosProjects/build/my_py_pkg/build/lib/my_py_pkg/PredatorTurtle.py -> /home/adi/RosProjects/install/my_py_pkg/lib/python3.12/site-packages/my_py_pkg
[1.107s] copying /home/adi/RosProjects/build/my_py_pkg/build/lib/my_py_pkg/smartphone.py -> /home/adi/RosProjects/install/my_py_pkg/lib/python3.12/site-packages/my_py_pkg
[1.107s] copying /home/adi/RosProjects/build/my_py_pkg/build/lib/my_py_pkg/led_panel_node.py -> /home/adi/RosProjects/install/my_py_pkg/lib/python3.12/site-packages/my_py_pkg
[1.107s] byte-compiling /home/adi/RosProjects/install/my_py_pkg/lib/python3.12/site-packages/my_py_pkg/my_first_node.py to my_first_node.cpython-312.pyc
[1.107s] byte-compiling /home/adi/RosProjects/install/my_py_pkg/lib/python3.12/site-packages/my_py_pkg/battery_monitor.py to battery_monitor.cpython-312.pyc
[1.108s] byte-compiling /home/adi/RosProjects/install/my_py_pkg/lib/python3.12/site-packages/my_py_pkg/__init__.py to __init__.cpython-312.pyc
[1.108s] byte-compiling /home/adi/RosProjects/install/my_py_pkg/lib/python3.12/site-packages/my_py_pkg/battery_charge_status.py to battery_charge_status.cpython-312.pyc
[1.108s] byte-compiling /home/adi/RosProjects/install/my_py_pkg/lib/python3.12/site-packages/my_py_pkg/hardware_status_publisher.py to hardware_status_publisher.cpython-312.pyc
[1.109s] byte-compiling /home/adi/RosProjects/install/my_py_pkg/lib/python3.12/site-packages/my_py_pkg/add_two_ints_client.py to add_two_ints_client.cpython-312.pyc
[1.110s] byte-compiling /home/adi/RosProjects/install/my_py_pkg/lib/python3.12/site-packages/my_py_pkg/number_counter.py to number_counter.cpython-312.pyc
[1.110s] byte-compiling /home/adi/RosProjects/install/my_py_pkg/lib/python3.12/site-packages/my_py_pkg/add_two_ints_server.py to add_two_ints_server.cpython-312.pyc
[1.111s] byte-compiling /home/adi/RosProjects/install/my_py_pkg/lib/python3.12/site-packages/my_py_pkg/add_two_ints_client_no_oop.py to add_two_ints_client_no_oop.cpython-312.pyc
[1.111s] byte-compiling /home/adi/RosProjects/install/my_py_pkg/lib/python3.12/site-packages/my_py_pkg/number_publisher.py to number_publisher.cpython-312.pyc
[1.112s] byte-compiling /home/adi/RosProjects/install/my_py_pkg/lib/python3.12/site-packages/my_py_pkg/PreyTurtle.py to PreyTurtle.cpython-312.pyc
[1.113s] byte-compiling /home/adi/RosProjects/install/my_py_pkg/lib/python3.12/site-packages/my_py_pkg/robot_news_station.py to robot_news_station.cpython-312.pyc
[1.113s] byte-compiling /home/adi/RosProjects/install/my_py_pkg/lib/python3.12/site-packages/my_py_pkg/template_python_node.py to template_python_node.cpython-312.pyc
[1.113s] byte-compiling /home/adi/RosProjects/install/my_py_pkg/lib/python3.12/site-packages/my_py_pkg/reset_counter.py to reset_counter.cpython-312.pyc
[1.114s] byte-compiling /home/adi/RosProjects/install/my_py_pkg/lib/python3.12/site-packages/my_py_pkg/PredatorTurtle.py to PredatorTurtle.cpython-312.pyc
[1.115s] byte-compiling /home/adi/RosProjects/install/my_py_pkg/lib/python3.12/site-packages/my_py_pkg/smartphone.py to smartphone.cpython-312.pyc
[1.115s] byte-compiling /home/adi/RosProjects/install/my_py_pkg/lib/python3.12/site-packages/my_py_pkg/led_panel_node.py to led_panel_node.cpython-312.pyc
[1.116s] running install_data
[1.116s] creating /home/adi/RosProjects/install/my_py_pkg/share/ament_index
[1.116s] creating /home/adi/RosProjects/install/my_py_pkg/share/ament_index/resource_index
[1.117s] creating /home/adi/RosProjects/install/my_py_pkg/share/ament_index/resource_index/packages
[1.118s] copying resource/my_py_pkg -> /home/adi/RosProjects/install/my_py_pkg/share/ament_index/resource_index/packages
[1.118s] copying package.xml -> /home/adi/RosProjects/install/my_py_pkg/share/my_py_pkg
[1.118s] running install_egg_info
[1.141s] Copying ../../build/my_py_pkg/my_py_pkg.egg-info to /home/adi/RosProjects/install/my_py_pkg/lib/python3.12/site-packages/my_py_pkg-0.0.0-py3.12.egg-info
[1.142s] running install_scripts
[1.274s] Installing PredatorTurtle script to /home/adi/RosProjects/install/my_py_pkg/lib/my_py_pkg
[1.274s] Installing PreyTurtle script to /home/adi/RosProjects/install/my_py_pkg/lib/my_py_pkg
[1.275s] Installing add_two_ints_client script to /home/adi/RosProjects/install/my_py_pkg/lib/my_py_pkg
[1.275s] Installing add_two_ints_client_no_oop script to /home/adi/RosProjects/install/my_py_pkg/lib/my_py_pkg
[1.275s] Installing add_two_ints_server script to /home/adi/RosProjects/install/my_py_pkg/lib/my_py_pkg
[1.275s] Installing battery_charge_status script to /home/adi/RosProjects/install/my_py_pkg/lib/my_py_pkg
[1.275s] Installing battery_monitor script to /home/adi/RosProjects/install/my_py_pkg/lib/my_py_pkg
[1.275s] Installing hardware_status_publisher script to /home/adi/RosProjects/install/my_py_pkg/lib/my_py_pkg
[1.275s] Installing led_panel_node script to /home/adi/RosProjects/install/my_py_pkg/lib/my_py_pkg
[1.276s] Installing number_counter script to /home/adi/RosProjects/install/my_py_pkg/lib/my_py_pkg
[1.276s] Installing number_publisher script to /home/adi/RosProjects/install/my_py_pkg/lib/my_py_pkg
[1.276s] Installing py_node script to /home/adi/RosProjects/install/my_py_pkg/lib/my_py_pkg
[1.276s] Installing robot_news_station script to /home/adi/RosProjects/install/my_py_pkg/lib/my_py_pkg
[1.276s] Installing smartphone script to /home/adi/RosProjects/install/my_py_pkg/lib/my_py_pkg
[1.276s] writing list of installed files to '/home/adi/RosProjects/build/my_py_pkg/install.log'
[1.300s] Invoked command in '/home/adi/RosProjects/src/my_py_pkg' returned '0': CMAKE_PREFIX_PATH=/home/adi/RosProjects/install/my_robot_interfaces:/home/adi/RosProjects/install/my_robot_bringup:/home/adi/RosProjects/install/my_robot_description:/home/adi/install/my_robot_bringup:/home/adi/install/my_robot_interfaces:/home/adi/install/my_robot_description:/opt/ros/jazzy/opt/gz_sim_vendor:/opt/ros/jazzy/opt/gz_sensors_vendor:/opt/ros/jazzy/opt/gz_physics_vendor:/opt/ros/jazzy/opt/sdformat_vendor:/opt/ros/jazzy/opt/gz_gui_vendor:/opt/ros/jazzy/opt/gz_transport_vendor:/opt/ros/jazzy/opt/gz_rendering_vendor:/opt/ros/jazzy/opt/gz_plugin_vendor:/opt/ros/jazzy/opt/gz_fuel_tools_vendor:/opt/ros/jazzy/opt/gz_msgs_vendor:/opt/ros/jazzy/opt/gz_common_vendor:/opt/ros/jazzy/opt/gz_math_vendor:/opt/ros/jazzy/opt/gz_utils_vendor:/opt/ros/jazzy/opt/gz_tools_vendor:/opt/ros/jazzy/opt/gz_ogre_next_vendor:/opt/ros/jazzy/opt/gz_dartsim_vendor:/opt/ros/jazzy/opt/gz_cmake_vendor DEBUGINFOD_URLS=https://debuginfod.ubuntu.com PYTHONPATH=/home/adi/RosProjects/build/my_py_pkg/prefix_override:/usr/lib/python3/dist-packages/colcon_core/task/python/colcon_distutils_commands:/home/adi/RosProjects/install/my_py_pkg/lib/python3.12/site-packages:/home/adi/RosProjects/install/my_robot_interfaces/lib/python3.12/site-packages:/home/adi/RosProjects/install/my_py_pkg/lib/python3.12/site-packages:/home/adi/install/my_py_pkg/lib/python3.12/site-packages:/home/adi/install/my_robot_interfaces/lib/python3.12/site-packages:/opt/ros/jazzy/lib/python3.12/site-packages /usr/bin/python3 -W ignore:setup.py install is deprecated -W ignore:easy_install command is deprecated setup.py egg_info --egg-base ../../build/my_py_pkg build --build-base /home/adi/RosProjects/build/my_py_pkg/build install --record /home/adi/RosProjects/build/my_py_pkg/install.log --single-version-externally-managed install_data
