[0.008s] Invoking command in '/home/adi/Desktop/RosProjects/build/my_robot_description': CMAKE_PREFIX_PATH=${CMAKE_PREFIX_PATH}:/home/adi/Desktop/RosProjects/install/my_py_pkg:/opt/ros/jazzy DEBUGINFOD_URLS=https://debuginfod.ubuntu.com /usr/bin/cmake /home/adi/Desktop/RosProjects/src/my_robot_description -DCMAKE_INSTALL_PREFIX=/home/adi/Desktop/RosProjects/install/my_robot_description
[0.050s] -- The C compiler identification is GNU 13.3.0
[0.094s] -- The CXX compiler identification is GNU 13.3.0
[0.107s] -- Detecting C compiler ABI info
[0.174s] -- Detecting C compiler ABI info - done
[0.182s] -- Check for working C compiler: /usr/bin/cc - skipped
[0.183s] -- Detecting C compile features
[0.183s] -- Detecting C compile features - done
[0.190s] -- Detecting CXX compiler ABI info
[0.271s] -- Detecting CXX compiler ABI info - done
[0.280s] -- Check for working CXX compiler: /usr/bin/c++ - skipped
[0.280s] -- Detecting CXX compile features
[0.280s] -- Detecting CXX compile features - done
[0.284s] -- Found ament_cmake: 2.5.6 (/opt/ros/jazzy/share/ament_cmake/cmake)
[0.414s] -- Found Python3: /usr/bin/python3 (found version "3.12.3") found components: Interpreter 
[0.594s] -- Configuring done (0.6s)
[0.597s] -- Generating done (0.0s)
[0.598s] -- Build files have been written to: /home/adi/Desktop/RosProjects/build/my_robot_description
[0.602s] Invoked command in '/home/adi/Desktop/RosProjects/build/my_robot_description' returned '0': CMAKE_PREFIX_PATH=${CMAKE_PREFIX_PATH}:/home/adi/Desktop/RosProjects/install/my_py_pkg:/opt/ros/jazzy DEBUGINFOD_URLS=https://debuginfod.ubuntu.com /usr/bin/cmake /home/adi/Desktop/RosProjects/src/my_robot_description -DCMAKE_INSTALL_PREFIX=/home/adi/Desktop/RosProjects/install/my_robot_description
[0.603s] Invoking command in '/home/adi/Desktop/RosProjects/build/my_robot_description': CMAKE_PREFIX_PATH=${CMAKE_PREFIX_PATH}:/home/adi/Desktop/RosProjects/install/my_py_pkg:/opt/ros/jazzy DEBUGINFOD_URLS=https://debuginfod.ubuntu.com /usr/bin/cmake --build /home/adi/Desktop/RosProjects/build/my_robot_description -- -j12 -l12
[0.634s] Invoked command in '/home/adi/Desktop/RosProjects/build/my_robot_description' returned '0': CMAKE_PREFIX_PATH=${CMAKE_PREFIX_PATH}:/home/adi/Desktop/RosProjects/install/my_py_pkg:/opt/ros/jazzy DEBUGINFOD_URLS=https://debuginfod.ubuntu.com /usr/bin/cmake --build /home/adi/Desktop/RosProjects/build/my_robot_description -- -j12 -l12
[0.642s] Invoking command in '/home/adi/Desktop/RosProjects/build/my_robot_description': CMAKE_PREFIX_PATH=${CMAKE_PREFIX_PATH}:/home/adi/Desktop/RosProjects/install/my_py_pkg:/opt/ros/jazzy DEBUGINFOD_URLS=https://debuginfod.ubuntu.com /usr/bin/cmake --install /home/adi/Desktop/RosProjects/build/my_robot_description
[0.648s] -- Install configuration: ""
[0.648s] -- Installing: /home/adi/Desktop/RosProjects/install/my_robot_description/share/my_robot_description//urdf
[0.648s] -- Installing: /home/adi/Desktop/RosProjects/install/my_robot_description/share/my_robot_description//urdf/mobile_base.xacro
[0.648s] -- Installing: /home/adi/Desktop/RosProjects/install/my_robot_description/share/my_robot_description//urdf/my_robot.urdf.xacro
[0.648s] -- Installing: /home/adi/Desktop/RosProjects/install/my_robot_description/share/my_robot_description//urdf/robohand_gazebo.xacro
[0.649s] -- Installing: /home/adi/Desktop/RosProjects/install/my_robot_description/share/my_robot_description//urdf/common_properties.xacro
[0.649s] -- Installing: /home/adi/Desktop/RosProjects/install/my_robot_description/share/my_robot_description//urdf/mobile_base_gazebo.xacro
[0.649s] -- Installing: /home/adi/Desktop/RosProjects/install/my_robot_description/share/my_robot_description//urdf/camera.xacro
[0.649s] -- Installing: /home/adi/Desktop/RosProjects/install/my_robot_description/share/my_robot_description//urdf/arm.xacro
[0.649s] -- Installing: /home/adi/Desktop/RosProjects/install/my_robot_description/share/my_robot_description//urdf/standalone_arm.urdf.xacro
[0.649s] -- Installing: /home/adi/Desktop/RosProjects/install/my_robot_description/share/my_robot_description//launch
[0.650s] -- Installing: /home/adi/Desktop/RosProjects/install/my_robot_description/share/my_robot_description//launch/minimal.launch.xml
[0.650s] -- Installing: /home/adi/Desktop/RosProjects/install/my_robot_description/share/my_robot_description//launch/display.launch.xml
[0.650s] -- Installing: /home/adi/Desktop/RosProjects/install/my_robot_description/share/my_robot_description//launch/display.launch.py
[0.650s] -- Installing: /home/adi/Desktop/RosProjects/install/my_robot_description/share/my_robot_description//launch/displayrobohand.launch.xml
[0.650s] -- Installing: /home/adi/Desktop/RosProjects/install/my_robot_description/share/my_robot_description//rviz
[0.650s] -- Installing: /home/adi/Desktop/RosProjects/install/my_robot_description/share/my_robot_description//rviz/urdf_config_robohand.rviz
[0.651s] -- Installing: /home/adi/Desktop/RosProjects/install/my_robot_description/share/my_robot_description//rviz/urdf_config.rviz
[0.651s] -- Installing: /home/adi/Desktop/RosProjects/install/my_robot_description/share/ament_index/resource_index/package_run_dependencies/my_robot_description
[0.651s] -- Installing: /home/adi/Desktop/RosProjects/install/my_robot_description/share/ament_index/resource_index/parent_prefix_path/my_robot_description
[0.651s] -- Installing: /home/adi/Desktop/RosProjects/install/my_robot_description/share/my_robot_description/environment/ament_prefix_path.sh
[0.651s] -- Installing: /home/adi/Desktop/RosProjects/install/my_robot_description/share/my_robot_description/environment/ament_prefix_path.dsv
[0.651s] -- Installing: /home/adi/Desktop/RosProjects/install/my_robot_description/share/my_robot_description/environment/path.sh
[0.651s] -- Installing: /home/adi/Desktop/RosProjects/install/my_robot_description/share/my_robot_description/environment/path.dsv
[0.651s] -- Installing: /home/adi/Desktop/RosProjects/install/my_robot_description/share/my_robot_description/local_setup.bash
[0.651s] -- Installing: /home/adi/Desktop/RosProjects/install/my_robot_description/share/my_robot_description/local_setup.sh
[0.652s] -- Installing: /home/adi/Desktop/RosProjects/install/my_robot_description/share/my_robot_description/local_setup.zsh
[0.652s] -- Installing: /home/adi/Desktop/RosProjects/install/my_robot_description/share/my_robot_description/local_setup.dsv
[0.653s] -- Installing: /home/adi/Desktop/RosProjects/install/my_robot_description/share/my_robot_description/package.dsv
[0.653s] -- Installing: /home/adi/Desktop/RosProjects/install/my_robot_description/share/ament_index/resource_index/packages/my_robot_description
[0.653s] -- Installing: /home/adi/Desktop/RosProjects/install/my_robot_description/share/my_robot_description/cmake/my_robot_descriptionConfig.cmake
[0.653s] -- Installing: /home/adi/Desktop/RosProjects/install/my_robot_description/share/my_robot_description/cmake/my_robot_descriptionConfig-version.cmake
[0.653s] -- Installing: /home/adi/Desktop/RosProjects/install/my_robot_description/share/my_robot_description/package.xml
[0.653s] Invoked command in '/home/adi/Desktop/RosProjects/build/my_robot_description' returned '0': CMAKE_PREFIX_PATH=${CMAKE_PREFIX_PATH}:/home/adi/Desktop/RosProjects/install/my_py_pkg:/opt/ros/jazzy DEBUGINFOD_URLS=https://debuginfod.ubuntu.com /usr/bin/cmake --install /home/adi/Desktop/RosProjects/build/my_robot_description
