[0.019s] Invoking command in '/home/adi/RosProjects/build/my_robot_description': CMAKE_PREFIX_PATH=${CMAKE_PREFIX_PATH}:/home/adi/RosProjects/install/my_py_pkg:/opt/ros/jazzy DEBUGINFOD_URLS=https://debuginfod.ubuntu.com /usr/bin/cmake --build /home/adi/RosProjects/build/my_robot_description -- -j4 -l4
[0.118s] Invoked command in '/home/adi/RosProjects/build/my_robot_description' returned '0': CMAKE_PREFIX_PATH=${CMAKE_PREFIX_PATH}:/home/adi/RosProjects/install/my_py_pkg:/opt/ros/jazzy DEBUGINFOD_URLS=https://debuginfod.ubuntu.com /usr/bin/cmake --build /home/adi/RosProjects/build/my_robot_description -- -j4 -l4
[0.130s] Invoking command in '/home/adi/RosProjects/build/my_robot_description': CMAKE_PREFIX_PATH=${CMAKE_PREFIX_PATH}:/home/adi/RosProjects/install/my_py_pkg:/opt/ros/jazzy DEBUGINFOD_URLS=https://debuginfod.ubuntu.com /usr/bin/cmake --install /home/adi/RosProjects/build/my_robot_description
[0.142s] -- Install configuration: ""
[0.142s] -- Up-to-date: /home/adi/RosProjects/install/my_robot_description/share/my_robot_description//urdf
[0.142s] -- Up-to-date: /home/adi/RosProjects/install/my_robot_description/share/my_robot_description//urdf/my_robot.urdf.xacro
[0.142s] -- Installing: /home/adi/RosProjects/install/my_robot_description/share/my_robot_description//urdf/common_properties.xacro
[0.144s] -- Installing: /home/adi/RosProjects/install/my_robot_description/share/my_robot_description//urdf/mobile_base.xacro
[0.145s] -- Up-to-date: /home/adi/RosProjects/install/my_robot_description/share/my_robot_description//launch
[0.146s] -- Up-to-date: /home/adi/RosProjects/install/my_robot_description/share/my_robot_description//launch/display.launch.xml
[0.147s] -- Up-to-date: /home/adi/RosProjects/install/my_robot_description/share/my_robot_description//launch/display.launch.py
[0.147s] -- Up-to-date: /home/adi/RosProjects/install/my_robot_description/share/my_robot_description//rviz
[0.147s] -- Up-to-date: /home/adi/RosProjects/install/my_robot_description/share/my_robot_description//rviz/urdf_config.rviz
[0.147s] -- Up-to-date: /home/adi/RosProjects/install/my_robot_description/share/ament_index/resource_index/package_run_dependencies/my_robot_description
[0.147s] -- Up-to-date: /home/adi/RosProjects/install/my_robot_description/share/ament_index/resource_index/parent_prefix_path/my_robot_description
[0.147s] -- Up-to-date: /home/adi/RosProjects/install/my_robot_description/share/my_robot_description/environment/ament_prefix_path.sh
[0.147s] -- Up-to-date: /home/adi/RosProjects/install/my_robot_description/share/my_robot_description/environment/ament_prefix_path.dsv
[0.147s] -- Up-to-date: /home/adi/RosProjects/install/my_robot_description/share/my_robot_description/environment/path.sh
[0.147s] -- Up-to-date: /home/adi/RosProjects/install/my_robot_description/share/my_robot_description/environment/path.dsv
[0.147s] -- Up-to-date: /home/adi/RosProjects/install/my_robot_description/share/my_robot_description/local_setup.bash
[0.147s] -- Up-to-date: /home/adi/RosProjects/install/my_robot_description/share/my_robot_description/local_setup.sh
[0.147s] -- Up-to-date: /home/adi/RosProjects/install/my_robot_description/share/my_robot_description/local_setup.zsh
[0.147s] -- Up-to-date: /home/adi/RosProjects/install/my_robot_description/share/my_robot_description/local_setup.dsv
[0.147s] -- Installing: /home/adi/RosProjects/install/my_robot_description/share/my_robot_description/package.dsv
[0.148s] -- Up-to-date: /home/adi/RosProjects/install/my_robot_description/share/ament_index/resource_index/packages/my_robot_description
[0.148s] -- Up-to-date: /home/adi/RosProjects/install/my_robot_description/share/my_robot_description/cmake/my_robot_descriptionConfig.cmake
[0.148s] -- Up-to-date: /home/adi/RosProjects/install/my_robot_description/share/my_robot_description/cmake/my_robot_descriptionConfig-version.cmake
[0.148s] -- Up-to-date: /home/adi/RosProjects/install/my_robot_description/share/my_robot_description/package.xml
[0.154s] Invoked command in '/home/adi/RosProjects/build/my_robot_description' returned '0': CMAKE_PREFIX_PATH=${CMAKE_PREFIX_PATH}:/home/adi/RosProjects/install/my_py_pkg:/opt/ros/jazzy DEBUGINFOD_URLS=https://debuginfod.ubuntu.com /usr/bin/cmake --install /home/adi/RosProjects/build/my_robot_description
