-- The C compiler identification is GNU 13.3.0
-- The CXX compiler identification is GNU 13.3.0
-- Detecting C compiler ABI info
-- Detecting C compiler ABI info - done
-- Check for working C compiler: /usr/bin/cc - skipped
-- Detecting C compile features
-- Detecting C compile features - done
-- Detecting CXX compiler ABI info
-- Detecting CXX compiler ABI info - done
-- Check for working CXX compiler: /usr/bin/c++ - skipped
-- Detecting CXX compile features
-- Detecting CXX compile features - done
-- Found ament_cmake: 2.5.4 (/opt/ros/jazzy/share/ament_cmake/cmake)
-- Found Python3: /usr/bin/python3 (found version "3.12.3") found components: Interpreter 
-- Override CMake install command with custom implementation using symlinks instead of copying resources
-- Found rosidl_default_generators: 1.6.0 (/opt/ros/jazzy/share/rosidl_default_generators/cmake)
-- Using all available rosidl_typesupport_c: rosidl_typesupport_fastrtps_c;rosidl_typesupport_introspection_c
-- Using all available rosidl_typesupport_cpp: rosidl_typesupport_fastrtps_cpp;rosidl_typesupport_introspection_cpp
-- Found rosidl_adapter: 4.6.6 (/opt/ros/jazzy/share/rosidl_adapter/cmake)
-- Found ament_cmake_ros: 0.12.0 (/opt/ros/jazzy/share/ament_cmake_ros/cmake)
-- Using all available rosidl_typesupport_c: rosidl_typesupport_fastrtps_c;rosidl_typesupport_introspection_c
-- Using all available rosidl_typesupport_cpp: rosidl_typesupport_fastrtps_cpp;rosidl_typesupport_introspection_cpp
-- Found python_cmake_module: 0.11.1 (/opt/ros/jazzy/share/python_cmake_module/cmake)
-- Found PythonExtra: /usr/bin/python3  
-- Found Python3: /usr/bin/python3 (found version "3.12.3") found components: Interpreter Development NumPy Development.Module Development.Embed 
-- Configuring done (5.3s)
-- Generating done (0.1s)
-- Build files have been written to: /home/adi/RosProjects/build/my_robot_interfaces
[  1%] [34m[1mGenerating type hashes for ROS interfaces[0m
[  1%] Built target my_robot_interfaces__rosidl_generator_type_description
[  1%] Built target ament_cmake_python_symlink_my_robot_interfaces
[  2%] [34m[1mGenerating C code for ROS interfaces[0m
[  3%] [32mBuilding C object CMakeFiles/my_robot_interfaces__rosidl_generator_c.dir/rosidl_generator_c/my_robot_interfaces/msg/detail/hardware_status__description.c.o[0m
[  4%] [32mBuilding C object CMakeFiles/my_robot_interfaces__rosidl_generator_c.dir/rosidl_generator_c/my_robot_interfaces/msg/detail/hardware_status__functions.c.o[0m
[  5%] [32mBuilding C object CMakeFiles/my_robot_interfaces__rosidl_generator_c.dir/rosidl_generator_c/my_robot_interfaces/msg/detail/hardware_status__type_support.c.o[0m
[  7%] [32mBuilding C object CMakeFiles/my_robot_interfaces__rosidl_generator_c.dir/rosidl_generator_c/my_robot_interfaces/srv/detail/compute_rectangle_area__description.c.o[0m
[  8%] [32mBuilding C object CMakeFiles/my_robot_interfaces__rosidl_generator_c.dir/rosidl_generator_c/my_robot_interfaces/srv/detail/compute_rectangle_area__functions.c.o[0m
[  9%] [32mBuilding C object CMakeFiles/my_robot_interfaces__rosidl_generator_c.dir/rosidl_generator_c/my_robot_interfaces/srv/detail/compute_rectangle_area__type_support.c.o[0m
[ 10%] [32mBuilding C object CMakeFiles/my_robot_interfaces__rosidl_generator_c.dir/rosidl_generator_c/my_robot_interfaces/msg/detail/battery_status__description.c.o[0m
[ 11%] [32mBuilding C object CMakeFiles/my_robot_interfaces__rosidl_generator_c.dir/rosidl_generator_c/my_robot_interfaces/msg/detail/battery_status__functions.c.o[0m
[ 13%] [32mBuilding C object CMakeFiles/my_robot_interfaces__rosidl_generator_c.dir/rosidl_generator_c/my_robot_interfaces/msg/detail/battery_status__type_support.c.o[0m
[ 14%] [32mBuilding C object CMakeFiles/my_robot_interfaces__rosidl_generator_c.dir/rosidl_generator_c/my_robot_interfaces/srv/detail/set_led_status__description.c.o[0m
[ 15%] [32mBuilding C object CMakeFiles/my_robot_interfaces__rosidl_generator_c.dir/rosidl_generator_c/my_robot_interfaces/srv/detail/set_led_status__functions.c.o[0m
[ 16%] [32mBuilding C object CMakeFiles/my_robot_interfaces__rosidl_generator_c.dir/rosidl_generator_c/my_robot_interfaces/srv/detail/set_led_status__type_support.c.o[0m
[ 17%] [32mBuilding C object CMakeFiles/my_robot_interfaces__rosidl_generator_c.dir/rosidl_generator_c/my_robot_interfaces/action/detail/predator_movement__description.c.o[0m
[ 19%] [32mBuilding C object CMakeFiles/my_robot_interfaces__rosidl_generator_c.dir/rosidl_generator_c/my_robot_interfaces/action/detail/predator_movement__functions.c.o[0m
[ 20%] [32mBuilding C object CMakeFiles/my_robot_interfaces__rosidl_generator_c.dir/rosidl_generator_c/my_robot_interfaces/action/detail/predator_movement__type_support.c.o[0m
[ 21%] [32mBuilding C object CMakeFiles/my_robot_interfaces__rosidl_generator_c.dir/rosidl_generator_c/my_robot_interfaces/srv/detail/spawn_turtle__description.c.o[0m
[ 22%] [32mBuilding C object CMakeFiles/my_robot_interfaces__rosidl_generator_c.dir/rosidl_generator_c/my_robot_interfaces/srv/detail/spawn_turtle__functions.c.o[0m
[ 23%] [32mBuilding C object CMakeFiles/my_robot_interfaces__rosidl_generator_c.dir/rosidl_generator_c/my_robot_interfaces/srv/detail/spawn_turtle__type_support.c.o[0m
[ 25%] [32m[1mLinking C shared library libmy_robot_interfaces__rosidl_generator_c.so[0m
[ 25%] Built target my_robot_interfaces__rosidl_generator_c
running egg_info
creating my_robot_interfaces.egg-info
writing my_robot_interfaces.egg-info/PKG-INFO
writing dependency_links to my_robot_interfaces.egg-info/dependency_links.txt
writing top-level names to my_robot_interfaces.egg-info/top_level.txt
writing manifest file 'my_robot_interfaces.egg-info/SOURCES.txt'
reading manifest file 'my_robot_interfaces.egg-info/SOURCES.txt'
writing manifest file 'my_robot_interfaces.egg-info/SOURCES.txt'
[ 25%] Built target ament_cmake_python_build_my_robot_interfaces_egg
[ 26%] [34m[1mGenerating C introspection for ROS interfaces[0m
[ 27%] [32mBuilding C object CMakeFiles/my_robot_interfaces__rosidl_typesupport_introspection_c.dir/rosidl_typesupport_introspection_c/my_robot_interfaces/msg/detail/hardware_status__type_support.c.o[0m
[ 28%] [32mBuilding C object CMakeFiles/my_robot_interfaces__rosidl_typesupport_introspection_c.dir/rosidl_typesupport_introspection_c/my_robot_interfaces/srv/detail/compute_rectangle_area__type_support.c.o[0m
[ 29%] [32mBuilding C object CMakeFiles/my_robot_interfaces__rosidl_typesupport_introspection_c.dir/rosidl_typesupport_introspection_c/my_robot_interfaces/msg/detail/battery_status__type_support.c.o[0m
[ 30%] [32mBuilding C object CMakeFiles/my_robot_interfaces__rosidl_typesupport_introspection_c.dir/rosidl_typesupport_introspection_c/my_robot_interfaces/srv/detail/set_led_status__type_support.c.o[0m
[ 32%] [32mBuilding C object CMakeFiles/my_robot_interfaces__rosidl_typesupport_introspection_c.dir/rosidl_typesupport_introspection_c/my_robot_interfaces/action/detail/predator_movement__type_support.c.o[0m
[ 33%] [32mBuilding C object CMakeFiles/my_robot_interfaces__rosidl_typesupport_introspection_c.dir/rosidl_typesupport_introspection_c/my_robot_interfaces/srv/detail/spawn_turtle__type_support.c.o[0m
[ 34%] [32m[1mLinking C shared library libmy_robot_interfaces__rosidl_typesupport_introspection_c.so[0m
[ 34%] Built target my_robot_interfaces__rosidl_typesupport_introspection_c
[ 35%] [34m[1mGenerating C type support dispatch for ROS interfaces[0m
[ 36%] [32mBuilding CXX object CMakeFiles/my_robot_interfaces__rosidl_typesupport_c.dir/rosidl_typesupport_c/my_robot_interfaces/msg/hardware_status__type_support.cpp.o[0m
[ 38%] [32mBuilding CXX object CMakeFiles/my_robot_interfaces__rosidl_typesupport_c.dir/rosidl_typesupport_c/my_robot_interfaces/srv/compute_rectangle_area__type_support.cpp.o[0m
[ 39%] [32mBuilding CXX object CMakeFiles/my_robot_interfaces__rosidl_typesupport_c.dir/rosidl_typesupport_c/my_robot_interfaces/msg/battery_status__type_support.cpp.o[0m
[ 40%] [32mBuilding CXX object CMakeFiles/my_robot_interfaces__rosidl_typesupport_c.dir/rosidl_typesupport_c/my_robot_interfaces/srv/set_led_status__type_support.cpp.o[0m
[ 41%] [32mBuilding CXX object CMakeFiles/my_robot_interfaces__rosidl_typesupport_c.dir/rosidl_typesupport_c/my_robot_interfaces/action/predator_movement__type_support.cpp.o[0m
[ 42%] [32mBuilding CXX object CMakeFiles/my_robot_interfaces__rosidl_typesupport_c.dir/rosidl_typesupport_c/my_robot_interfaces/srv/spawn_turtle__type_support.cpp.o[0m
[ 44%] [32m[1mLinking CXX shared library libmy_robot_interfaces__rosidl_typesupport_c.so[0m
[ 44%] Built target my_robot_interfaces__rosidl_typesupport_c
[ 45%] [34m[1mGenerating C type support for eProsima Fast-RTPS[0m
[ 46%] [32mBuilding CXX object CMakeFiles/my_robot_interfaces__rosidl_typesupport_fastrtps_c.dir/rosidl_typesupport_fastrtps_c/my_robot_interfaces/msg/detail/hardware_status__type_support_c.cpp.o[0m
[ 47%] [32mBuilding CXX object CMakeFiles/my_robot_interfaces__rosidl_typesupport_fastrtps_c.dir/rosidl_typesupport_fastrtps_c/my_robot_interfaces/msg/detail/battery_status__type_support_c.cpp.o[0m
[ 48%] [32mBuilding CXX object CMakeFiles/my_robot_interfaces__rosidl_typesupport_fastrtps_c.dir/rosidl_typesupport_fastrtps_c/my_robot_interfaces/srv/detail/set_led_status__type_support_c.cpp.o[0m
[ 50%] [32mBuilding CXX object CMakeFiles/my_robot_interfaces__rosidl_typesupport_fastrtps_c.dir/rosidl_typesupport_fastrtps_c/my_robot_interfaces/action/detail/predator_movement__type_support_c.cpp.o[0m
[ 51%] [32mBuilding CXX object CMakeFiles/my_robot_interfaces__rosidl_typesupport_fastrtps_c.dir/rosidl_typesupport_fastrtps_c/my_robot_interfaces/srv/detail/spawn_turtle__type_support_c.cpp.o[0m
[ 52%] [32mBuilding CXX object CMakeFiles/my_robot_interfaces__rosidl_typesupport_fastrtps_c.dir/rosidl_typesupport_fastrtps_c/my_robot_interfaces/srv/detail/compute_rectangle_area__type_support_c.cpp.o[0m
[ 53%] [32m[1mLinking CXX shared library libmy_robot_interfaces__rosidl_typesupport_fastrtps_c.so[0m
[ 53%] Built target my_robot_interfaces__rosidl_typesupport_fastrtps_c
[ 54%] [34m[1mGenerating C++ code for ROS interfaces[0m
[ 54%] Built target my_robot_interfaces__cpp
[ 55%] [34m[1mGenerating C++ type support dispatch for ROS interfaces[0m
[ 57%] [32mBuilding CXX object CMakeFiles/my_robot_interfaces__rosidl_typesupport_cpp.dir/rosidl_typesupport_cpp/my_robot_interfaces/msg/hardware_status__type_support.cpp.o[0m
[ 58%] [32mBuilding CXX object CMakeFiles/my_robot_interfaces__rosidl_typesupport_cpp.dir/rosidl_typesupport_cpp/my_robot_interfaces/srv/compute_rectangle_area__type_support.cpp.o[0m
[ 59%] [32mBuilding CXX object CMakeFiles/my_robot_interfaces__rosidl_typesupport_cpp.dir/rosidl_typesupport_cpp/my_robot_interfaces/msg/battery_status__type_support.cpp.o[0m
[ 60%] [32mBuilding CXX object CMakeFiles/my_robot_interfaces__rosidl_typesupport_cpp.dir/rosidl_typesupport_cpp/my_robot_interfaces/srv/set_led_status__type_support.cpp.o[0m
[ 61%] [32mBuilding CXX object CMakeFiles/my_robot_interfaces__rosidl_typesupport_cpp.dir/rosidl_typesupport_cpp/my_robot_interfaces/action/predator_movement__type_support.cpp.o[0m
[ 63%] [32mBuilding CXX object CMakeFiles/my_robot_interfaces__rosidl_typesupport_cpp.dir/rosidl_typesupport_cpp/my_robot_interfaces/srv/spawn_turtle__type_support.cpp.o[0m
[ 64%] [32m[1mLinking CXX shared library libmy_robot_interfaces__rosidl_typesupport_cpp.so[0m
[ 64%] Built target my_robot_interfaces__rosidl_typesupport_cpp
[ 65%] [34m[1mGenerating C++ introspection for ROS interfaces[0m
[ 66%] [32mBuilding CXX object CMakeFiles/my_robot_interfaces__rosidl_typesupport_introspection_cpp.dir/rosidl_typesupport_introspection_cpp/my_robot_interfaces/msg/detail/hardware_status__type_support.cpp.o[0m
[ 67%] [32mBuilding CXX object CMakeFiles/my_robot_interfaces__rosidl_typesupport_introspection_cpp.dir/rosidl_typesupport_introspection_cpp/my_robot_interfaces/msg/detail/battery_status__type_support.cpp.o[0m
[ 69%] [32mBuilding CXX object CMakeFiles/my_robot_interfaces__rosidl_typesupport_introspection_cpp.dir/rosidl_typesupport_introspection_cpp/my_robot_interfaces/srv/detail/set_led_status__type_support.cpp.o[0m
[ 70%] [32mBuilding CXX object CMakeFiles/my_robot_interfaces__rosidl_typesupport_introspection_cpp.dir/rosidl_typesupport_introspection_cpp/my_robot_interfaces/action/detail/predator_movement__type_support.cpp.o[0m
[ 71%] [32mBuilding CXX object CMakeFiles/my_robot_interfaces__rosidl_typesupport_introspection_cpp.dir/rosidl_typesupport_introspection_cpp/my_robot_interfaces/srv/detail/spawn_turtle__type_support.cpp.o[0m
[ 72%] [32mBuilding CXX object CMakeFiles/my_robot_interfaces__rosidl_typesupport_introspection_cpp.dir/rosidl_typesupport_introspection_cpp/my_robot_interfaces/srv/detail/compute_rectangle_area__type_support.cpp.o[0m
[ 73%] [32m[1mLinking CXX shared library libmy_robot_interfaces__rosidl_typesupport_introspection_cpp.so[0m
[ 73%] Built target my_robot_interfaces__rosidl_typesupport_introspection_cpp
[ 75%] [34m[1mGenerating C++ type support for eProsima Fast-RTPS[0m
[ 76%] [32mBuilding CXX object CMakeFiles/my_robot_interfaces__rosidl_typesupport_fastrtps_cpp.dir/rosidl_typesupport_fastrtps_cpp/my_robot_interfaces/msg/detail/dds_fastrtps/hardware_status__type_support.cpp.o[0m
[ 77%] [32mBuilding CXX object CMakeFiles/my_robot_interfaces__rosidl_typesupport_fastrtps_cpp.dir/rosidl_typesupport_fastrtps_cpp/my_robot_interfaces/srv/detail/dds_fastrtps/set_led_status__type_support.cpp.o[0m
[ 78%] [32mBuilding CXX object CMakeFiles/my_robot_interfaces__rosidl_typesupport_fastrtps_cpp.dir/rosidl_typesupport_fastrtps_cpp/my_robot_interfaces/action/detail/dds_fastrtps/predator_movement__type_support.cpp.o[0m
[ 79%] [32mBuilding CXX object CMakeFiles/my_robot_interfaces__rosidl_typesupport_fastrtps_cpp.dir/rosidl_typesupport_fastrtps_cpp/my_robot_interfaces/srv/detail/dds_fastrtps/spawn_turtle__type_support.cpp.o[0m
[ 80%] [32mBuilding CXX object CMakeFiles/my_robot_interfaces__rosidl_typesupport_fastrtps_cpp.dir/rosidl_typesupport_fastrtps_cpp/my_robot_interfaces/msg/detail/dds_fastrtps/battery_status__type_support.cpp.o[0m
[ 82%] [32mBuilding CXX object CMakeFiles/my_robot_interfaces__rosidl_typesupport_fastrtps_cpp.dir/rosidl_typesupport_fastrtps_cpp/my_robot_interfaces/srv/detail/dds_fastrtps/compute_rectangle_area__type_support.cpp.o[0m
[ 83%] [32m[1mLinking CXX shared library libmy_robot_interfaces__rosidl_typesupport_fastrtps_cpp.so[0m
[ 83%] Built target my_robot_interfaces__rosidl_typesupport_fastrtps_cpp
[ 83%] Built target my_robot_interfaces
[ 84%] [34m[1mGenerating Python code for ROS interfaces[0m
[ 84%] Built target my_robot_interfaces__py
[ 85%] [32mBuilding C object CMakeFiles/my_robot_interfaces__rosidl_generator_py.dir/rosidl_generator_py/my_robot_interfaces/msg/_hardware_status_s.c.o[0m
[ 86%] [32mBuilding C object CMakeFiles/my_robot_interfaces__rosidl_generator_py.dir/rosidl_generator_py/my_robot_interfaces/srv/_set_led_status_s.c.o[0m
[ 88%] [32mBuilding C object CMakeFiles/my_robot_interfaces__rosidl_generator_py.dir/rosidl_generator_py/my_robot_interfaces/action/_predator_movement_s.c.o[0m
[ 89%] [32mBuilding C object CMakeFiles/my_robot_interfaces__rosidl_generator_py.dir/rosidl_generator_py/my_robot_interfaces/srv/_spawn_turtle_s.c.o[0m
[ 90%] [32mBuilding C object CMakeFiles/my_robot_interfaces__rosidl_generator_py.dir/rosidl_generator_py/my_robot_interfaces/msg/_battery_status_s.c.o[0m
[ 91%] [32mBuilding C object CMakeFiles/my_robot_interfaces__rosidl_generator_py.dir/rosidl_generator_py/my_robot_interfaces/srv/_compute_rectangle_area_s.c.o[0m
[ 92%] [32m[1mLinking C shared library libmy_robot_interfaces__rosidl_generator_py.so[0m
[ 92%] Built target my_robot_interfaces__rosidl_generator_py
[ 94%] [32mBuilding C object CMakeFiles/my_robot_interfaces_s__rosidl_typesupport_fastrtps_c.dir/rosidl_generator_py/my_robot_interfaces/_my_robot_interfaces_s.ep.rosidl_typesupport_fastrtps_c.c.o[0m
[ 95%] [32m[1mLinking C shared module rosidl_generator_py/my_robot_interfaces/my_robot_interfaces_s__rosidl_typesupport_fastrtps_c.so[0m
[ 95%] Built target my_robot_interfaces_s__rosidl_typesupport_fastrtps_c
[ 96%] [32mBuilding C object CMakeFiles/my_robot_interfaces_s__rosidl_typesupport_c.dir/rosidl_generator_py/my_robot_interfaces/_my_robot_interfaces_s.ep.rosidl_typesupport_c.c.o[0m
[ 97%] [32m[1mLinking C shared module rosidl_generator_py/my_robot_interfaces/my_robot_interfaces_s__rosidl_typesupport_c.so[0m
[ 97%] Built target my_robot_interfaces_s__rosidl_typesupport_c
[ 98%] [32mBuilding C object CMakeFiles/my_robot_interfaces_s__rosidl_typesupport_introspection_c.dir/rosidl_generator_py/my_robot_interfaces/_my_robot_interfaces_s.ep.rosidl_typesupport_introspection_c.c.o[0m
[100%] [32m[1mLinking C shared module rosidl_generator_py/my_robot_interfaces/my_robot_interfaces_s__rosidl_typesupport_introspection_c.so[0m
[100%] Built target my_robot_interfaces_s__rosidl_typesupport_introspection_c
-- Install configuration: ""
-- Execute custom install script
-- Symlinking: /home/adi/RosProjects/install/my_robot_interfaces/share/ament_index/resource_index/rosidl_interfaces/my_robot_interfaces
-- Symlinking: /home/adi/RosProjects/install/my_robot_interfaces/share/my_robot_interfaces/msg/HardwareStatus.json
-- Symlinking: /home/adi/RosProjects/install/my_robot_interfaces/share/my_robot_interfaces/srv/ComputeRectangleArea.json
-- Symlinking: /home/adi/RosProjects/install/my_robot_interfaces/share/my_robot_interfaces/msg/BatteryStatus.json
-- Symlinking: /home/adi/RosProjects/install/my_robot_interfaces/share/my_robot_interfaces/srv/SetLedStatus.json
-- Symlinking: /home/adi/RosProjects/install/my_robot_interfaces/share/my_robot_interfaces/action/PredatorMovement.json
-- Symlinking: /home/adi/RosProjects/install/my_robot_interfaces/share/my_robot_interfaces/srv/SpawnTurtle.json
-- Symlinking: /home/adi/RosProjects/install/my_robot_interfaces/include/my_robot_interfaces/my_robot_interfaces/action/detail/predator_movement__functions.h
-- Symlinking: /home/adi/RosProjects/install/my_robot_interfaces/include/my_robot_interfaces/my_robot_interfaces/action/detail/predator_movement__struct.h
-- Symlinking: /home/adi/RosProjects/install/my_robot_interfaces/include/my_robot_interfaces/my_robot_interfaces/action/detail/predator_movement__type_support.h
-- Symlinking: /home/adi/RosProjects/install/my_robot_interfaces/include/my_robot_interfaces/my_robot_interfaces/action/predator_movement.h
-- Symlinking: /home/adi/RosProjects/install/my_robot_interfaces/include/my_robot_interfaces/my_robot_interfaces/msg/battery_status.h
-- Symlinking: /home/adi/RosProjects/install/my_robot_interfaces/include/my_robot_interfaces/my_robot_interfaces/msg/detail/battery_status__functions.h
-- Symlinking: /home/adi/RosProjects/install/my_robot_interfaces/include/my_robot_interfaces/my_robot_interfaces/msg/detail/battery_status__struct.h
-- Symlinking: /home/adi/RosProjects/install/my_robot_interfaces/include/my_robot_interfaces/my_robot_interfaces/msg/detail/battery_status__type_support.h
-- Symlinking: /home/adi/RosProjects/install/my_robot_interfaces/include/my_robot_interfaces/my_robot_interfaces/msg/detail/hardware_status__functions.h
-- Symlinking: /home/adi/RosProjects/install/my_robot_interfaces/include/my_robot_interfaces/my_robot_interfaces/msg/detail/hardware_status__struct.h
-- Symlinking: /home/adi/RosProjects/install/my_robot_interfaces/include/my_robot_interfaces/my_robot_interfaces/msg/detail/hardware_status__type_support.h
-- Symlinking: /home/adi/RosProjects/install/my_robot_interfaces/include/my_robot_interfaces/my_robot_interfaces/msg/hardware_status.h
-- Symlinking: /home/adi/RosProjects/install/my_robot_interfaces/include/my_robot_interfaces/my_robot_interfaces/msg/rosidl_generator_c__visibility_control.h
-- Symlinking: /home/adi/RosProjects/install/my_robot_interfaces/include/my_robot_interfaces/my_robot_interfaces/srv/compute_rectangle_area.h
-- Symlinking: /home/adi/RosProjects/install/my_robot_interfaces/include/my_robot_interfaces/my_robot_interfaces/srv/detail/compute_rectangle_area__functions.h
-- Symlinking: /home/adi/RosProjects/install/my_robot_interfaces/include/my_robot_interfaces/my_robot_interfaces/srv/detail/compute_rectangle_area__struct.h
-- Symlinking: /home/adi/RosProjects/install/my_robot_interfaces/include/my_robot_interfaces/my_robot_interfaces/srv/detail/compute_rectangle_area__type_support.h
-- Symlinking: /home/adi/RosProjects/install/my_robot_interfaces/include/my_robot_interfaces/my_robot_interfaces/srv/detail/set_led_status__functions.h
-- Symlinking: /home/adi/RosProjects/install/my_robot_interfaces/include/my_robot_interfaces/my_robot_interfaces/srv/detail/set_led_status__struct.h
-- Symlinking: /home/adi/RosProjects/install/my_robot_interfaces/include/my_robot_interfaces/my_robot_interfaces/srv/detail/set_led_status__type_support.h
-- Symlinking: /home/adi/RosProjects/install/my_robot_interfaces/include/my_robot_interfaces/my_robot_interfaces/srv/detail/spawn_turtle__functions.h
-- Symlinking: /home/adi/RosProjects/install/my_robot_interfaces/include/my_robot_interfaces/my_robot_interfaces/srv/detail/spawn_turtle__struct.h
-- Symlinking: /home/adi/RosProjects/install/my_robot_interfaces/include/my_robot_interfaces/my_robot_interfaces/srv/detail/spawn_turtle__type_support.h
-- Symlinking: /home/adi/RosProjects/install/my_robot_interfaces/include/my_robot_interfaces/my_robot_interfaces/srv/set_led_status.h
-- Symlinking: /home/adi/RosProjects/install/my_robot_interfaces/include/my_robot_interfaces/my_robot_interfaces/srv/spawn_turtle.h
-- Symlinking: /home/adi/RosProjects/install/my_robot_interfaces/share/my_robot_interfaces/environment/library_path.sh
-- Symlinking: /home/adi/RosProjects/install/my_robot_interfaces/share/my_robot_interfaces/environment/library_path.dsv
-- Symlinking: /home/adi/RosProjects/install/my_robot_interfaces/include/my_robot_interfaces/my_robot_interfaces/action/detail/predator_movement__rosidl_typesupport_fastrtps_c.h
-- Symlinking: /home/adi/RosProjects/install/my_robot_interfaces/include/my_robot_interfaces/my_robot_interfaces/msg/detail/battery_status__rosidl_typesupport_fastrtps_c.h
-- Symlinking: /home/adi/RosProjects/install/my_robot_interfaces/include/my_robot_interfaces/my_robot_interfaces/msg/detail/hardware_status__rosidl_typesupport_fastrtps_c.h
-- Symlinking: /home/adi/RosProjects/install/my_robot_interfaces/include/my_robot_interfaces/my_robot_interfaces/msg/rosidl_typesupport_fastrtps_c__visibility_control.h
-- Symlinking: /home/adi/RosProjects/install/my_robot_interfaces/include/my_robot_interfaces/my_robot_interfaces/srv/detail/compute_rectangle_area__rosidl_typesupport_fastrtps_c.h
-- Symlinking: /home/adi/RosProjects/install/my_robot_interfaces/include/my_robot_interfaces/my_robot_interfaces/srv/detail/set_led_status__rosidl_typesupport_fastrtps_c.h
-- Symlinking: /home/adi/RosProjects/install/my_robot_interfaces/include/my_robot_interfaces/my_robot_interfaces/srv/detail/spawn_turtle__rosidl_typesupport_fastrtps_c.h
-- Symlinking: /home/adi/RosProjects/install/my_robot_interfaces/include/my_robot_interfaces/my_robot_interfaces/action/detail/predator_movement__rosidl_typesupport_introspection_c.h
-- Symlinking: /home/adi/RosProjects/install/my_robot_interfaces/include/my_robot_interfaces/my_robot_interfaces/msg/detail/battery_status__rosidl_typesupport_introspection_c.h
-- Symlinking: /home/adi/RosProjects/install/my_robot_interfaces/include/my_robot_interfaces/my_robot_interfaces/msg/detail/hardware_status__rosidl_typesupport_introspection_c.h
-- Symlinking: /home/adi/RosProjects/install/my_robot_interfaces/include/my_robot_interfaces/my_robot_interfaces/msg/rosidl_typesupport_introspection_c__visibility_control.h
-- Symlinking: /home/adi/RosProjects/install/my_robot_interfaces/include/my_robot_interfaces/my_robot_interfaces/srv/detail/compute_rectangle_area__rosidl_typesupport_introspection_c.h
-- Symlinking: /home/adi/RosProjects/install/my_robot_interfaces/include/my_robot_interfaces/my_robot_interfaces/srv/detail/set_led_status__rosidl_typesupport_introspection_c.h
-- Symlinking: /home/adi/RosProjects/install/my_robot_interfaces/include/my_robot_interfaces/my_robot_interfaces/srv/detail/spawn_turtle__rosidl_typesupport_introspection_c.h
-- Symlinking: /home/adi/RosProjects/install/my_robot_interfaces/include/my_robot_interfaces/my_robot_interfaces/action/detail/predator_movement__builder.hpp
-- Symlinking: /home/adi/RosProjects/install/my_robot_interfaces/include/my_robot_interfaces/my_robot_interfaces/action/detail/predator_movement__struct.hpp
-- Symlinking: /home/adi/RosProjects/install/my_robot_interfaces/include/my_robot_interfaces/my_robot_interfaces/action/detail/predator_movement__traits.hpp
-- Symlinking: /home/adi/RosProjects/install/my_robot_interfaces/include/my_robot_interfaces/my_robot_interfaces/action/detail/predator_movement__type_support.hpp
-- Symlinking: /home/adi/RosProjects/install/my_robot_interfaces/include/my_robot_interfaces/my_robot_interfaces/action/predator_movement.hpp
-- Symlinking: /home/adi/RosProjects/install/my_robot_interfaces/include/my_robot_interfaces/my_robot_interfaces/msg/battery_status.hpp
-- Symlinking: /home/adi/RosProjects/install/my_robot_interfaces/include/my_robot_interfaces/my_robot_interfaces/msg/detail/battery_status__builder.hpp
-- Symlinking: /home/adi/RosProjects/install/my_robot_interfaces/include/my_robot_interfaces/my_robot_interfaces/msg/detail/battery_status__struct.hpp
-- Symlinking: /home/adi/RosProjects/install/my_robot_interfaces/include/my_robot_interfaces/my_robot_interfaces/msg/detail/battery_status__traits.hpp
-- Symlinking: /home/adi/RosProjects/install/my_robot_interfaces/include/my_robot_interfaces/my_robot_interfaces/msg/detail/battery_status__type_support.hpp
-- Symlinking: /home/adi/RosProjects/install/my_robot_interfaces/include/my_robot_interfaces/my_robot_interfaces/msg/detail/hardware_status__builder.hpp
-- Symlinking: /home/adi/RosProjects/install/my_robot_interfaces/include/my_robot_interfaces/my_robot_interfaces/msg/detail/hardware_status__struct.hpp
-- Symlinking: /home/adi/RosProjects/install/my_robot_interfaces/include/my_robot_interfaces/my_robot_interfaces/msg/detail/hardware_status__traits.hpp
-- Symlinking: /home/adi/RosProjects/install/my_robot_interfaces/include/my_robot_interfaces/my_robot_interfaces/msg/detail/hardware_status__type_support.hpp
-- Symlinking: /home/adi/RosProjects/install/my_robot_interfaces/include/my_robot_interfaces/my_robot_interfaces/msg/hardware_status.hpp
-- Symlinking: /home/adi/RosProjects/install/my_robot_interfaces/include/my_robot_interfaces/my_robot_interfaces/msg/rosidl_generator_cpp__visibility_control.hpp
-- Symlinking: /home/adi/RosProjects/install/my_robot_interfaces/include/my_robot_interfaces/my_robot_interfaces/srv/compute_rectangle_area.hpp
-- Symlinking: /home/adi/RosProjects/install/my_robot_interfaces/include/my_robot_interfaces/my_robot_interfaces/srv/detail/compute_rectangle_area__builder.hpp
-- Symlinking: /home/adi/RosProjects/install/my_robot_interfaces/include/my_robot_interfaces/my_robot_interfaces/srv/detail/compute_rectangle_area__struct.hpp
-- Symlinking: /home/adi/RosProjects/install/my_robot_interfaces/include/my_robot_interfaces/my_robot_interfaces/srv/detail/compute_rectangle_area__traits.hpp
-- Symlinking: /home/adi/RosProjects/install/my_robot_interfaces/include/my_robot_interfaces/my_robot_interfaces/srv/detail/compute_rectangle_area__type_support.hpp
-- Symlinking: /home/adi/RosProjects/install/my_robot_interfaces/include/my_robot_interfaces/my_robot_interfaces/srv/detail/set_led_status__builder.hpp
-- Symlinking: /home/adi/RosProjects/install/my_robot_interfaces/include/my_robot_interfaces/my_robot_interfaces/srv/detail/set_led_status__struct.hpp
-- Symlinking: /home/adi/RosProjects/install/my_robot_interfaces/include/my_robot_interfaces/my_robot_interfaces/srv/detail/set_led_status__traits.hpp
-- Symlinking: /home/adi/RosProjects/install/my_robot_interfaces/include/my_robot_interfaces/my_robot_interfaces/srv/detail/set_led_status__type_support.hpp
-- Symlinking: /home/adi/RosProjects/install/my_robot_interfaces/include/my_robot_interfaces/my_robot_interfaces/srv/detail/spawn_turtle__builder.hpp
-- Symlinking: /home/adi/RosProjects/install/my_robot_interfaces/include/my_robot_interfaces/my_robot_interfaces/srv/detail/spawn_turtle__struct.hpp
-- Symlinking: /home/adi/RosProjects/install/my_robot_interfaces/include/my_robot_interfaces/my_robot_interfaces/srv/detail/spawn_turtle__traits.hpp
-- Symlinking: /home/adi/RosProjects/install/my_robot_interfaces/include/my_robot_interfaces/my_robot_interfaces/srv/detail/spawn_turtle__type_support.hpp
-- Symlinking: /home/adi/RosProjects/install/my_robot_interfaces/include/my_robot_interfaces/my_robot_interfaces/srv/set_led_status.hpp
-- Symlinking: /home/adi/RosProjects/install/my_robot_interfaces/include/my_robot_interfaces/my_robot_interfaces/srv/spawn_turtle.hpp
-- Symlinking: /home/adi/RosProjects/install/my_robot_interfaces/include/my_robot_interfaces/my_robot_interfaces/action/detail/predator_movement__rosidl_typesupport_fastrtps_cpp.hpp
-- Symlinking: /home/adi/RosProjects/install/my_robot_interfaces/include/my_robot_interfaces/my_robot_interfaces/msg/detail/battery_status__rosidl_typesupport_fastrtps_cpp.hpp
-- Symlinking: /home/adi/RosProjects/install/my_robot_interfaces/include/my_robot_interfaces/my_robot_interfaces/msg/detail/hardware_status__rosidl_typesupport_fastrtps_cpp.hpp
-- Symlinking: /home/adi/RosProjects/install/my_robot_interfaces/include/my_robot_interfaces/my_robot_interfaces/msg/rosidl_typesupport_fastrtps_cpp__visibility_control.h
-- Symlinking: /home/adi/RosProjects/install/my_robot_interfaces/include/my_robot_interfaces/my_robot_interfaces/srv/detail/compute_rectangle_area__rosidl_typesupport_fastrtps_cpp.hpp
-- Symlinking: /home/adi/RosProjects/install/my_robot_interfaces/include/my_robot_interfaces/my_robot_interfaces/srv/detail/set_led_status__rosidl_typesupport_fastrtps_cpp.hpp
-- Symlinking: /home/adi/RosProjects/install/my_robot_interfaces/include/my_robot_interfaces/my_robot_interfaces/srv/detail/spawn_turtle__rosidl_typesupport_fastrtps_cpp.hpp
-- Symlinking: /home/adi/RosProjects/install/my_robot_interfaces/include/my_robot_interfaces/my_robot_interfaces/action/detail/predator_movement__rosidl_typesupport_introspection_cpp.hpp
-- Symlinking: /home/adi/RosProjects/install/my_robot_interfaces/include/my_robot_interfaces/my_robot_interfaces/msg/detail/battery_status__rosidl_typesupport_introspection_cpp.hpp
-- Symlinking: /home/adi/RosProjects/install/my_robot_interfaces/include/my_robot_interfaces/my_robot_interfaces/msg/detail/hardware_status__rosidl_typesupport_introspection_cpp.hpp
-- Symlinking: /home/adi/RosProjects/install/my_robot_interfaces/include/my_robot_interfaces/my_robot_interfaces/srv/detail/compute_rectangle_area__rosidl_typesupport_introspection_cpp.hpp
-- Symlinking: /home/adi/RosProjects/install/my_robot_interfaces/include/my_robot_interfaces/my_robot_interfaces/srv/detail/set_led_status__rosidl_typesupport_introspection_cpp.hpp
-- Symlinking: /home/adi/RosProjects/install/my_robot_interfaces/include/my_robot_interfaces/my_robot_interfaces/srv/detail/spawn_turtle__rosidl_typesupport_introspection_cpp.hpp
-- Symlinking: /home/adi/RosProjects/install/my_robot_interfaces/share/my_robot_interfaces/environment/pythonpath.sh
-- Symlinking: /home/adi/RosProjects/install/my_robot_interfaces/share/my_robot_interfaces/environment/pythonpath.dsv
-- Symlinking: /home/adi/RosProjects/install/my_robot_interfaces/lib/python3.12/site-packages/my_robot_interfaces-0.0.0-py3.12.egg-info/PKG-INFO
-- Symlinking: /home/adi/RosProjects/install/my_robot_interfaces/lib/python3.12/site-packages/my_robot_interfaces-0.0.0-py3.12.egg-info/SOURCES.txt
-- Symlinking: /home/adi/RosProjects/install/my_robot_interfaces/lib/python3.12/site-packages/my_robot_interfaces-0.0.0-py3.12.egg-info/dependency_links.txt
-- Symlinking: /home/adi/RosProjects/install/my_robot_interfaces/lib/python3.12/site-packages/my_robot_interfaces-0.0.0-py3.12.egg-info/top_level.txt
-- Symlinking: /home/adi/RosProjects/install/my_robot_interfaces/lib/python3.12/site-packages/my_robot_interfaces/__init__.py
-- Symlinking: /home/adi/RosProjects/install/my_robot_interfaces/lib/python3.12/site-packages/my_robot_interfaces/_my_robot_interfaces_s.ep.rosidl_typesupport_c.c
-- Symlinking: /home/adi/RosProjects/install/my_robot_interfaces/lib/python3.12/site-packages/my_robot_interfaces/_my_robot_interfaces_s.ep.rosidl_typesupport_fastrtps_c.c
-- Symlinking: /home/adi/RosProjects/install/my_robot_interfaces/lib/python3.12/site-packages/my_robot_interfaces/_my_robot_interfaces_s.ep.rosidl_typesupport_introspection_c.c
-- Symlinking: /home/adi/RosProjects/install/my_robot_interfaces/lib/python3.12/site-packages/my_robot_interfaces/action/__init__.py
-- Symlinking: /home/adi/RosProjects/install/my_robot_interfaces/lib/python3.12/site-packages/my_robot_interfaces/action/_predator_movement.py
-- Symlinking: /home/adi/RosProjects/install/my_robot_interfaces/lib/python3.12/site-packages/my_robot_interfaces/action/_predator_movement_s.c
-- Symlinking: /home/adi/RosProjects/install/my_robot_interfaces/lib/python3.12/site-packages/my_robot_interfaces/msg/__init__.py
-- Symlinking: /home/adi/RosProjects/install/my_robot_interfaces/lib/python3.12/site-packages/my_robot_interfaces/msg/_battery_status.py
-- Symlinking: /home/adi/RosProjects/install/my_robot_interfaces/lib/python3.12/site-packages/my_robot_interfaces/msg/_battery_status_s.c
-- Symlinking: /home/adi/RosProjects/install/my_robot_interfaces/lib/python3.12/site-packages/my_robot_interfaces/msg/_hardware_status.py
-- Symlinking: /home/adi/RosProjects/install/my_robot_interfaces/lib/python3.12/site-packages/my_robot_interfaces/msg/_hardware_status_s.c
-- Symlinking: /home/adi/RosProjects/install/my_robot_interfaces/lib/python3.12/site-packages/my_robot_interfaces/my_robot_interfaces_s__rosidl_typesupport_c.so
-- Symlinking: /home/adi/RosProjects/install/my_robot_interfaces/lib/python3.12/site-packages/my_robot_interfaces/my_robot_interfaces_s__rosidl_typesupport_fastrtps_c.so
-- Symlinking: /home/adi/RosProjects/install/my_robot_interfaces/lib/python3.12/site-packages/my_robot_interfaces/my_robot_interfaces_s__rosidl_typesupport_introspection_c.so
-- Symlinking: /home/adi/RosProjects/install/my_robot_interfaces/lib/python3.12/site-packages/my_robot_interfaces/srv/__init__.py
-- Symlinking: /home/adi/RosProjects/install/my_robot_interfaces/lib/python3.12/site-packages/my_robot_interfaces/srv/_compute_rectangle_area.py
-- Symlinking: /home/adi/RosProjects/install/my_robot_interfaces/lib/python3.12/site-packages/my_robot_interfaces/srv/_compute_rectangle_area_s.c
-- Symlinking: /home/adi/RosProjects/install/my_robot_interfaces/lib/python3.12/site-packages/my_robot_interfaces/srv/_set_led_status.py
-- Symlinking: /home/adi/RosProjects/install/my_robot_interfaces/lib/python3.12/site-packages/my_robot_interfaces/srv/_set_led_status_s.c
-- Symlinking: /home/adi/RosProjects/install/my_robot_interfaces/lib/python3.12/site-packages/my_robot_interfaces/srv/_spawn_turtle.py
-- Symlinking: /home/adi/RosProjects/install/my_robot_interfaces/lib/python3.12/site-packages/my_robot_interfaces/srv/_spawn_turtle_s.c
-- Up-to-date symlink: /home/adi/RosProjects/install/my_robot_interfaces/lib/python3.12/site-packages/my_robot_interfaces/my_robot_interfaces_s__rosidl_typesupport_fastrtps_c.so
-- Up-to-date symlink: /home/adi/RosProjects/install/my_robot_interfaces/lib/python3.12/site-packages/my_robot_interfaces/my_robot_interfaces_s__rosidl_typesupport_introspection_c.so
-- Up-to-date symlink: /home/adi/RosProjects/install/my_robot_interfaces/lib/python3.12/site-packages/my_robot_interfaces/my_robot_interfaces_s__rosidl_typesupport_c.so
-- Symlinking: /home/adi/RosProjects/install/my_robot_interfaces/share/my_robot_interfaces/msg/HardwareStatus.idl
-- Symlinking: /home/adi/RosProjects/install/my_robot_interfaces/share/my_robot_interfaces/srv/ComputeRectangleArea.idl
-- Symlinking: /home/adi/RosProjects/install/my_robot_interfaces/share/my_robot_interfaces/msg/BatteryStatus.idl
-- Symlinking: /home/adi/RosProjects/install/my_robot_interfaces/share/my_robot_interfaces/srv/SetLedStatus.idl
-- Symlinking: /home/adi/RosProjects/install/my_robot_interfaces/share/my_robot_interfaces/action/PredatorMovement.idl
-- Symlinking: /home/adi/RosProjects/install/my_robot_interfaces/share/my_robot_interfaces/srv/SpawnTurtle.idl
-- Symlinking: /home/adi/RosProjects/install/my_robot_interfaces/share/my_robot_interfaces/msg/HardwareStatus.msg
-- Symlinking: /home/adi/RosProjects/install/my_robot_interfaces/share/my_robot_interfaces/srv/ComputeRectangleArea.srv
-- Symlinking: /home/adi/RosProjects/install/my_robot_interfaces/share/my_robot_interfaces/msg/BatteryStatus.msg
-- Symlinking: /home/adi/RosProjects/install/my_robot_interfaces/share/my_robot_interfaces/srv/SetLedStatus.srv
-- Symlinking: /home/adi/RosProjects/install/my_robot_interfaces/share/my_robot_interfaces/action/PredatorMovement.action
-- Symlinking: /home/adi/RosProjects/install/my_robot_interfaces/share/my_robot_interfaces/srv/SpawnTurtle.srv
-- Symlinking: /home/adi/RosProjects/install/my_robot_interfaces/share/ament_index/resource_index/package_run_dependencies/my_robot_interfaces
-- Symlinking: /home/adi/RosProjects/install/my_robot_interfaces/share/ament_index/resource_index/parent_prefix_path/my_robot_interfaces
-- Symlinking: /home/adi/RosProjects/install/my_robot_interfaces/share/my_robot_interfaces/environment/ament_prefix_path.sh
-- Symlinking: /home/adi/RosProjects/install/my_robot_interfaces/share/my_robot_interfaces/environment/ament_prefix_path.dsv
-- Symlinking: /home/adi/RosProjects/install/my_robot_interfaces/share/my_robot_interfaces/environment/path.sh
-- Symlinking: /home/adi/RosProjects/install/my_robot_interfaces/share/my_robot_interfaces/environment/path.dsv
-- Symlinking: /home/adi/RosProjects/install/my_robot_interfaces/share/my_robot_interfaces/local_setup.bash
-- Symlinking: /home/adi/RosProjects/install/my_robot_interfaces/share/my_robot_interfaces/local_setup.sh
-- Symlinking: /home/adi/RosProjects/install/my_robot_interfaces/share/my_robot_interfaces/local_setup.zsh
-- Symlinking: /home/adi/RosProjects/install/my_robot_interfaces/share/my_robot_interfaces/local_setup.dsv
-- Symlinking: /home/adi/RosProjects/install/my_robot_interfaces/share/my_robot_interfaces/package.dsv
-- Symlinking: /home/adi/RosProjects/install/my_robot_interfaces/share/ament_index/resource_index/packages/my_robot_interfaces
-- Symlinking: /home/adi/RosProjects/install/my_robot_interfaces/share/my_robot_interfaces/cmake/rosidl_cmake-extras.cmake
-- Symlinking: /home/adi/RosProjects/install/my_robot_interfaces/share/my_robot_interfaces/cmake/ament_cmake_export_dependencies-extras.cmake
-- Symlinking: /home/adi/RosProjects/install/my_robot_interfaces/share/my_robot_interfaces/cmake/ament_cmake_export_include_directories-extras.cmake
-- Symlinking: /home/adi/RosProjects/install/my_robot_interfaces/share/my_robot_interfaces/cmake/ament_cmake_export_libraries-extras.cmake
-- Symlinking: /home/adi/RosProjects/install/my_robot_interfaces/share/my_robot_interfaces/cmake/ament_cmake_export_targets-extras.cmake
-- Symlinking: /home/adi/RosProjects/install/my_robot_interfaces/share/my_robot_interfaces/cmake/rosidl_cmake_export_typesupport_targets-extras.cmake
-- Symlinking: /home/adi/RosProjects/install/my_robot_interfaces/share/my_robot_interfaces/cmake/rosidl_cmake_export_typesupport_libraries-extras.cmake
-- Symlinking: /home/adi/RosProjects/install/my_robot_interfaces/share/my_robot_interfaces/cmake/my_robot_interfacesConfig.cmake
-- Symlinking: /home/adi/RosProjects/install/my_robot_interfaces/share/my_robot_interfaces/cmake/my_robot_interfacesConfig-version.cmake
-- Symlinking: /home/adi/RosProjects/install/my_robot_interfaces/share/my_robot_interfaces/package.xml
-- Installing: /home/adi/RosProjects/install/my_robot_interfaces/lib/libmy_robot_interfaces__rosidl_generator_c.so
-- Set non-toolchain portion of runtime path of "/home/adi/RosProjects/install/my_robot_interfaces/lib/libmy_robot_interfaces__rosidl_generator_c.so" to ""
-- Installing: /home/adi/RosProjects/install/my_robot_interfaces/lib/libmy_robot_interfaces__rosidl_typesupport_fastrtps_c.so
-- Set non-toolchain portion of runtime path of "/home/adi/RosProjects/install/my_robot_interfaces/lib/libmy_robot_interfaces__rosidl_typesupport_fastrtps_c.so" to ""
-- Installing: /home/adi/RosProjects/install/my_robot_interfaces/lib/libmy_robot_interfaces__rosidl_typesupport_introspection_c.so
-- Set non-toolchain portion of runtime path of "/home/adi/RosProjects/install/my_robot_interfaces/lib/libmy_robot_interfaces__rosidl_typesupport_introspection_c.so" to ""
-- Installing: /home/adi/RosProjects/install/my_robot_interfaces/lib/libmy_robot_interfaces__rosidl_typesupport_c.so
-- Set non-toolchain portion of runtime path of "/home/adi/RosProjects/install/my_robot_interfaces/lib/libmy_robot_interfaces__rosidl_typesupport_c.so" to ""
-- Installing: /home/adi/RosProjects/install/my_robot_interfaces/lib/libmy_robot_interfaces__rosidl_typesupport_fastrtps_cpp.so
-- Set non-toolchain portion of runtime path of "/home/adi/RosProjects/install/my_robot_interfaces/lib/libmy_robot_interfaces__rosidl_typesupport_fastrtps_cpp.so" to ""
-- Installing: /home/adi/RosProjects/install/my_robot_interfaces/lib/libmy_robot_interfaces__rosidl_typesupport_introspection_cpp.so
-- Set non-toolchain portion of runtime path of "/home/adi/RosProjects/install/my_robot_interfaces/lib/libmy_robot_interfaces__rosidl_typesupport_introspection_cpp.so" to ""
-- Installing: /home/adi/RosProjects/install/my_robot_interfaces/lib/libmy_robot_interfaces__rosidl_typesupport_cpp.so
-- Set non-toolchain portion of runtime path of "/home/adi/RosProjects/install/my_robot_interfaces/lib/libmy_robot_interfaces__rosidl_typesupport_cpp.so" to ""
Listing '/home/adi/RosProjects/install/my_robot_interfaces/lib/python3.12/site-packages/my_robot_interfaces'...
Compiling '/home/adi/RosProjects/install/my_robot_interfaces/lib/python3.12/site-packages/my_robot_interfaces/__init__.py'...
Listing '/home/adi/RosProjects/install/my_robot_interfaces/lib/python3.12/site-packages/my_robot_interfaces/action'...
Compiling '/home/adi/RosProjects/install/my_robot_interfaces/lib/python3.12/site-packages/my_robot_interfaces/action/__init__.py'...
Compiling '/home/adi/RosProjects/install/my_robot_interfaces/lib/python3.12/site-packages/my_robot_interfaces/action/_predator_movement.py'...
Listing '/home/adi/RosProjects/install/my_robot_interfaces/lib/python3.12/site-packages/my_robot_interfaces/msg'...
Compiling '/home/adi/RosProjects/install/my_robot_interfaces/lib/python3.12/site-packages/my_robot_interfaces/msg/__init__.py'...
Compiling '/home/adi/RosProjects/install/my_robot_interfaces/lib/python3.12/site-packages/my_robot_interfaces/msg/_battery_status.py'...
Compiling '/home/adi/RosProjects/install/my_robot_interfaces/lib/python3.12/site-packages/my_robot_interfaces/msg/_hardware_status.py'...
Listing '/home/adi/RosProjects/install/my_robot_interfaces/lib/python3.12/site-packages/my_robot_interfaces/srv'...
Compiling '/home/adi/RosProjects/install/my_robot_interfaces/lib/python3.12/site-packages/my_robot_interfaces/srv/__init__.py'...
Compiling '/home/adi/RosProjects/install/my_robot_interfaces/lib/python3.12/site-packages/my_robot_interfaces/srv/_compute_rectangle_area.py'...
Compiling '/home/adi/RosProjects/install/my_robot_interfaces/lib/python3.12/site-packages/my_robot_interfaces/srv/_set_led_status.py'...
Compiling '/home/adi/RosProjects/install/my_robot_interfaces/lib/python3.12/site-packages/my_robot_interfaces/srv/_spawn_turtle.py'...
-- Installing: /home/adi/RosProjects/install/my_robot_interfaces/lib/libmy_robot_interfaces__rosidl_generator_py.so
-- Set non-toolchain portion of runtime path of "/home/adi/RosProjects/install/my_robot_interfaces/lib/libmy_robot_interfaces__rosidl_generator_py.so" to ""
-- Installing: /home/adi/RosProjects/install/my_robot_interfaces/share/my_robot_interfaces/cmake/export_my_robot_interfaces__rosidl_generator_cExport.cmake
-- Installing: /home/adi/RosProjects/install/my_robot_interfaces/share/my_robot_interfaces/cmake/export_my_robot_interfaces__rosidl_generator_cExport-noconfig.cmake
-- Installing: /home/adi/RosProjects/install/my_robot_interfaces/share/my_robot_interfaces/cmake/export_my_robot_interfaces__rosidl_typesupport_fastrtps_cExport.cmake
-- Installing: /home/adi/RosProjects/install/my_robot_interfaces/share/my_robot_interfaces/cmake/export_my_robot_interfaces__rosidl_typesupport_fastrtps_cExport-noconfig.cmake
-- Installing: /home/adi/RosProjects/install/my_robot_interfaces/share/my_robot_interfaces/cmake/my_robot_interfaces__rosidl_typesupport_introspection_cExport.cmake
-- Installing: /home/adi/RosProjects/install/my_robot_interfaces/share/my_robot_interfaces/cmake/my_robot_interfaces__rosidl_typesupport_introspection_cExport-noconfig.cmake
-- Installing: /home/adi/RosProjects/install/my_robot_interfaces/share/my_robot_interfaces/cmake/my_robot_interfaces__rosidl_typesupport_cExport.cmake
-- Installing: /home/adi/RosProjects/install/my_robot_interfaces/share/my_robot_interfaces/cmake/my_robot_interfaces__rosidl_typesupport_cExport-noconfig.cmake
-- Installing: /home/adi/RosProjects/install/my_robot_interfaces/share/my_robot_interfaces/cmake/export_my_robot_interfaces__rosidl_generator_cppExport.cmake
-- Installing: /home/adi/RosProjects/install/my_robot_interfaces/share/my_robot_interfaces/cmake/export_my_robot_interfaces__rosidl_typesupport_fastrtps_cppExport.cmake
-- Installing: /home/adi/RosProjects/install/my_robot_interfaces/share/my_robot_interfaces/cmake/export_my_robot_interfaces__rosidl_typesupport_fastrtps_cppExport-noconfig.cmake
-- Installing: /home/adi/RosProjects/install/my_robot_interfaces/share/my_robot_interfaces/cmake/my_robot_interfaces__rosidl_typesupport_introspection_cppExport.cmake
-- Installing: /home/adi/RosProjects/install/my_robot_interfaces/share/my_robot_interfaces/cmake/my_robot_interfaces__rosidl_typesupport_introspection_cppExport-noconfig.cmake
-- Installing: /home/adi/RosProjects/install/my_robot_interfaces/share/my_robot_interfaces/cmake/my_robot_interfaces__rosidl_typesupport_cppExport.cmake
-- Installing: /home/adi/RosProjects/install/my_robot_interfaces/share/my_robot_interfaces/cmake/my_robot_interfaces__rosidl_typesupport_cppExport-noconfig.cmake
-- Installing: /home/adi/RosProjects/install/my_robot_interfaces/share/my_robot_interfaces/cmake/export_my_robot_interfaces__rosidl_generator_pyExport.cmake
-- Installing: /home/adi/RosProjects/install/my_robot_interfaces/share/my_robot_interfaces/cmake/export_my_robot_interfaces__rosidl_generator_pyExport-noconfig.cmake
