-- The C compiler identification is GNU 13.3.0
-- The CXX compiler identification is GNU 13.3.0
-- Detecting C compiler ABI info
-- Detecting C compiler ABI info - done
-- Check for working C compiler: /usr/bin/cc - skipped
-- Detecting C compile features
-- Detecting C compile features - done
-- Detecting CXX compiler ABI info
-- Detecting CXX compiler ABI info - done
-- Check for working CXX compiler: /usr/bin/c++ - skipped
-- Detecting CXX compile features
-- Detecting CXX compile features - done
-- Found ament_cmake: 2.5.4 (/opt/ros/jazzy/share/ament_cmake/cmake)
-- Found Python3: /usr/bin/python3 (found version "3.12.3") found components: Interpreter 
-- Override CMake install command with custom implementation using symlinks instead of copying resources
-- Configuring done (1.3s)
-- Generating done (0.0s)
-- Build files have been written to: /home/adi/RosProjects/build/my_robot_bringup
-- Install configuration: ""
-- Execute custom install script
-- Symlinking: /home/adi/RosProjects/install/my_robot_bringup/share/my_robot_bringup/launch/my_robohand_gazebo.launch.xml
-- Symlinking: /home/adi/RosProjects/install/my_robot_bringup/share/my_robot_bringup/launch/my_robot_gazebo.launch.xml
-- Symlinking: /home/adi/RosProjects/install/my_robot_bringup/share/my_robot_bringup/launch/number_app.launch.py
-- Symlinking: /home/adi/RosProjects/install/my_robot_bringup/share/my_robot_bringup/launch/number_app.launch.xml
-- Symlinking: /home/adi/RosProjects/install/my_robot_bringup/share/my_robot_bringup/launch/number_app_from_python.launch.xml
-- Symlinking: /home/adi/RosProjects/install/my_robot_bringup/share/my_robot_bringup/launch/robot_news_station.launch.xml
-- Symlinking: /home/adi/RosProjects/install/my_robot_bringup/share/my_robot_bringup/config/all_stations.yaml
-- Symlinking: /home/adi/RosProjects/install/my_robot_bringup/share/my_robot_bringup/config/bb8.yaml
-- Symlinking: /home/adi/RosProjects/install/my_robot_bringup/share/my_robot_bringup/config/cp30.yaml
-- Symlinking: /home/adi/RosProjects/install/my_robot_bringup/share/my_robot_bringup/config/daneel.yaml
-- Symlinking: /home/adi/RosProjects/install/my_robot_bringup/share/my_robot_bringup/config/gazebo_bridge.yaml
-- Symlinking: /home/adi/RosProjects/install/my_robot_bringup/share/my_robot_bringup/config/gazebo_bridge_robohand.yaml
-- Symlinking: /home/adi/RosProjects/install/my_robot_bringup/share/my_robot_bringup/config/giskard.yaml
-- Symlinking: /home/adi/RosProjects/install/my_robot_bringup/share/my_robot_bringup/config/lander.yaml
-- Symlinking: /home/adi/RosProjects/install/my_robot_bringup/share/my_robot_bringup/config/number_app.yaml
-- Symlinking: /home/adi/RosProjects/install/my_robot_bringup/share/my_robot_bringup/worlds/test_world.sdf
-- Symlinking: /home/adi/RosProjects/install/my_robot_bringup/share/ament_index/resource_index/package_run_dependencies/my_robot_bringup
-- Symlinking: /home/adi/RosProjects/install/my_robot_bringup/share/ament_index/resource_index/parent_prefix_path/my_robot_bringup
-- Symlinking: /home/adi/RosProjects/install/my_robot_bringup/share/my_robot_bringup/environment/ament_prefix_path.sh
-- Symlinking: /home/adi/RosProjects/install/my_robot_bringup/share/my_robot_bringup/environment/ament_prefix_path.dsv
-- Symlinking: /home/adi/RosProjects/install/my_robot_bringup/share/my_robot_bringup/environment/path.sh
-- Symlinking: /home/adi/RosProjects/install/my_robot_bringup/share/my_robot_bringup/environment/path.dsv
-- Symlinking: /home/adi/RosProjects/install/my_robot_bringup/share/my_robot_bringup/local_setup.bash
-- Symlinking: /home/adi/RosProjects/install/my_robot_bringup/share/my_robot_bringup/local_setup.sh
-- Symlinking: /home/adi/RosProjects/install/my_robot_bringup/share/my_robot_bringup/local_setup.zsh
-- Symlinking: /home/adi/RosProjects/install/my_robot_bringup/share/my_robot_bringup/local_setup.dsv
-- Symlinking: /home/adi/RosProjects/install/my_robot_bringup/share/my_robot_bringup/package.dsv
-- Symlinking: /home/adi/RosProjects/install/my_robot_bringup/share/ament_index/resource_index/packages/my_robot_bringup
-- Symlinking: /home/adi/RosProjects/install/my_robot_bringup/share/my_robot_bringup/cmake/my_robot_bringupConfig.cmake
-- Symlinking: /home/adi/RosProjects/install/my_robot_bringup/share/my_robot_bringup/cmake/my_robot_bringupConfig-version.cmake
-- Symlinking: /home/adi/RosProjects/install/my_robot_bringup/share/my_robot_bringup/package.xml
